✔ four navigation labels preserve today recipes calendar and profile destinations (2.658404ms)
✔ profile keeps independent list review account data and privacy routes (2.52529ms)
✔ profile privacy entry opens the platform privacy statement on demand (1.420797ms)
✔ shared text and controls use body 16 touch 44 and button 48 (1.814338ms)
✔ replace dispatch is isolated from the dish detail tap (4.655579ms)
✔ dish detail tap and busy replacement obey the command boundary (1.4027ms)
✔ broken image retains the same dish name and a category placeholder (1.47769ms)
✔ changing image identity clears a previous failure without changing dish ownership (1.358955ms)
✔ dish duration metadata distinguishes explicitly unknown evidence (1.704158ms)
✔ dish duration metadata distinguishes verified evidence (1.421428ms)
✔ dish duration metadata distinguishes estimated evidence (1.351577ms)
✔ dish duration metadata distinguishes unreviewed verified claim evidence (1.210375ms)
✔ dish duration metadata distinguishes legacy without evidence evidence (1.2977ms)
✔ breakfast side placeholder resolves to food line art rather than the info fallback (2.936927ms)
✔ ingredient actions report source IDs without mutating business data (1.410038ms)
✔ busy ingredient row never emits editing or checked mutations (1.029627ms)
✔ composition summary exposes separate people and composition actions (1.637944ms)
✔ persistent feedback announces the result and emits only an available next action (1.628813ms)
✔ sheet optional restorefocus event drives an input focus property in a host harness after hiding (7.195303ms)
✔ busy sheet mask does not close or restore focus (1.181018ms)
✔ sheet reserves safe area and keyboard space while keeping the body scrollable (1.21834ms)
✔ sheet measures wrapped headers and footers before sizing its scroll body (1.61028ms)
✔ oversized chrome uses native whole-panel scrolling within the keyboard-visible viewport (1.364395ms)
✔ keyboard leaving 47px space requests native dismissal without exceeding that space (1.572918ms)
✔ keyboard leaving 10px space requests native dismissal without exceeding that space (1.223685ms)
✔ keyboard leaving 0px space requests native dismissal without exceeding that space (1.181668ms)
✔ sheet reduces its decorative margin before sacrificing a full primary hit target (1.197445ms)
✔ an explicitly zero-height window is not replaced by a fictitious default viewport (1.233937ms)
✔ failed native keyboard dismissal leaves a bounded panel and an honest instruction (1.244121ms)
✔ a queued sheet measurement cannot query a detached component (1.184389ms)
✔ reduced motion sets dish feedback and sheet dynamic durations to zero (2.992898ms)
✔ account B cannot read account A composition or motion preference (1.088091ms)
✔ optional preference read failure returns a safe view without overwriting unread settings (0.935635ms)
✔ an optional storage read failure does not abort hidden sheet attachment (1.540045ms)
✔ settings finishes loading recommendation preferences when local motion settings cannot be read (2.134322ms)
✔ preference snapshots cannot mutate persisted compositions and reject invalid values (0.517134ms)
✔ settings toggles motion separately from long-term recommendation preferences (1.287855ms)
✔ motion storage failure preserves the visible setting and announces an unsaved result (1.150897ms)
✔ settings reloads local motion preference when the account changes (1.605547ms)
✔ compact rows flow with long text and keep scalable body text and real hit areas (0.484292ms)
✔ compact-dish-row refreshes retained motion on visibility and account changes without reattachment (1.509478ms)
✔ compact-dish-row newly displayed content reads current motion preference (1.850534ms)
✔ action-feedback refreshes retained motion on visibility and account changes without reattachment (1.282927ms)
✔ action-feedback newly displayed content reads current motion preference (1.019897ms)
✔ empty meal selections route to picking instead of disabled calendar saving (0.537855ms)
✔ help describes replace undo and existing legacy locks without offering keep (0.22735ms)
✔ summaryCountsRemainSourceCounts (14.451898ms)
✔ mixedUnitsNeverCoerce (1.428043ms)
✔ legacy source objects preserve dish name date and meal rather than saying manual (0.402003ms)
✔ same dish on different dates or meals has distinct stable group keys and starts collapsed (6.189621ms)
✔ summary checks only visible pending sources without reversing already purchased sources (5.116638ms)
✔ summary and source row identities survive filtering and use keys rather than render indices (0.511918ms)
✔ single-source quantity opens the real editor while a merged row only expands its editable sources (4.281933ms)
✔ unconfirmed check never moves or marks an item and success briefly displays bought before removing it (4.697056ms)
✔ bought then undo returns to the original row and scroll position using the receipt version (6.01671ms)
✔ createCheckUndo requires a successful homogeneous state transition and an authoritative newer version (0.744024ms)
✔ 409 undo refreshes without force-rebasing or reversing a newer shopper choice (5.036759ms)
✔ refresh invalidates an old undo and explains how to change purchased items back (4.061838ms)
✔ other-write invalidates an old undo and explains how to change purchased items back (5.028795ms)
✔ new-version invalidates an old undo and explains how to change purchased items back (3.964445ms)
✔ reduced motion commits and moves the row immediately without suppressing the success result (3.424464ms)
✔ unknownOutcomeReusesOriginalRequest across page reentry and a changed local version (4.918616ms)
✔ network failure keeps the inverse operation original and does not offer another undo (4.342128ms)
✔ a stale late receipt cannot replace a newer list or create a usable undo (3.556988ms)
✔ account changes reject late receipts and clear the previous owners transition feedback and undo (3.424129ms)
✔ the page only has pending and bought states and reuses compact rows and persistent action feedback (2.641748ms)
✔ cost UI and automatic capability or quote reads are hidden without deleting old expenses (4.924223ms)
✔ clear checked confirms the exact source count and leaves calendar recipe and actual records outside the write (4.964219ms)
✔ clear all confirms the exact source count and leaves calendar recipe and actual records outside the write (2.432079ms)
✔ manual notes remain visible in source details and a dish-source detail button expands that item only (2.961195ms)
✔ a second concurrent check cannot run until the first receipt arrives (3.326834ms)
✔ an unusable check receipt keeps the original request pending and never manufactures success or undo (3.527245ms)
✔ a clear confirmation cannot silently authorize a changed count or another account (2.058307ms)
✔ undo from purchased view restores its prior purchased state rather than assuming unchecked (2.855411ms)
✔ display-only merges never expand the itemIds or origins of individual by-dish rows (0.182468ms)
✔ undo rejects an unversioned prior list rather than assuming that any new receipt is safe (0.141611ms)
✔ compact wrapper adds no vertical padding around the 52px ingredient row (0.162037ms)
✔ explicit failed receipts never mark success even when they carry a newer snapshot (3.100374ms)
✔ a refresh begun before a successful check cannot rewind the confirmed list or cache (3.102791ms)
✔ folded dish source headers use an existing icon rather than the unknown-icon fallback (0.161994ms)
✔ visible draft retry preserves newer confirmed state for forward checks (4.045483ms)
✔ visible draft retry preserves newer confirmed state for inverse checks (4.369569ms)
✔ visible draft retry retains the original operation after failed receipt (4.388676ms)
✔ visible draft retry retains the original operation after missingList receipt (3.485881ms)
✔ visible draft retry retains the original operation after null receipt (3.916827ms)
✔ visible draft retry retains the original operation after missingVersion receipt (3.721189ms)
✔ visible draft retry retains the original operation after oldVersion receipt (8.729738ms)
✔ visible draft retry retains the original operation after wrongCheckedState receipt (2.736578ms)
✔ visible draft retry retains the original operation after missingItem receipt (3.526025ms)
✔ merged quantity remains unknown after overflow even when later sources are small (0.248529ms)
✔ failed inverse replay retains the exact inverse request and purchased state (3.726233ms)
✔ direct inverse rejects missing checked state (3.341326ms)
✔ replayed inverse rejects missing checked state (3.938359ms)
✔ direct inverse rejects null checked state (4.563592ms)
✔ replayed inverse rejects null checked state (4.395532ms)
✔ direct inverse rejects string checked state (3.828829ms)
✔ replayed inverse rejects string checked state (4.865267ms)
✔ direct inverse rejects number checked state (4.143795ms)
✔ replayed inverse rejects number checked state (3.63864ms)
✔ undo construction requires explicit boolean before and after states (0.190695ms)
✔ original check survives unload before {"isNetworkError":true} and exact reentry replay (3.556746ms)
✔ original check survives unload before {"statusCode":503} and exact reentry replay (3.358068ms)
✔ HTTP 500 keeps original shopping request unknown (3.148265ms)
✔ HTTP 502 keeps original shopping request unknown (2.838935ms)
✔ HTTP 503 keeps original shopping request unknown (2.539992ms)
✔ HTTP 504 keeps original shopping request unknown (2.53997ms)
✔ inverse check is durable before unload and keeps restore context through replay (4.309448ms)
✔ pending original remains in account A when account switches before rejection (2.289603ms)
✔ late direct completion cannot retire or apply over a replacement journal request (4.91112ms)
✔ late journal replay cannot remove the replacement that shares its operation ID (2.103436ms)
✔ manual journals immutable original before boundary dispatch (3.35167ms)
✔ patch journals immutable original before boundary dispatch (3.163619ms)
✔ delete journals immutable original before boundary dispatch (3.48891ms)
✔ clear journals immutable original before boundary dispatch (3.918399ms)
✔ storage failure prevents shopping dispatch (2.382198ms)
✔ explicit terminal rejection removes only original request and permits fresh corrected intent (2.304566ms)
✔ late replay conflict cannot mark the replacement as conflicted (1.953155ms)
✔ retry HTTP 401 cannot resolve an earlier uncertain shopping request (2.559015ms)
✔ retry HTTP 403 cannot resolve an earlier uncertain shopping request (2.322575ms)
✔ retry HTTP 408 cannot resolve an earlier uncertain shopping request (2.962055ms)
✔ retry HTTP 429 cannot resolve an earlier uncertain shopping request (2.579191ms)
✔ an older malformed check receipt cannot acknowledge the durable original request (2.446008ms)
✔ unloaded inverse recovers via original journal replay with no duplicate inverse intent (6.475449ms)
✔ read-only initial quantities and unknown source counts permit one-page confirmation (14.673802ms)
✔ home ingredients only leave this payload; success stays readable and cannot resubmit (2.984831ms)
✔ old receipt counts stay unknown (3.583369ms)
✔ unknownOutcomeReusesOriginalRequest across unload and return with edits frozen (5.475904ms)
✔ 409 preserves edits and reconfirms against latest checked list (4.054053ms)
✔ people change explains replacement first; missing servings retain original unknown text (2.751815ms)
✔ unreliable receipt cannot clear original payload or report success null (2.056921ms)
✔ unreliable receipt cannot clear original payload or report success {"success":false,"list":{"version":3,"dishes":[]}} (1.749011ms)
✔ unreliable receipt cannot clear original payload or report success {"list":{"version":2,"dishes":[]}} (1.871661ms)
✔ unreliable receipt cannot clear original payload or report success {"list":{"dishes":[]}} (2.310148ms)
✔ older valid replay acknowledges without rewinding newer cache (1.916487ms)
✔ compact summary and by-dish use the same source counts without auto inputs (2.395027ms)
✔ returning before submission restores editable preparation without loading forever (4.976763ms)
✔ late receipt after account change never writes or reports success (4.388774ms)
✔ a server timeout retains the original immutable request (2.453372ms)
✔ new selection is retained while an older unknown confirmation resolves (3.437534ms)
✔ partial or invalid receipt counts never invent numeric success (0.308734ms)
✔ source row editing stays attached after an earlier dish becomes empty (2.189503ms)
✔ verified public CALCULATED previews are not unknown; mixed/range/unit rows remain honest (2.295715ms)
✔ actual confirmed draft discard frees preparation for a new selection without resurrection (12.406274ms)
✔ actual successful draft replay retires its preparation snapshot and accepts a new selection (7.073545ms)
✔ actual conflict reconfirmation replaces preparation request and retains edits for unknown retry (7.103217ms)
✔ missing journal entry alone never certifies a pending preparation was discarded (8.277939ms)
✔ a still-mounted preparation cannot resurrect an explicitly discarded draft on unload or retry (5.781727ms)
✔ retired mounted page cannot overwrite a later new preparation on unload (5.921511ms)
✔ queued new selection survives old preparation retirement (6.286831ms)
✔ late failed confirmation cannot resurrect a confirmed discarded preparation {"statusCode":409} (5.072807ms)
✔ late failed confirmation cannot resurrect a confirmed discarded preparation {"statusCode":400} (9.496227ms)
✔ late failed confirmation cannot resurrect a confirmed discarded preparation {"isNetworkError":true} (8.392443ms)
✔ late conflict cannot clear an externally reconfirmed replacement request (3.585775ms)
✔ late terminal error cannot overwrite a newer preparation after successful draft replay (4.854198ms)
✔ hidden price page does not start capability or quote work after a list mutation or account change (15.186848ms)
✔ retained capability cache never publishes a late account A response into account B (2.513244ms)
✔ draft replay stops at conflict and preserves later operations in order (7.577039ms)
✔ successful replay removes only acknowledged drafts and saves authoritative list (1.523575ms)
✔ real shopping name-only edit sends no prefilled quantity and preserves both warnings through cache reentry (22.241731ms)
✔ actively confirming the identical prefilled quantity sends a quantity patch and removes warnings in both cached views (9.180901ms)
✔ failed quantity confirmation retains typed input and intent for an identical-key retry (10.250032ms)
✔ cancel never edits a list and reopening does not inherit an abandoned quantity confirmation (2.775489ms)
✔ name-only edits preserve CALCULATED quantity compatibility (7.042226ms)
✔ name-only edits preserve USER_OVERRIDE quantity compatibility (3.49635ms)
✔ manual add keeps explicit quantity and note fields (2.890115ms)
✔ new metadata-only drafts preserve old pending payloads and retain their own original key/version on retry (3.211665ms)
✔ purchase row references the same single expense while details are collapsed (2.803895ms)
ℹ tests 167
ℹ suites 0
ℹ pass 167
ℹ fail 0
ℹ cancelled 0
ℹ skipped 0
ℹ todo 0
ℹ duration_ms 416.51333
