✔ four navigation labels preserve today recipes calendar and profile destinations (1.804285ms)
✔ profile keeps independent list review account data and privacy routes (2.158234ms)
✔ profile privacy entry opens the platform privacy statement on demand (1.119088ms)
✔ shared text and controls use body 16 touch 44 and button 48 (1.068257ms)
✔ replace dispatch is isolated from the dish detail tap (3.370389ms)
✔ dish detail tap and busy replacement obey the command boundary (0.956011ms)
✔ broken image retains the same dish name and a category placeholder (1.069076ms)
✔ changing image identity clears a previous failure without changing dish ownership (1.19362ms)
✔ dish duration metadata distinguishes explicitly unknown evidence (1.025814ms)
✔ dish duration metadata distinguishes verified evidence (1.198971ms)
✔ dish duration metadata distinguishes estimated evidence (1.494118ms)
✔ dish duration metadata distinguishes unreviewed verified claim evidence (0.855316ms)
✔ dish duration metadata distinguishes legacy without evidence evidence (0.986097ms)
✔ breakfast side placeholder resolves to food line art rather than the info fallback (2.111624ms)
✔ ingredient actions report source IDs without mutating business data (1.004431ms)
✔ busy ingredient row never emits editing or checked mutations (0.700409ms)
✔ composition summary exposes separate people and composition actions (0.844804ms)
✔ persistent feedback announces the result and emits only an available next action (1.57106ms)
✔ sheet optional restorefocus event drives an input focus property in a host harness after hiding (2.177579ms)
✔ busy sheet mask does not close or restore focus (0.746255ms)
✔ sheet reserves safe area and keyboard space while keeping the body scrollable (2.425826ms)
✔ sheet measures wrapped headers and footers before sizing its scroll body (0.954064ms)
✔ oversized chrome uses native whole-panel scrolling within the keyboard-visible viewport (1.038748ms)
✔ keyboard leaving 47px space requests native dismissal without exceeding that space (1.172988ms)
✔ keyboard leaving 10px space requests native dismissal without exceeding that space (1.380803ms)
✔ keyboard leaving 0px space requests native dismissal without exceeding that space (0.707062ms)
✔ sheet reduces its decorative margin before sacrificing a full primary hit target (0.994987ms)
✔ an explicitly zero-height window is not replaced by a fictitious default viewport (0.989316ms)
✔ failed native keyboard dismissal leaves a bounded panel and an honest instruction (1.343677ms)
✔ a queued sheet measurement cannot query a detached component (0.766029ms)
✔ reduced motion sets dish feedback and sheet dynamic durations to zero (2.501176ms)
✔ account B cannot read account A composition or motion preference (0.55542ms)
✔ optional preference read failure returns a safe view without overwriting unread settings (0.815031ms)
✔ an optional storage read failure does not abort hidden sheet attachment (1.298696ms)
✔ settings finishes loading recommendation preferences when local motion settings cannot be read (1.454993ms)
✔ preference snapshots cannot mutate persisted compositions and reject invalid values (0.432783ms)
✔ settings toggles motion separately from long-term recommendation preferences (0.951931ms)
✔ motion storage failure preserves the visible setting and announces an unsaved result (1.241866ms)
✔ settings reloads local motion preference when the account changes (1.1441ms)
✔ compact rows flow with long text and keep scalable body text and real hit areas (0.380012ms)
✖ compact-dish-row refreshes retained motion on visibility and account changes without reattachment (1.612013ms)
✖ compact-dish-row newly displayed content reads current motion preference (0.995241ms)
✖ action-feedback refreshes retained motion on visibility and account changes without reattachment (1.093851ms)
✖ action-feedback newly displayed content reads current motion preference (0.940755ms)
✔ summaryCountsRemainSourceCounts (9.712964ms)
✔ mixedUnitsNeverCoerce (1.059105ms)
✔ legacy source objects preserve dish name date and meal rather than saying manual (0.32925ms)
✔ same dish on different dates or meals has distinct stable group keys and starts collapsed (2.762409ms)
✔ summary checks only visible pending sources without reversing already purchased sources (7.126411ms)
✔ summary and source row identities survive filtering and use keys rather than render indices (0.592067ms)
✔ single-source quantity opens the real editor while a merged row only expands its editable sources (2.392463ms)
✔ unconfirmed check never moves or marks an item and success briefly displays bought before removing it (3.398585ms)
✔ bought then undo returns to the original row and scroll position using the receipt version (4.133721ms)
✔ createCheckUndo requires a successful homogeneous state transition and an authoritative newer version (0.514792ms)
✔ 409 undo refreshes without force-rebasing or reversing a newer shopper choice (5.365506ms)
✔ refresh invalidates an old undo and explains how to change purchased items back (3.679005ms)
✔ other-write invalidates an old undo and explains how to change purchased items back (3.799626ms)
✔ new-version invalidates an old undo and explains how to change purchased items back (3.167665ms)
✔ reduced motion commits and moves the row immediately without suppressing the success result (3.025673ms)
✔ unknownOutcomeReusesOriginalRequest across page reentry and a changed local version (7.336508ms)
✔ network failure keeps the inverse operation original and does not offer another undo (4.816821ms)
✔ a stale late receipt cannot replace a newer list or create a usable undo (3.556494ms)
✔ account changes reject late receipts and clear the previous owners transition feedback and undo (3.187795ms)
✔ the page only has pending and bought states and reuses compact rows and persistent action feedback (2.407478ms)
✔ cost UI and automatic capability or quote reads are hidden without deleting old expenses (2.670026ms)
✔ clear checked confirms the exact source count and leaves calendar recipe and actual records outside the write (4.885194ms)
✔ clear all confirms the exact source count and leaves calendar recipe and actual records outside the write (2.370375ms)
✔ manual notes remain visible in source details and a dish-source detail button expands that item only (2.70547ms)
✔ a second concurrent check cannot run until the first receipt arrives (2.967714ms)
✔ an unusable check receipt keeps the original request pending and never manufactures success or undo (2.556491ms)
✔ a clear confirmation cannot silently authorize a changed count or another account (2.009303ms)
✔ undo from purchased view restores its prior purchased state rather than assuming unchecked (2.862331ms)
✔ display-only merges never expand the itemIds or origins of individual by-dish rows (0.185694ms)
✔ undo rejects an unversioned prior list rather than assuming that any new receipt is safe (0.185508ms)
✔ compact wrapper adds no vertical padding around the 52px ingredient row (0.173543ms)
✔ explicit failed receipts never mark success even when they carry a newer snapshot (2.329009ms)
✔ a refresh begun before a successful check cannot rewind the confirmed list or cache (4.921992ms)
✔ folded dish source headers use an existing icon rather than the unknown-icon fallback (0.168783ms)
✔ visible draft retry preserves newer confirmed state for forward checks (3.893486ms)
✔ visible draft retry preserves newer confirmed state for inverse checks (4.456818ms)
✔ visible draft retry retains the original operation after failed receipt (5.028269ms)
✔ visible draft retry retains the original operation after missingList receipt (4.060751ms)
✔ visible draft retry retains the original operation after null receipt (4.647373ms)
✔ visible draft retry retains the original operation after missingVersion receipt (6.789587ms)
✔ visible draft retry retains the original operation after oldVersion receipt (3.51061ms)
✔ visible draft retry retains the original operation after wrongCheckedState receipt (2.933997ms)
✔ visible draft retry retains the original operation after missingItem receipt (3.053184ms)
✔ merged quantity remains unknown after overflow even when later sources are small (0.249053ms)
✔ failed inverse replay retains the exact inverse request and purchased state (3.873227ms)
✔ direct inverse rejects missing checked state (3.849724ms)
✔ replayed inverse rejects missing checked state (4.262781ms)
✔ direct inverse rejects null checked state (3.407356ms)
✔ replayed inverse rejects null checked state (4.071309ms)
✔ direct inverse rejects string checked state (4.173667ms)
✔ replayed inverse rejects string checked state (4.580002ms)
✔ direct inverse rejects number checked state (3.232857ms)
✔ replayed inverse rejects number checked state (3.698531ms)
✔ undo construction requires explicit boolean before and after states (0.263472ms)
✖ original check survives unload before {"isNetworkError":true} and exact reentry replay (3.464548ms)
✖ original check survives unload before {"statusCode":503} and exact reentry replay (3.667585ms)
✖ HTTP 500 keeps original shopping request unknown (2.39616ms)
✖ HTTP 502 keeps original shopping request unknown (2.544536ms)
✖ HTTP 503 keeps original shopping request unknown (2.427325ms)
✖ HTTP 504 keeps original shopping request unknown (2.462877ms)
✖ inverse check is durable before unload and keeps restore context through replay (3.413862ms)
✖ pending original remains in account A when account switches before rejection (2.981492ms)
✖ late direct completion cannot retire or apply over a replacement journal request (3.710812ms)
✖ late journal replay cannot remove the replacement that shares its operation ID (2.830557ms)
ℹ tests 108
ℹ suites 0
ℹ pass 94
ℹ fail 14
ℹ cancelled 0
ℹ skipped 0
ℹ todo 0
ℹ duration_ms 319.11149

✖ failing tests:

test at tests/experience-components.test.js:372:3
✖ compact-dish-row refreshes retained motion on visibility and account changes without reattachment (1.612013ms)
  AssertionError [ERR_ASSERTION]: Expected values to be strictly equal:

  180 !== 0

      at TestContext.<anonymous> (/workspace/scratch/cfdaa9512d5a/miniapp-experience-implementation-20261009/work/tests/experience-components.test.js:378:12)
      at Test.runInAsyncScope (node:async_hooks:227:14)
      at Test.run (node:internal/test_runner/test:1382:25)
      at Test.processPendingSubtests (node:internal/test_runner/test:960:18)
      at Test.postRun (node:internal/test_runner/test:1522:19)
      at Test.run (node:internal/test_runner/test:1447:12)
      at async Test.processPendingSubtests (node:internal/test_runner/test:960:7) {
    generatedMessage: true,
    code: 'ERR_ASSERTION',
    actual: 180,
    expected: 0,
    operator: 'strictEqual',
    diff: 'simple'
  }

test at tests/experience-components.test.js:388:3
✖ compact-dish-row newly displayed content reads current motion preference (0.995241ms)
  AssertionError [ERR_ASSERTION]: Expected values to be strictly equal:

  180 !== 0

      at TestContext.<anonymous> (/workspace/scratch/cfdaa9512d5a/miniapp-experience-implementation-20261009/work/tests/experience-components.test.js:395:12)
      at Test.runInAsyncScope (node:async_hooks:227:14)
      at Test.run (node:internal/test_runner/test:1382:25)
      at Test.processPendingSubtests (node:internal/test_runner/test:960:18)
      at Test.postRun (node:internal/test_runner/test:1522:19)
      at Test.run (node:internal/test_runner/test:1447:12)
      at async Test.processPendingSubtests (node:internal/test_runner/test:960:7) {
    generatedMessage: true,
    code: 'ERR_ASSERTION',
    actual: 180,
    expected: 0,
    operator: 'strictEqual',
    diff: 'simple'
  }

test at tests/experience-components.test.js:372:3
✖ action-feedback refreshes retained motion on visibility and account changes without reattachment (1.093851ms)
  AssertionError [ERR_ASSERTION]: Expected values to be strictly equal:

  180 !== 0

      at TestContext.<anonymous> (/workspace/scratch/cfdaa9512d5a/miniapp-experience-implementation-20261009/work/tests/experience-components.test.js:378:12)
      at Test.runInAsyncScope (node:async_hooks:227:14)
      at Test.run (node:internal/test_runner/test:1382:25)
      at Test.processPendingSubtests (node:internal/test_runner/test:960:18)
      at Test.postRun (node:internal/test_runner/test:1522:19)
      at Test.run (node:internal/test_runner/test:1447:12)
      at async Test.processPendingSubtests (node:internal/test_runner/test:960:7) {
    generatedMessage: true,
    code: 'ERR_ASSERTION',
    actual: 180,
    expected: 0,
    operator: 'strictEqual',
    diff: 'simple'
  }

test at tests/experience-components.test.js:388:3
✖ action-feedback newly displayed content reads current motion preference (0.940755ms)
  AssertionError [ERR_ASSERTION]: Expected values to be strictly equal:

  180 !== 0

      at TestContext.<anonymous> (/workspace/scratch/cfdaa9512d5a/miniapp-experience-implementation-20261009/work/tests/experience-components.test.js:395:12)
      at Test.runInAsyncScope (node:async_hooks:227:14)
      at Test.run (node:internal/test_runner/test:1382:25)
      at Test.processPendingSubtests (node:internal/test_runner/test:960:18)
      at Test.postRun (node:internal/test_runner/test:1522:19)
      at Test.run (node:internal/test_runner/test:1447:12)
      at async Test.processPendingSubtests (node:internal/test_runner/test:960:7) {
    generatedMessage: true,
    code: 'ERR_ASSERTION',
    actual: 180,
    expected: 0,
    operator: 'strictEqual',
    diff: 'simple'
  }

test at tests/experience-shopping-list.test.js:515:72
✖ original check survives unload before {"isNetworkError":true} and exact reentry replay (3.464548ms)
  AssertionError [ERR_ASSERTION]: journal must exist before response
  + actual - expected

  + null
  - {
  -   checked: true,
  -   expectedListVersion: 2,
  -   itemIds: [
  -     1
  -   ],
  -   requestId: 'check-1791586646214-693bb505b7f228'
  - }

      at TestContext.<anonymous> (/workspace/scratch/cfdaa9512d5a/miniapp-experience-implementation-20261009/work/tests/experience-shopping-list.test.js:520:10)
      at Test.runInAsyncScope (node:async_hooks:227:14)
      at Test.run (node:internal/test_runner/test:1382:25)
      at Test.processPendingSubtests (node:internal/test_runner/test:960:18)
      at Test.postRun (node:internal/test_runner/test:1522:19)
      at Test.run (node:internal/test_runner/test:1447:12)
      at async Test.processPendingSubtests (node:internal/test_runner/test:960:7) {
    generatedMessage: false,
    code: 'ERR_ASSERTION',
    actual: null,
    expected: { itemIds: [ 1 ], checked: true, expectedListVersion: 2, requestId: 'check-1791586646214-693bb505b7f228' },
    operator: 'deepStrictEqual',
    diff: 'simple'
  }

test at tests/experience-shopping-list.test.js:515:72
✖ original check survives unload before {"statusCode":503} and exact reentry replay (3.667585ms)
  AssertionError [ERR_ASSERTION]: journal must exist before response
  + actual - expected

  + null
  - {
  -   checked: true,
  -   expectedListVersion: 2,
  -   itemIds: [
  -     1
  -   ],
  -   requestId: 'check-1791586646218-ebbbc67a492258'
  - }

      at TestContext.<anonymous> (/workspace/scratch/cfdaa9512d5a/miniapp-experience-implementation-20261009/work/tests/experience-shopping-list.test.js:520:10)
      at Test.runInAsyncScope (node:async_hooks:227:14)
      at Test.run (node:internal/test_runner/test:1382:25)
      at Test.processPendingSubtests (node:internal/test_runner/test:960:18)
      at Test.postRun (node:internal/test_runner/test:1522:19)
      at Test.run (node:internal/test_runner/test:1447:12)
      at async Test.processPendingSubtests (node:internal/test_runner/test:960:7) {
    generatedMessage: false,
    code: 'ERR_ASSERTION',
    actual: null,
    expected: { itemIds: [ 1 ], checked: true, expectedListVersion: 2, requestId: 'check-1791586646218-ebbbc67a492258' },
    operator: 'deepStrictEqual',
    diff: 'simple'
  }

test at tests/experience-shopping-list.test.js:525:48
✖ HTTP 500 keeps original shopping request unknown (2.39616ms)
  AssertionError [ERR_ASSERTION]: Expected values to be strictly equal:

  'error' !== 'unknown'

      at TestContext.<anonymous> (/workspace/scratch/cfdaa9512d5a/miniapp-experience-implementation-20261009/work/tests/experience-shopping-list.test.js:528:10)
      at async Test.run (node:internal/test_runner/test:1389:7)
      at async Test.processPendingSubtests (node:internal/test_runner/test:960:7) {
    generatedMessage: true,
    code: 'ERR_ASSERTION',
    actual: 'error',
    expected: 'unknown',
    operator: 'strictEqual',
    diff: 'simple'
  }

test at tests/experience-shopping-list.test.js:525:48
✖ HTTP 502 keeps original shopping request unknown (2.544536ms)
  AssertionError [ERR_ASSERTION]: Expected values to be strictly equal:

  'error' !== 'unknown'

      at TestContext.<anonymous> (/workspace/scratch/cfdaa9512d5a/miniapp-experience-implementation-20261009/work/tests/experience-shopping-list.test.js:528:10)
      at async Test.run (node:internal/test_runner/test:1389:7)
      at async Test.processPendingSubtests (node:internal/test_runner/test:960:7) {
    generatedMessage: true,
    code: 'ERR_ASSERTION',
    actual: 'error',
    expected: 'unknown',
    operator: 'strictEqual',
    diff: 'simple'
  }

test at tests/experience-shopping-list.test.js:525:48
✖ HTTP 503 keeps original shopping request unknown (2.427325ms)
  AssertionError [ERR_ASSERTION]: Expected values to be strictly equal:

  'error' !== 'unknown'

      at TestContext.<anonymous> (/workspace/scratch/cfdaa9512d5a/miniapp-experience-implementation-20261009/work/tests/experience-shopping-list.test.js:528:10)
      at async Test.run (node:internal/test_runner/test:1389:7)
      at async Test.processPendingSubtests (node:internal/test_runner/test:960:7) {
    generatedMessage: true,
    code: 'ERR_ASSERTION',
    actual: 'error',
    expected: 'unknown',
    operator: 'strictEqual',
    diff: 'simple'
  }

test at tests/experience-shopping-list.test.js:525:48
✖ HTTP 504 keeps original shopping request unknown (2.462877ms)
  AssertionError [ERR_ASSERTION]: Expected values to be strictly equal:

  'error' !== 'unknown'

      at TestContext.<anonymous> (/workspace/scratch/cfdaa9512d5a/miniapp-experience-implementation-20261009/work/tests/experience-shopping-list.test.js:528:10)
      at async Test.run (node:internal/test_runner/test:1389:7)
      at async Test.processPendingSubtests (node:internal/test_runner/test:960:7) {
    generatedMessage: true,
    code: 'ERR_ASSERTION',
    actual: 'error',
    expected: 'unknown',
    operator: 'strictEqual',
    diff: 'simple'
  }

test at tests/experience-shopping-list.test.js:531:1
✖ inverse check is durable before unload and keeps restore context through replay (3.413862ms)
  AssertionError [ERR_ASSERTION]: Expected values to be strictly equal:
  + actual - expected

  + undefined
  - true

      at TestContext.<anonymous> (/workspace/scratch/cfdaa9512d5a/miniapp-experience-implementation-20261009/work/tests/experience-shopping-list.test.js:538:10)
      at async Test.run (node:internal/test_runner/test:1389:7)
      at async Test.processPendingSubtests (node:internal/test_runner/test:960:7) {
    generatedMessage: true,
    code: 'ERR_ASSERTION',
    actual: undefined,
    expected: true,
    operator: 'strictEqual',
    diff: 'simple'
  }

test at tests/experience-shopping-list.test.js:545:1
✖ pending original remains in account A when account switches before rejection (2.981492ms)
  AssertionError [ERR_ASSERTION]: Expected values to be strictly equal:

  0 !== 1

      at TestContext.<anonymous> (/workspace/scratch/cfdaa9512d5a/miniapp-experience-implementation-20261009/work/tests/experience-shopping-list.test.js:550:10)
      at async Test.run (node:internal/test_runner/test:1389:7)
      at async Test.processPendingSubtests (node:internal/test_runner/test:960:7) {
    generatedMessage: true,
    code: 'ERR_ASSERTION',
    actual: 0,
    expected: 1,
    operator: 'strictEqual',
    diff: 'simple'
  }

test at tests/experience-shopping-list.test.js:553:1
✖ late direct completion cannot retire or apply over a replacement journal request (3.710812ms)
  AssertionError [ERR_ASSERTION]: dispatched operation must be durable
      at TestContext.<anonymous> (/workspace/scratch/cfdaa9512d5a/miniapp-experience-implementation-20261009/work/tests/experience-shopping-list.test.js:558:10)
      at Test.runInAsyncScope (node:async_hooks:227:14)
      at Test.run (node:internal/test_runner/test:1382:25)
      at Test.processPendingSubtests (node:internal/test_runner/test:960:18)
      at Test.postRun (node:internal/test_runner/test:1522:19)
      at Test.run (node:internal/test_runner/test:1447:12)
      at async Test.processPendingSubtests (node:internal/test_runner/test:960:7) {
    generatedMessage: false,
    code: 'ERR_ASSERTION',
    actual: undefined,
    expected: true,
    operator: '==',
    diff: 'simple'
  }

test at tests/experience-shopping-list.test.js:566:1
✖ late journal replay cannot remove the replacement that shares its operation ID (2.830557ms)
  AssertionError [ERR_ASSERTION]: Expected values to be strictly deep-equal:
  + actual - expected

  + null
  - {
  -   createdAt: 1791586646242,
  -   operationId: 'op-1791586646242-33be29934eac78',
  -   payload: {
  -     checked: true,
  -     expectedListVersion: 9,
  -     itemIds: [
  -       1
  -     ],
  -     requestId: 'replacement'
  -   },
  -   type: 'check'
  - }

      at TestContext.<anonymous> (/workspace/scratch/cfdaa9512d5a/miniapp-experience-implementation-20261009/work/tests/experience-shopping-list.test.js:574:10)
      at async Test.run (node:internal/test_runner/test:1389:7)
      at async Test.processPendingSubtests (node:internal/test_runner/test:960:7) {
    generatedMessage: true,
    code: 'ERR_ASSERTION',
    actual: null,
    expected: { operationId: 'op-1791586646242-33be29934eac78', createdAt: 1791586646242, type: 'check', payload: { requestId: 'replacement', expectedListVersion: 9, itemIds: [Array], checked: true } },
    operator: 'deepStrictEqual',
    diff: 'simple'
  }
