✔ profile draft from A cannot be written to B even before onShow (4.174388ms)
✔ failed calendar read in B clears A meals and plan markers (3.451511ms)
✔ failed report read in B clears A report (2.265525ms)
✔ shopping retry retains original version until explicit conflict, resets on account change (5.85913ms)
✔ assistant settings replace the previous date/meal prefix and retain the typed requirement (3.118515ms)
✔ assistant confirmation dialogs cannot act for an account switched before confirm (6.942335ms)
✔ assistant shopping selection uses the verified plan for all source rows (2.661096ms)
✔ result dialogs discard their captured plan and pending date after account switch (2.240483ms)
✔ assistant calendar confirmation retains its idempotency key after unknown network result (1.774555ms)
✔ a delayed shopping write retry cannot use the next account token (11.082427ms)
✔ F02 HTTP success rejects old user identity (5.808274ms)
✔ F02 HTTP success rejects old missing user ID identity (1.156838ms)
✔ F02 HTTP success rejects old anonymous login identity (1.424794ms)
✔ F02 HTTP success rejects old logout identity (1.333207ms)
✔ F02 same-account token refresh retains successful results (2.184964ms)
✔ F02 same-account 401 refresh retries without deduplication deadlock (10.518189ms)
✔ late history list cannot appear after an account switch (3.202531ms)
✔ history is read-only and importing rereads the recipe version (1.539642ms)
✔ calendar detail re-entry recovers the original actual request despite a newer plan (19.066172ms)
✔ server summary is reviewed before exact token confirmation; saving does not mark actual (3.711185ms)
✔ cancelled modal never commits and a later explicit run can create a fresh preview (0.516851ms)
✔ unknown confirm recovers original durable task without a new preview or second modal (1.015772ms)
✔ partial failure reads original task then retries only its remaining server steps (1.477467ms)
✔ unknown preview queries original request before retrying the identical request (0.803514ms)
✔ account change during preview or modal discards callbacks and never commits (0.65865ms)
✔ double clicks share one run and disposed target cannot commit (0.412072ms)
✔ recovery never invents a replacement task when a known task temporarily disappears (0.884032ms)
✔ changing the target does not replace an unresolved task or confirm another meal (0.691427ms)
✔ a definitive preview rejection is retryable as a fresh preview, not stuck in recovery (2.917212ms)
✔ recovery can finish a definitively rejected preview after proving no original task exists (0.346001ms)
✔ restarting while confirmation is still in flight preserves an unknown outcome (0.262059ms)
✔ dish detail obtains quantities and procurement for the actual meal people (8.918842ms)
✔ every diet review read has a new transport request so a correction cannot reuse an older read (5.673866ms)
✔ report nonce leaves other GET deduplication and account checks intact (2.093462ms)
✔ empty actual report retains all six sections and pending plans with provenance (4.528324ms)
✔ actual record link retains both date and meal type (0.9419ms)
✔ mismatched server range is an error rather than showing the wrong report (1.212363ms)
✔ last requested period wins even if old response or error arrives late (1.916969ms)
✔ account change while response is pending prevents private report and navigation reuse (0.9965ms)
✔ daily bars use observed maximum and details preserve unknown names and source targets (1.347965ms)
✔ explicit weekly report anchor survives onShow and rejects impossible calendar dates (1.231391ms)
✔ page unload discards late report responses and classification absence is explicit (2.249198ms)
✔ unknown rejection still clears stale content and exposes a retryable read error (0.903927ms)
✔ detail addition preserves existing choices and binds exact workspace revision (9.274045ms)
✔ duplicate selection stays unique and maximum ten is enforced (0.778189ms)
✔ real matched result says replaced dish and exposes real history undo (3.00668ms)
✔ unknown original request has neither success nor an effective undo (1.16895ms)
✔ mismatched request or later unrelated revision cannot report success (0.477126ms)
✔ replacement only marks that row busy and keeps old dishes until receipt (33.347498ms)
✔ failure keeps original dishes and shows unknown request recovery (6.160078ms)
✔ undo restores the real menu snapshot and never rewrites a saved calendar plan (4.38089ms)
✔ legacyLocksStayVisibleUntilAtomicCommand (4.019086ms)
✔ more operations use a visible sheet and requirements hold the sole meal conversation entry (6.779121ms)
✔ late receipt cannot replace next account menu or feedback (7.224043ms)
✔ minimized command receipt recovery retains old menu until authoritative reread (4.574659ms)
✔ minimized replay returned by the original command endpoint cannot erase the menu (6.401105ms)
✔ offline authoritative read after a minimized replay preserves dishes and the original request (5.814697ms)
✔ queued static acknowledgement stays pending until its exact completed revision is read (0.334732ms)
✔ another command at the expected revision cannot impersonate the original task completion (0.560469ms)
✔ reopening a completed static task verifies its original task identity before showing success (5.473524ms)
✔ a confirmed stop preserves menu version and never claims an unknown outcome (0.18426ms)
✔ unknown command disables the visible menu undo and replacement controls (4.287629ms)
✔ conflict retains legacy locks and old dishes without issuing a separate unlock (3.466029ms)
✔ late same-account response cannot overwrite the newly opened meal revision (19.591293ms)
✔ a superseded read cannot mark the next meal synced during receipt verification (2.342564ms)
✔ generation limitation keeps manual selection, dish reading and calendar accessible (4.120593ms)
✔ continuing this meal keeps its edited requirements and gives visible next-step feedback (4.368771ms)
✔ assistant history shows the original meal before a read-only import handoff (25.479924ms)
✔ pre-update pending command recovers via receipt without changing its payload (5.200144ms)
✔ pre-update pending command recovers via receipt after an offline source read without changing its payload (2.714359ms)
✔ pre-update pending command recovers via replay without changing its payload (4.679809ms)
✔ pre-update pending command recovers via replay after an offline source read without changing its payload (3.805663ms)
✔ legacy recovery without a reliable before snapshot restores the source without inventing success or undo (6.948816ms)
✔ old verification resolve cannot overwrite a newer stop success (8.331968ms)
✔ old verification resolve cannot overwrite a newer stop pending (4.900101ms)
✔ old verification resolve cannot overwrite a newer stop unknown (9.003369ms)
✔ old verification reject cannot overwrite a newer stop success (13.927286ms)
✔ old verification reject cannot overwrite a newer stop pending (7.013857ms)
✔ old verification reject cannot overwrite a newer stop unknown (12.252163ms)
✔ a current transport verification failure remains recoverable without another command (10.20928ms)
✔ a current wrong-task verification failure remains recoverable without another command (7.686505ms)
✔ stale today continuation resolve cannot act after account switch (3.732795ms)
✔ stale today continuation reject cannot act after account switch (2.980655ms)
✔ stale today continuation resolve cannot act after target switch (3.806821ms)
✔ stale today continuation reject cannot act after target switch (3.793481ms)
✔ stale result continuation resolve cannot act after account switch (2.98778ms)
✔ stale result continuation reject cannot act after account switch (4.181062ms)
✔ stale result continuation resolve cannot act after target switch (3.455822ms)
✔ stale result continuation reject cannot act after target switch (4.259438ms)
✔ stale assistant continuation resolve cannot act after account switch (11.404058ms)
✔ stale assistant continuation reject cannot act after account switch (3.32835ms)
✔ stale assistant continuation resolve cannot act after target switch (3.384916ms)
✔ stale assistant continuation reject cannot act after target switch (4.037602ms)
✔ today continuation opens only the successfully applied original meal (3.190629ms)
✔ result continuation opens only the successfully applied original meal (4.862036ms)
✔ eight combinations distinguish plan, actual and explicit skipped state (2.46372ms)
✔ actions follow date and plan availability and actual history is read first (1.177941ms)
✔ first eaten confirmation binds plan revision; editing eaten uses authoritative actual snapshot (21.029883ms)
✔ remove plan retains actual and copying never removes source or copies actual (25.898701ms)
✔ read-first detail has folded original plan, one adjust entry, distinct management and state commands (0.772236ms)
✔ quick confirmation exits to recoverable sheet on unknown result and conflict (3.101907ms)
✔ failed initial quick read shows full reload sheet instead of a dead confirm (0.376887ms)
✔ copy target conflict requires approval and never transmits actual fields (13.226384ms)
✔ copy failure leaves source and actual intact, and does not claim success (17.212502ms)
✔ quick entry after account switch cannot save or display a success (5.155492ms)
✔ calendar read rows protect long names and full-sized touch targets (0.276575ms)
✔ cooking reading does not invite future eaten confirmation and detail uses month-day heading (0.259176ms)
✔ late quick-entry read cannot change the new account sheet mode (7.357681ms)
✔ failed quick-entry read at Page level retains reload without throwing (6.084338ms)
✔ account reload clears the previous account quick confirmation and text (8.250341ms)
✔ cooking account reload also retires the old actual confirmation (6.508407ms)
✔ cooking eaten quick intent corrects skipped without silently submitting skipped (6.090669ms)
✔ committed copy with lost response retries identical request after target revision changes (7.965744ms)
✔ copy retry survives page re-entry and later source edits without copying actual (15.75027ms)
✔ pending copy can be recovered after source plan removal and stays scoped (25.46059ms)
✔ quick eaten intent does not replace an unresolved skipped request (10.943375ms)
✔ cooking quick edit of eaten keeps historical entries instead of later plan (4.100507ms)
✔ pending copy retry cannot cross accounts and can recover when owner returns (9.964575ms)
✔ concurrent target conflict resolves original request separately before new overwrite approval (4.834012ms)
✔ late account-change rejection preserves unresolved copy for the original owner (30.669644ms)
✔ four navigation labels preserve today recipes calendar and profile destinations (4.366154ms)
✔ profile keeps independent list review account data and privacy routes (3.069727ms)
✔ profile privacy entry opens the platform privacy statement on demand (1.558146ms)
✔ shared text and controls use body 16 touch 44 and button 48 (1.357779ms)
✔ replace dispatch is isolated from the dish detail tap (4.677837ms)
✔ dish detail tap and busy replacement obey the command boundary (1.30614ms)
✔ broken image retains the same dish name and a category placeholder (2.037486ms)
✔ changing image identity clears a previous failure without changing dish ownership (1.451768ms)
✔ dish duration metadata distinguishes explicitly unknown evidence (1.621172ms)
✔ dish duration metadata distinguishes verified evidence (1.557669ms)
✔ dish duration metadata distinguishes estimated evidence (1.777205ms)
✔ dish duration metadata distinguishes unreviewed verified claim evidence (1.051864ms)
✔ dish duration metadata distinguishes legacy without evidence evidence (1.052537ms)
✔ breakfast side placeholder resolves to food line art rather than the info fallback (2.699188ms)
✔ ingredient actions report source IDs without mutating business data (1.646924ms)
✔ busy ingredient row never emits editing or checked mutations (1.256063ms)
✔ composition summary exposes separate people and composition actions (1.269815ms)
✔ persistent feedback announces the result and emits only an available next action (2.331069ms)
✔ sheet optional restorefocus event drives an input focus property in a host harness after hiding (3.06512ms)
✔ busy sheet mask does not close or restore focus (1.272102ms)
✔ sheet reserves safe area and keyboard space while keeping the body scrollable (1.995824ms)
✔ sheet measures wrapped headers and footers before sizing its scroll body (3.856184ms)
✔ oversized chrome uses native whole-panel scrolling within the keyboard-visible viewport (1.343343ms)
✔ keyboard leaving 47px space requests native dismissal without exceeding that space (1.304259ms)
✔ keyboard leaving 10px space requests native dismissal without exceeding that space (1.242124ms)
✔ keyboard leaving 0px space requests native dismissal without exceeding that space (1.415163ms)
✔ sheet reduces its decorative margin before sacrificing a full primary hit target (1.147333ms)
✔ an explicitly zero-height window is not replaced by a fictitious default viewport (1.464012ms)
✔ failed native keyboard dismissal leaves a bounded panel and an honest instruction (4.142414ms)
✔ a queued sheet measurement cannot query a detached component (1.15867ms)
✔ reduced motion sets dish feedback and sheet dynamic durations to zero (2.8777ms)
✔ account B cannot read account A composition or motion preference (0.758168ms)
✔ optional preference read failure returns a safe view without overwriting unread settings (0.826514ms)
✔ an optional storage read failure does not abort hidden sheet attachment (1.626052ms)
✔ settings finishes loading recommendation preferences when local motion settings cannot be read (2.40566ms)
✔ preference snapshots cannot mutate persisted compositions and reject invalid values (0.619411ms)
✔ settings toggles motion separately from long-term recommendation preferences (1.350894ms)
✔ motion storage failure preserves the visible setting and announces an unsaved result (1.060223ms)
✔ settings reloads local motion preference when the account changes (1.400861ms)
✔ compact rows flow with long text and keep scalable body text and real hit areas (6.287424ms)
✔ compact-dish-row refreshes retained motion on visibility and account changes without reattachment (1.439825ms)
✔ compact-dish-row newly displayed content reads current motion preference (1.892315ms)
✔ action-feedback refreshes retained motion on visibility and account changes without reattachment (1.103524ms)
✔ action-feedback newly displayed content reads current motion preference (1.030895ms)
✔ empty meal selections route to picking instead of disabled calendar saving (0.480652ms)
✔ help describes replace undo and existing legacy locks without offering keep (0.229182ms)
✔ count validation permits four dishes and rejects invalid category boundaries (2.750646ms)
✔ manual normalization rejects zero total decimals and unknown keys before editing a workspace (1.084014ms)
✔ automatic people boundaries keep two-person one-meat one-veg and manual counts survive people changes (0.718298ms)
✔ six composition rows prioritize breakfast staple and side without removing soup and dessert (0.504159ms)
✔ deficits use factual dish categories and never infer a type from its name (0.385781ms)
✔ today applies a manual composition without replacing old dishes and remembers it only after sync (28.407666ms)
✔ result applies a manual composition without replacing old dishes and remembers it only after sync (7.817449ms)
✔ assistant applies a manual composition without replacing old dishes and remembers it only after sync (5.965964ms)
✔ composition controls disable every plus at ten and application at zero (15.296657ms)
✔ canceling composition keeps the original counts and never remembers a preset (5.312986ms)
✔ failed composition sync keeps entered counts and does not create a remembered suggestion (11.643123ms)
✔ composition opened before account change cannot write or remember in the next account (3.988364ms)
✔ late composition sync cannot close a next-account sheet or remember under its key (17.059838ms)
✔ remembered dinner counts initialize only an empty new dinner and never replace a saved workspace (4.495746ms)
✔ new meal suggestions cannot overwrite a cached unsynced composition (3.229981ms)
✔ real missing categories expose recovery without discarding a usable old menu (3.646815ms)
✔ unclassified dishes do not fabricate an exact shortage from their names (3.613161ms)
✔ requirements apply and temporary filters retain menus and never write hard exclusions (5.307235ms)
✔ independent people sheet retains the same stepper and cannot reset manual counts (4.174091ms)
✔ generated page declares permanent requirements filter selection and composition entry bindings (0.567849ms)
✔ repeated application and editing cannot race a pending composition save (10.083822ms)
✔ optional preference writes can fail after context sync without undoing application (4.246818ms)
✔ automatic restoration recalculates the current people suggestion without remembering another manual value (3.780234ms)
✔ a recovered original context request keeps its id and requires successful explicit application before remembering (7.655669ms)
✔ nonbreakfast side counts do not relabel factual soup or dessert categories as side (0.181606ms)
✔ filter surface explicitly keeps long-term exclusions and labels temporary clearing (0.144289ms)
✔ invalid people input also disables the new whole-menu regeneration action (0.085047ms)
✔ inherited object properties are never accepted as factual dish categories (0.056929ms)
✔ target and automatic summary reset together before a new preference read completes (5.81413ms)
✔ a version conflict keeps composition inputs and recovery ahead of new writes (7.332733ms)
✔ workspace routes carry the shared controls and name a result without assuming today (0.369983ms)
✔ actual coverage excludes skipped plans unrecorded and out-of-range rows without invented nutrition (13.178658ms)
✔ future records inside selected range do not count as observed eaten facts (1.276637ms)
✔ basis navigation retains actual target and refuses changed accounts (4.189715ms)
✔ replacement Page and real store submit a one-time command without permanent preference writes (18.086294ms)
✔ review and workspace expose generic evidence limits without per-dish causal claims (0.488085ms)
✔ zero observed days excludes future snapshots and never calls the period complete (0.342433ms)
✔ secondary details are opt-in and clearing report clears new presentation state (1.180936ms)
✔ first use through tomorrow, shopping undo, own recipe and next menu application (125.814137ms)
✔ registered ordinary pages have accessible root scaling, including the startup log (1.515519ms)
✔ ordinary tappable views and text expose button semantics to assistive technology (1.896472ms)
✔ bounded acceptance verifier exists without model/default suite runners (0.343996ms)
✔ calendar and reusable menus use readable image-fallback rows without replacement actions (5.922669ms)
✔ saving one dish opens returned detail ID with a clear destination and unknown time stays null (10.653652ms)
✔ missing name focuses that field and retains input (3.157955ms)
✔ missing ingredients focuses that field and retains input (2.449341ms)
✔ missing steps focuses that field and retains input (4.025143ms)
✔ unknownOutcomeReusesOriginalRequest after reentry and same name never updates existing dish (7.00484ms)
✔ clean create exit is immediate; dirty create exit offers keep or discard (1.929719ms)
✔ structured rename sends exact rich recipe content without losing object fields (5.660725ms)
✔ editor validates focus and dirty cancel keeps or discards while clean cancel needs no dialog (6.927233ms)
✔ optional existing serving description and image use explicit update flags, including clear (14.708428ms)
✔ recipe changes revoke verified preview without changing original quality evidence (5.321518ms)
✔ public copy delegates authenticated ownership to server, preserves source and opens own editor (4.073839ms)
✔ saving reusable menu only writes a template and preserves historical snapshots (7.372614ms)
✔ naming menu inherits selected meal people and dishes without reselection (4.661903ms)
✔ menu create/edit use separate canonical journal keys and legacy unknown requests migrate intact (6.902577ms)
✔ reuse with current draft requires old/new summary and cancellation changes nothing (13.627346ms)
✔ confirmed menu handoff is immutable and revision-bound, with no calendar write (4.380394ms)
✔ deletedTemplateDishBlocksSilentApply lists missing dishes and never silently shrinks selection (2.521106ms)
✔ menu editor save and delete cannot mutate historical snapshots; save-as-new preserves original template (5.095635ms)
✔ menu replacement dialog cannot complete under another account or changed target (11.646348ms)
✔ menu edit cancel confirms only actual changes and retain leaves draft intact (6.015653ms)
✔ editor optional panels, focus binding, three save labels and ignorable guide are wired (0.277796ms)
✔ menu naming opens with pinned target and loads the destination templates (5.250509ms)
✔ pending menu editor survives a fresh selected-meal initialization (8.857455ms)
✔ pending menu edit can recover the original receipt even if current template read is unavailable (11.81406ms)
✔ another account cannot see old recipe quality notice or save destination (12.592939ms)
✔ changing target while replacement dialog is open preserves the old handoff and blocks apply (22.39196ms)
✔ template delete is isolated from stored actual history and calendar writes (4.637839ms)
✔ menu apply refuses unresolved current local writes even when destination is a different target (3.213095ms)
✔ dirty custom form tab exit confirms keep/discard while unchanged editor needs no native guard (7.500795ms)
✔ unknown edits cannot be canceled or changed while receipt recovery is pending (4.198161ms)
✔ pending template selections stay read-only through selected-panel handlers (1.475695ms)
✔ workspace more-panel naming handoff reuses current draft/target and never stores another dish list (20.520814ms)
✔ guide is dismissible once per account and does not create a preference or extra write (6.939627ms)
✔ template editor cannot expose calendar save for its independent selection (0.990997ms)
✔ renaming a legacy recipe preserves untouched HTTP image without forcing an optional edit (4.260009ms)
✔ review F1: reachable template selected-list repairs deleted dish and saves same template (12.351931ms)
✔ review F2: explicit new-menu entry asks before replacing edited name, people, IDs and identity (5.50694ms)
✔ review F2: actual workspace naming entry keep preserves editor (13.619003ms)
✔ review F2: actual workspace naming entry discard opens meal IDs (13.136874ms)
✔ review F3: invalid create receipt null keeps original journal until replay succeeds (5.503545ms)
✔ review F3: invalid create receipt {} keeps original journal until replay succeeds (4.631661ms)
✔ review F3: invalid create receipt {"id":0} keeps original journal until replay succeeds (10.947814ms)
✔ review F3: invalid create receipt {"id":-1} keeps original journal until replay succeeds (5.596601ms)
✔ review F3: invalid create receipt {"id":"bad"} keeps original journal until replay succeeds (4.881755ms)
✔ review F4: menu name/people/IDs changes arm supported leave guard, revert and save clear it (8.371971ms)
✔ review F4: explicit page back offers keep/discard for changed template and cannot abandon pending write (10.015421ms)
✔ review F2 guard: account change during naming approval preserves current state (13.08475ms)
✔ review F2 guard: target change during naming approval preserves current state (19.667396ms)
✔ review F2 guard: selection change during naming approval preserves current state (6.561226ms)
✔ review F2 guard: form change during naming approval preserves current state (5.598254ms)
✔ review F2 guard: selection_status change during naming approval preserves current state (7.03861ms)
✔ review F4 guard: pending recovery success clears alert and owner switch clears old guard (6.638194ms)
✔ review F2 guard: selecting another template prompts before replacing dirty editor (4.757004ms)
✔ review F4 guard: a stale leave confirmation cannot discard an edit that became pending (4.55759ms)
✔ rereview R1: visible same-template edit after 409 keep preserves dirty inputs (5.934855ms)
✔ rereview R1: visible same-template edit after 409 approved latest read permits explicit save (4.927517ms)
✔ rereview Back: clean menu plus dirty custom form offers keep/discard before navigation (4.092318ms)
✔ rereview Back: both dirty editors must resolve before navigation (3.923813ms)
✔ rereview R1 guard: account change during refresh decision cannot reread or overwrite another owner (6.525913ms)
✔ rereview R1 guard: late latest-template read is rejected after account changes (6.696246ms)
✔ rereview R1 guard: unknown write blocks explicit refresh and still retries original version/request (5.493964ms)
✔ rereview R1 guard: failed snapshot reread retains local form and version until a complete read succeeds (10.680203ms)
✔ append deduplicates and retains all earlier dishes without truncating the eleventh (4.668462ms)
✔ selected summary derives empty unsaved saved and changed from one workspace confirmation (3.432534ms)
✔ detail append keeps the original target and prior dishes, stays in detail, and changes primary action (24.680178ms)
✔ list return retains search filters scroll and derives newly selected dishes from the workspace (20.279163ms)
✔ cancelled remove never changes a draft or writes calendar; confirmed remove keeps the remaining dishes (20.688249ms)
✔ last dish remains visible with an honest minimum-one limitation (12.894186ms)
✔ account switch clears prior selected UI before late recipe write can render (13.736821ms)
✔ manual selection shows actual composition and asks for the fixed target before any write (17.292691ms)
✔ concurrent revision changes reject selection without replacing the newer menu (13.59589ms)
✔ queued selection retains prior dishes until exact task completion and keeps recovery visible (10.038705ms)
✔ unavailable private recipe shows permission error rather than an empty recipe (1.623695ms)
✔ recipe UI has ordinary browse sources compact rows and explicit calendar destination (0.40962ms)
✔ recipe cooking reuses large-step reader and preserves progress without creating a plan or actual (5.452852ms)
✔ compact recipe row isolates detail and select events with an honest selected label (1.714551ms)
✔ explicit save entry opens the existing compact date and meal panel without committing (35.979579ms)
✔ receiving an older handoff cannot consume a newer selection while its command waits (22.169031ms)
✔ legacy selection with more than ten dishes is refused before a command can mutate the menu (14.736496ms)
✔ unknown selection preserves prior dishes and recovery retries only the original request (10.085815ms)
✔ same-account different-meal reentry cancels a stale confirmation without leaking busy state (37.221724ms)
✔ failed quantity preview never erases real original ingredients (3.098135ms)
✔ recipe recovery is a real visible button and component actions have reachable handlers (0.654419ms)
✔ missing detail route id degrades without throwing (1.744143ms)
✔ favorite selection unknown result exposes original-request recovery immediately (7.222087ms)
✔ recipe cooking reads the same JSON step array as detail (3.349565ms)
✔ personal menu edit still selects from compact row event without changing meal draft (9.965118ms)
✔ recipe templates contain no malformed opening tag and provide shared responsive row styles (0.599024ms)
✔ first recipe in an empty meal creates only a workspace then selects into that target (8.617052ms)
✔ leaving menu editing restores authoritative meal choices without writing either object (8.774567ms)
✔ unknown first workspace creation remains recoverable without inventing selection success (7.238372ms)
✔ original array ingredients remain readable when quantity preview is empty (4.343508ms)
✔ filtering favorites keeps the authoritative already-added markers (6.382163ms)
✔ deferred login initializes detail and current meal together without a second onShow (first authorization) (9.862589ms)
✔ deferred login initializes detail and current meal together without a second onShow (new account) (17.068593ms)
✔ permission retry reloads the authorized current meal as well as the recipe (13.084837ms)
✔ late login cannot initialize an unloaded recipe page (5.803368ms)
✔ recipe-only pending selection pins its original target across 2026-10-13 breakfast (19.05808ms)
✔ recipe-only pending selection pins its original target across 2026-10-12 dinner (11.194752ms)
✔ calendar target overrides a pinned recipe target and account switch never inherits either (8.009006ms)
✔ an initially unauthorized detail can retry after deferred login and use the new account meal (9.79655ms)
✔ account switch during post-login recipe read cannot render or initialize the old account (2.180283ms)
✔ visible account reentry supersedes old detail initialization (old response first) (18.328545ms)
✔ visible account reentry supersedes old detail initialization (new response first) (17.089866ms)
✔ same-account explicit retry owns initialization even when the older read completes (8.019628ms)
✔ a changed same-account read epoch restarts visible initialization instead of coalescing stale work (8.713319ms)
✔ new-account initialization failure ends loading with a visible current-account retry (8.103701ms)
✔ save snapshot is a deeply immutable source copy with real full-year dates (20.777623ms)
✔ saveSnapshotSurvivesMidnightAndRejectsAccountChange (19.051065ms)
✔ savesFrozenDraftToAnotherDate and preserves the source across a year boundary (11.974771ms)
✔ a destination with an existing menu requires a second review and its own revision (7.307347ms)
✔ target 409 retains panel and A; refreshing only the destination allows explicit replacement (5.865511ms)
✔ unknownOutcomeReusesOriginalRequest and locks a pending target against retargeting (5.213933ms)
✔ cancel writes nothing, malformed target blocks submission, and target reads cannot race (6.31163ms)
✔ busy confirmation locks changes, close, and duplicate submit; stale frozen menu cannot save (8.74178ms)
✔ legacy confirm omits optional targets and explicit targets validate before the HTTP boundary (3.013698ms)
✔ shared save sheet exposes target controls, summary, recovery and a fixed saved-meal action (0.544881ms)
✔ only the matching request version and exact target can acknowledge a calendar save (25.86745ms)
✔ a minimized request receipt retains A even when the subsequent source refresh is offline (4.202503ms)
✔ a source-side 409 cannot be cleared by merely refreshing a new destination (13.046257ms)
✔ a late target read after account replacement cannot modify the new account panel (4.714145ms)
✔ reopening Today after midnight recovers the old pending source and exact destination (8.082174ms)
✔ reopening Today after midnight keeps an unsaved cached menu but never reads the previous account draft (5.290768ms)
✔ offline reopening offers the original pending save recovery inside the sheet (6.752165ms)
✔ post-save dirty context stays active after midnight foreground (4.431486ms)
✔ post-save dirty context stays active after midnight reopening (4.225849ms)
✔ post-save synchronized context stays active after midnight foreground (4.099042ms)
✔ post-save synchronized context stays active after midnight reopening (5.245137ms)
✔ summaryCountsRemainSourceCounts (17.549547ms)
✔ mixedUnitsNeverCoerce (1.564801ms)
✔ legacy source objects preserve dish name date and meal rather than saying manual (0.310456ms)
✔ same dish on different dates or meals has distinct stable group keys and starts collapsed (6.74834ms)
✔ summary checks only visible pending sources without reversing already purchased sources (6.051641ms)
✔ summary and source row identities survive filtering and use keys rather than render indices (0.491259ms)
✔ single-source quantity opens the real editor while a merged row only expands its editable sources (7.276668ms)
✔ unconfirmed check never moves or marks an item and success briefly displays bought before removing it (6.762024ms)
✔ bought then undo returns to the original row and scroll position using the receipt version (5.812061ms)
✔ createCheckUndo requires a successful homogeneous state transition and an authoritative newer version (0.73247ms)
✔ 409 undo refreshes without force-rebasing or reversing a newer shopper choice (6.602927ms)
✔ refresh invalidates an old undo and explains how to change purchased items back (7.173187ms)
✔ other-write invalidates an old undo and explains how to change purchased items back (5.890291ms)
✔ new-version invalidates an old undo and explains how to change purchased items back (5.79503ms)
✔ reduced motion commits and moves the row immediately without suppressing the success result (5.087796ms)
✔ unknownOutcomeReusesOriginalRequest across page reentry and a changed local version (8.077845ms)
✔ network failure keeps the inverse operation original and does not offer another undo (4.702562ms)
✔ a stale late receipt cannot replace a newer list or create a usable undo (4.231188ms)
✔ account changes reject late receipts and clear the previous owners transition feedback and undo (4.277115ms)
✔ the page only has pending and bought states and reuses compact rows and persistent action feedback (4.143253ms)
✔ cost UI and automatic capability or quote reads are hidden without deleting old expenses (4.056625ms)
✔ clear checked confirms the exact source count and leaves calendar recipe and actual records outside the write (4.666145ms)
✔ clear all confirms the exact source count and leaves calendar recipe and actual records outside the write (3.17226ms)
✔ manual notes remain visible in source details and a dish-source detail button expands that item only (3.149932ms)
✔ a second concurrent check cannot run until the first receipt arrives (2.939517ms)
✔ an unusable check receipt keeps the original request pending and never manufactures success or undo (12.82501ms)
✔ a clear confirmation cannot silently authorize a changed count or another account (2.864029ms)
✔ undo from purchased view restores its prior purchased state rather than assuming unchecked (4.644798ms)
✔ display-only merges never expand the itemIds or origins of individual by-dish rows (0.360416ms)
✔ undo rejects an unversioned prior list rather than assuming that any new receipt is safe (0.268106ms)
✔ compact wrapper adds no vertical padding around the 52px ingredient row (0.288823ms)
✔ explicit failed receipts never mark success even when they carry a newer snapshot (6.705242ms)
✔ a refresh begun before a successful check cannot rewind the confirmed list or cache (6.580264ms)
✔ folded dish source headers use an existing icon rather than the unknown-icon fallback (0.25789ms)
✔ visible draft retry preserves newer confirmed state for forward checks (7.160309ms)
✔ visible draft retry preserves newer confirmed state for inverse checks (6.91452ms)
✔ visible draft retry retains the original operation after failed receipt (6.580681ms)
✔ visible draft retry retains the original operation after missingList receipt (4.141563ms)
✔ visible draft retry retains the original operation after null receipt (5.595059ms)
✔ visible draft retry retains the original operation after missingVersion receipt (5.417335ms)
✔ visible draft retry retains the original operation after oldVersion receipt (21.036468ms)
✔ visible draft retry retains the original operation after wrongCheckedState receipt (14.916438ms)
✔ visible draft retry retains the original operation after missingItem receipt (4.931514ms)
✔ merged quantity remains unknown after overflow even when later sources are small (0.862315ms)
✔ failed inverse replay retains the exact inverse request and purchased state (10.024391ms)
✔ direct inverse rejects missing checked state (5.488687ms)
✔ replayed inverse rejects missing checked state (6.724233ms)
✔ direct inverse rejects null checked state (4.501073ms)
✔ replayed inverse rejects null checked state (5.888062ms)
✔ direct inverse rejects string checked state (5.833412ms)
✔ replayed inverse rejects string checked state (5.714513ms)
✔ direct inverse rejects number checked state (3.970121ms)
✔ replayed inverse rejects number checked state (7.282093ms)
✔ undo construction requires explicit boolean before and after states (0.279701ms)
✔ original check survives unload before {"isNetworkError":true} and exact reentry replay (5.761067ms)
✔ original check survives unload before {"statusCode":503} and exact reentry replay (5.270274ms)
✔ HTTP 500 keeps original shopping request unknown (3.726733ms)
✔ HTTP 502 keeps original shopping request unknown (3.429774ms)
✔ HTTP 503 keeps original shopping request unknown (2.762702ms)
✔ HTTP 504 keeps original shopping request unknown (3.457567ms)
✔ inverse check is durable before unload and keeps restore context through replay (17.638343ms)
✔ pending original remains in account A when account switches before rejection (3.578907ms)
✔ late direct completion cannot retire or apply over a replacement journal request (4.726529ms)
✔ late journal replay cannot remove the replacement that shares its operation ID (10.988878ms)
✔ manual journals immutable original before boundary dispatch (9.301639ms)
✔ patch journals immutable original before boundary dispatch (3.053304ms)
✔ delete journals immutable original before boundary dispatch (3.223367ms)
✔ clear journals immutable original before boundary dispatch (2.977065ms)
✔ storage failure prevents shopping dispatch (2.18817ms)
✔ explicit terminal rejection removes only original request and permits fresh corrected intent (2.496597ms)
✔ late replay conflict cannot mark the replacement as conflicted (2.013172ms)
✔ retry HTTP 401 cannot resolve an earlier uncertain shopping request (3.205871ms)
✔ retry HTTP 403 cannot resolve an earlier uncertain shopping request (3.313569ms)
✔ retry HTTP 408 cannot resolve an earlier uncertain shopping request (4.396288ms)
✔ retry HTTP 429 cannot resolve an earlier uncertain shopping request (3.801787ms)
✔ an older malformed check receipt cannot acknowledge the durable original request (3.965529ms)
✔ unloaded inverse recovers via original journal replay with no duplicate inverse intent (10.82575ms)
✔ read-only initial quantities and unknown source counts permit one-page confirmation (15.097015ms)
✔ home ingredients only leave this payload; success stays readable and cannot resubmit (3.203994ms)
✔ old receipt counts stay unknown (2.697221ms)
✔ unknownOutcomeReusesOriginalRequest across unload and return with edits frozen (6.622579ms)
✔ 409 preserves edits and reconfirms against latest checked list (2.821745ms)
✔ people change explains replacement first; missing servings retain original unknown text (2.605513ms)
✔ unreliable receipt cannot clear original payload or report success null (2.059071ms)
✔ unreliable receipt cannot clear original payload or report success {"success":false,"list":{"version":3,"dishes":[]}} (3.472728ms)
✔ unreliable receipt cannot clear original payload or report success {"list":{"version":2,"dishes":[]}} (2.176041ms)
✔ unreliable receipt cannot clear original payload or report success {"list":{"dishes":[]}} (2.294224ms)
✔ older valid replay acknowledges without rewinding newer cache (1.97724ms)
✔ compact summary and by-dish use the same source counts without auto inputs (3.811107ms)
✔ returning before submission restores editable preparation without loading forever (3.039678ms)
✔ late receipt after account change never writes or reports success (2.515772ms)
✔ a server timeout retains the original immutable request (12.381613ms)
✔ new selection is retained while an older unknown confirmation resolves (3.402849ms)
✔ partial or invalid receipt counts never invent numeric success (0.310793ms)
✔ source row editing stays attached after an earlier dish becomes empty (2.475851ms)
✔ verified public CALCULATED previews are not unknown; mixed/range/unit rows remain honest (2.684593ms)
✔ actual confirmed draft discard frees preparation for a new selection without resurrection (15.212953ms)
✔ actual successful draft replay retires its preparation snapshot and accepts a new selection (6.53458ms)
✔ actual conflict reconfirmation replaces preparation request and retains edits for unknown retry (6.870109ms)
✔ missing journal entry alone never certifies a pending preparation was discarded (7.533552ms)
✔ a still-mounted preparation cannot resurrect an explicitly discarded draft on unload or retry (8.068156ms)
✔ retired mounted page cannot overwrite a later new preparation on unload (7.083283ms)
✔ queued new selection survives old preparation retirement (6.745451ms)
✔ late failed confirmation cannot resurrect a confirmed discarded preparation {"statusCode":409} (11.197585ms)
✔ late failed confirmation cannot resurrect a confirmed discarded preparation {"statusCode":400} (21.08862ms)
✔ late failed confirmation cannot resurrect a confirmed discarded preparation {"isNetworkError":true} (8.100248ms)
✔ late conflict cannot clear an externally reconfirmed replacement request (6.423077ms)
✔ late terminal error cannot overwrite a newer preparation after successful draft replay (9.992011ms)
✔ favorite entry preserves the chosen dish and ignores completion after account change (4.063184ms)
✔ FE-01 cached recipe tab consumes each profile menu shortcut exactly once (40.647796ms)
✔ menu shortcut preserves initial flag and explicit route entry (27.198631ms)
✔ FE-01 menu shortcut is consumed only for the current account after ownership changes (10.83703ms)
✔ FE-02 an empty Today meal picker follows the new China day after midnight (25.190211ms)
✔ explicit historical and future meal edits remain pinned after meal selection and midnight (44.523314ms)
✔ meal picker preserves a pending calendar edit target instead of treating it as following Today (13.686457ms)
✔ meal picker keeps a saved explicit future target pinned rather than following Today (15.975647ms)
✔ FE-03 detail addition uses the Today meal shown after a cold-start rollover (23.068148ms)
✔ FE-03 favorite addition uses the Today meal shown after a cold-start rollover (64.696792ms)
✔ add-to-meal preserves an explicitly displayed historical target across midnight (16.381695ms)
✔ FE-04 save selected dishes as a new menu clears an existing edit (7.646287ms)
✔ FE-04 save selected dishes as a new menu clears an existing edit after sheet reentry (6.214634ms)
✔ new-menu action cannot discard an unresolved edit write and retry retains the exact request (5.296985ms)
✔ an unsaved Today menu retains its source after midnight without an open save panel (12.297363ms)
✔ browsing historical meals does not change the account active target or draft (31.80236ms)
✔ validated history import stays selected through assistant to result and return (34.424661ms)
✔ a version change before explicit history handoff does not select a new target (6.150348ms)
✔ assistant revalidation rejects an updated history version before selecting its target (4.919439ms)
✔ a route alone without a validated explicit handoff does not change the shared target (5.769603ms)
✔ an account switch during history validation cannot hand off or select another account target (3.595257ms)
✔ an account switch during assistant revalidation cannot import or change the new target (4.836357ms)
✔ a replaced workspace initialization invalidates a pending history import (4.929454ms)
✔ a conflicted select preserves the explicitly chosen target without claiming a successful import (6.268993ms)
✔ unknown selection stays on its explicitly chosen target through onShow and original-request retry (9.004172ms)
✔ failed context save keeps the chosen target but cannot claim the history selection succeeded (6.712541ms)
✔ account switch during initial import select cannot commit a stale target (5.297337ms)
✔ account switch during import retry cannot commit a stale target (6.35426ms)
✔ history handoff accepts only the selected session target and version (2.762727ms)
✔ legacy multi meal drafts remain separate explicit imports with their people and source version (0.794777ms)
✔ login returns one awaitable outcome and concurrent clicks share the operation (2.563905ms)
✔ timeout resolves failure and late login cannot silently change identity (1.184385ms)
✔ platform rejection stays visible as a failed result (4.750503ms)
✔ actual quick entry keeps original payload and key after unknown save (3.337671ms)
✔ cancel account switch and future entry never save (0.404509ms)
✔ conflict reload retains input and requires a fresh explicit save (1.036687ms)
✔ skipped is a separate explicit save and closing alone writes nothing (0.370797ms)
✔ choosing actual type is read-only and the single confirm saves only that type (0.465173ms)
✔ unknown save does not let a different record type replace the original retry intent (0.239988ms)
✔ late save response cannot close the next account sheet (0.395041ms)
✔ changed displayed plan cannot be silently recorded as the new plan (0.259632ms)
✔ reopening a saved actual keeps it visible and confirmation retains the original entries (1.057693ms)
✔ reopening a skipped record does not silently convert it to eaten (0.283416ms)
✔ first changed actual keeps unique planned dish IDs and free text in both entry points (12.274766ms)
✔ retained actual snapshot wins over a current plan with the same dish name (4.716813ms)
✔ duplicate planned names never arbitrarily choose a dish identity in either entry point (2.989968ms)
✔ duplicate actual names retain separate snapshot indexes before planned identity (10.006478ms)
✔ deleted plan preserves actual snapshot identity and leaves unrelated input as free text (6.267131ms)
✔ changed displayed plan cannot relabel old text with a newly matching dish ID (2.010961ms)
✔ conflict reload keeps the initially displayed plan identity boundary without a caller revision (2.136046ms)
✔ first successful reload after a failed initial read preserves its plan identity boundary (9.316654ms)
✔ first successful reload after a failed initial read preserves its no-plan identity boundary (5.389638ms)
✔ first successful reload never replaces a caller-supplied displayed plan revision (3.980901ms)
✔ unknown changed-actual retry preserves the original IDs, versions and request ID (2.858206ms)
✔ an account switch blocks a pending changed-actual retry (9.56287ms)
✔ whole-meal cooking uses every saved recipe and completing steps does not record eating (5.575557ms)
✔ 月范围按真实天数且周范围从周一开始 (2.1302ms)
✔ 计划和实际记录均出现在当日餐次视图，撤销实际记录不抹掉计划 (0.539773ms)
✔ calendar opens the selected meal on the selected date (7.331476ms)
✔ a static meal name does not emit a misleading open action (0.927968ms)
✔ 采购汇总保留不同餐次来源及部分已买状态 (2.328848ms)
✔ 不同食材形态不能被汇总合并 (0.287871ms)
✔ manual counts survive people change and all meals use explicit Beijing targets (4.846565ms)
✔ unknown write keeps its original key and payload until explicit retry (2.948521ms)
✔ account switch discards a late workspace response and prevents stale writes (0.928744ms)
✔ a version conflict keeps local edits and stops new operations (0.767041ms)
✔ refresh never silently rebases unsynced local edits onto another device revision (0.703147ms)
✔ a slow read cannot replace a newer acknowledged cloud snapshot (0.814402ms)
✔ a create racing another device retains input and requires explicit conflict resolution (1.278557ms)
✔ server materializing empty criteria does not create a false first-meal conflict (0.797958ms)
✔ a different server constraint still blocks a racing create (0.719649ms)
✔ menu handoff carries server version and target into selection with its people count (20.361973ms)
✔ failed menu selection keeps the exact handoff available for retry (3.165799ms)
✔ menu for another target remains untouched (3.565255ms)
✔ inconsistent stored menu target is rejected before any context write (3.627023ms)
✔ calendar deep link retains an explicit meal target (8.077406ms)
✔ shopping filters retain the authoritative full list without another request (5.825993ms)
✔ purchase preview preserves two dates for the same dish and separate people counts (4.044929ms)
✔ all registered routes have valid event handlers, dark titles and the shared theme (37.643075ms)
✔ public component event bindings match events actually emitted by that component (11.563052ms)
✔ F01 account change clears private form and blocks save before onShow (17.342243ms)
✔ F01 account change clears private form and blocks save after onShow (9.876404ms)
✔ F01 late custom save clears old ownership without changing the new draft (11.004615ms)
✔ F01 same-account failed save and cancel preserve typed inputs (11.53808ms)
✔ F01 a calendar action sheet cannot submit a new account selection (6.95054ms)
✔ F01 plan overwrite confirmation rejects a token switch without a user ID (21.183887ms)
✔ F02 admin rejects late account data and unload callbacks (10.806713ms)
✔ F02 admin clears protected data for HTTP 401 (7.359394ms)
✔ F02 admin clears protected data for HTTP 403 (6.339982ms)
✔ F02 admin-dashboard rejects late account data and unload callbacks (5.336576ms)
✔ F02 admin-dashboard clears protected data for HTTP 401 (2.561612ms)
✔ F02 admin-dashboard clears protected data for HTTP 403 (2.581898ms)
✔ F02 admin-users rejects late account data and unload callbacks (5.478057ms)
✔ F02 admin-users clears protected data for HTTP 401 (2.583243ms)
✔ F02 admin-users clears protected data for HTTP 403 (2.571964ms)
✔ F02 admin-user-detail rejects late account data and unload callbacks (5.719977ms)
✔ F02 admin-user-detail clears protected data for HTTP 401 (2.655993ms)
✔ F02 admin-user-detail clears protected data for HTTP 403 (2.673692ms)
✔ F02 admin-dishes rejects late account data and unload callbacks (5.828063ms)
✔ F02 admin-dishes clears protected data for HTTP 401 (2.800828ms)
✔ F02 admin-dishes clears protected data for HTTP 403 (2.773527ms)
✔ F02 admin-audit rejects late account data and unload callbacks (8.966608ms)
✔ F02 admin-audit clears protected data for HTTP 401 (2.727933ms)
✔ F02 admin-audit clears protected data for HTTP 403 (3.03216ms)
✔ F02 admin keeps the latest authorized response when an older request fails (3.141745ms)
✔ F02 admin-users keeps the latest authorized response when an older request fails (2.887329ms)
✔ F02 admin-dishes keeps the latest authorized response when an older request fails (5.94716ms)
✔ F02 admin-audit keeps the latest authorized response when an older request fails (2.81244ms)
✔ F02 admin-users toggleStatus discards confirmation from the previous account (3.021589ms)
✔ F02 admin-user-detail toggleStatus discards confirmation from the previous account (4.376614ms)
✔ F02 admin-user-detail deleteDish discards confirmation from the previous account (2.86458ms)
✔ F02 admin-dishes togglePublished discards confirmation from the previous account (2.437841ms)
✔ F02 admin onDeleteDish discards confirmation from the previous account (3.953285ms)
✔ F04 backend replacement cannot overwrite a newer generation (18.23636ms)
✔ F04 local replacement cannot overwrite a newer generation (4.931552ms)
✔ F04 replacement rejects an account change before onShow (4.316798ms)
✔ F04 fallback cannot cross two tokens without a user ID (4.731165ms)
✔ F04 replacement preserves a concurrent change to another plan and stops on unload (8.686479ms)
✔ F01 an old selection event cannot create B shopping work before onShow (10.885976ms)
✔ round1 F01 onShowSelected rejects account changes before onShow with user ID (7.099492ms)
✔ round1 F01 onShowSelected rejects account changes before onShow without user ID (7.994202ms)
✔ round1 F01 onShowSelected ignores events after unload (9.077925ms)
✔ round1 F01 onRemoveSelected rejects account changes before onShow with user ID (17.42436ms)
✔ round1 F01 onRemoveSelected rejects account changes before onShow without user ID (8.909249ms)
✔ round1 F01 onRemoveSelected ignores events after unload (8.326488ms)
✔ round1 F01 onHideSelected rejects account changes before onShow with user ID (8.089817ms)
✔ round1 F01 onHideSelected rejects account changes before onShow without user ID (7.760529ms)
✔ round1 F01 onHideSelected ignores events after unload (7.696582ms)
✔ round1 F01 onTapDish rejects account changes before onShow with user ID (7.878666ms)
✔ round1 F01 onTapDish rejects account changes before onShow without user ID (9.386809ms)
✔ round1 F01 onTapDish ignores events after unload (8.511255ms)
✔ round1 F01 same-account panel display and removal retain the remaining selection (5.799597ms)
✔ round1 F02 admin clears HTTP 401 status only after a current successful retry (5.082811ms)
✔ round1 F02 admin clears HTTP 403 status only after a current successful retry (2.472833ms)
✔ round1 F02 admin-dashboard clears HTTP 401 status only after a current successful retry (2.644242ms)
✔ round1 F02 admin-dashboard clears HTTP 403 status only after a current successful retry (2.625936ms)
✔ round1 F02 admin-users clears HTTP 401 status only after a current successful retry (2.284938ms)
✔ round1 F02 admin-users clears HTTP 403 status only after a current successful retry (7.649901ms)
✔ round1 F02 admin-user-detail clears HTTP 401 status only after a current successful retry (3.059316ms)
✔ round1 F02 admin-user-detail clears HTTP 403 status only after a current successful retry (4.721271ms)
✔ round1 F02 admin-dishes clears HTTP 401 status only after a current successful retry (3.69635ms)
✔ round1 F02 admin-dishes clears HTTP 403 status only after a current successful retry (3.082933ms)
✔ round1 F02 admin-audit clears HTTP 401 status only after a current successful retry (2.842905ms)
✔ round1 F02 admin-audit clears HTTP 403 status only after a current successful retry (2.867203ms)
✔ round1 F02 admin retains the latest permission denial when an older success arrives (3.194365ms)
✔ round1 F02 admin-users retains the latest permission denial when an older success arrives (2.835998ms)
✔ round1 F02 admin-dishes retains the latest permission denial when an older success arrives (5.030483ms)
✔ round1 F02 admin-audit retains the latest permission denial when an older success arrives (2.969389ms)
✔ F02 admin account change clears filters/forms before a new action (3.379075ms)
✔ F02 admin-dashboard account change clears filters/forms before a new action (2.625576ms)
✔ F02 admin-users account change clears filters/forms before a new action (3.092478ms)
✔ F02 admin-user-detail account change clears filters/forms before a new action (3.854322ms)
✔ F02 admin-dishes account change clears filters/forms before a new action (3.023733ms)
✔ F02 admin-audit account change clears filters/forms before a new action (2.92418ms)
✔ F05 search pagination keeps keyword/filter and suppresses duplicate and stale pages (6.743983ms)
✔ F06 initial edit route opens the requested dish, account changes clear the form (29.56588ms)
✔ F06 remote owner controls the detail edit entry and navigation (7.319398ms)
✔ F07 calendar recipe navigation passes plan and actual people to the real detail preview (28.324465ms)
✔ F07 generic browse retains the explicit two-person preview default (3.642624ms)
✔ calendar explains planning and directs empty meals to an arrangement (1.479243ms)
✔ calendar meal entry labels actual records before existing or empty plans (4.983178ms)
✔ calendar detail labels saving a plan separately from recording food (3.555777ms)
✔ food recording sheet states its actual-only purpose and keeps the meal context (2.511711ms)
✔ recipe details are clearly ingredients and cooking instructions (0.452115ms)
✔ diet review separates actual food statistics from plan execution comparisons (0.240519ms)
✔ help distinguishes saving to the calendar from recording food after eating (0.569256ms)
✔ help presents one generation action with optional meal requirements (0.35555ms)
✔ profile still exposes assistant history and opens the existing history page (2.627841ms)
✔ personal create retries one request ID and preserves form after unknown outcome (26.626558ms)
✔ detail copy checks content version and opens its own editable copy (8.438533ms)
✔ menu apply binds resolved target/version/people and only opens a draft (9.525186ms)
✔ menu late resolve cannot write target or navigate for another account (17.258467ms)
✔ copied rich recipe editor uses detailed steps and retries the exact versioned edit (8.536657ms)
✔ menu save recovery restores selected IDs after reentry (6.831081ms)
✔ menu edit refreshes changed recipe snapshots before explicitly saving the new combination (9.027571ms)
✔ menu edit keeps unavailable dish selected and explains it rather than silently dropping it (6.495433ms)
✔ late menu resolve after hiding and changing active meal cannot navigate or overwrite target (6.568379ms)
✔ dish detail prefers numeric cooking time and shows it even without legacy text (10.841042ms)
✔ unknown result survives reload and retries exact original body and request ID (2.974266ms)
✔ known conflict clears pending, network timeout retains it, and repeated clicks reuse one send (2.4125ms)
✔ account switch rejects late result and never exposes pending contents to another account (0.830115ms)
✔ menu handoff binds target, menu revision, people and selected IDs without confirming a plan (3.183168ms)
✔ synchronous transport failure cannot poison the in-flight retry slot (0.421545ms)
✔ editable recipe text preserves rich arrays as readable lines (0.41679ms)
✔ unknown create then 401 retains original request for authenticated recovery (0.567129ms)
✔ unknown create then 403 retains original request for authenticated recovery (0.533097ms)
✔ an async preference response never populates the next account cache (3.249914ms)
✔ dismissing login does not reopen it on every profile visit (3.129931ms)
✔ visible admin entry only navigates for a verified admin (1.343001ms)
✔ dish selection emits only the select action while opening emits only detail (6.816598ms)
✔ browse mode and disabled selection never change the selected dishes (1.044328ms)
✔ recipe quality renderer hides generated raw amounts and rejected materials (2.660378ms)
✔ verified quantity and servings can be displayed while unknown calories stay unknown (1.846472ms)
✔ legacy generated allowance is handled honestly even before evidence is returned (0.555756ms)
✔ category labels translate catalog codes without exposing unknown internal values (0.373953ms)
✔ hidden price page does not start capability or quote work after a list mutation or account change (4.989239ms)
✔ retained capability cache never publishes a late account A response into account B (3.800732ms)
✔ draft replay stops at conflict and preserves later operations in order (4.385296ms)
✔ successful replay removes only acknowledged drafts and saves authoritative list (4.591784ms)
✔ real shopping name-only edit sends no prefilled quantity and preserves both warnings through cache reentry (16.777494ms)
✔ actively confirming the identical prefilled quantity sends a quantity patch and removes warnings in both cached views (11.454565ms)
✔ failed quantity confirmation retains typed input and intent for an identical-key retry (5.021099ms)
✔ cancel never edits a list and reopening does not inherit an abandoned quantity confirmation (5.361388ms)
✔ name-only edits preserve CALCULATED quantity compatibility (7.130096ms)
✔ name-only edits preserve USER_OVERRIDE quantity compatibility (4.73817ms)
✔ manual add keeps explicit quantity and note fields (3.133346ms)
✔ new metadata-only drafts preserve old pending payloads and retain their own original key/version on retry (4.042264ms)
✔ purchase row references the same single expense while details are collapsed (2.62634ms)
✔ native icon component loads only JavaScript modules (4.398978ms)
✔ IDE scan excludes legacy test temporary directories (0.5754ms)
✔ single token source has readable brand and text contrasts (0.765679ms)
✔ runtime PNG assets are included in the mini program package (0.163748ms)
✔ formal asset manifest covers the complete icon set, tab variants and five illustrations (1.176511ms)
✔ busy sheet preserves editing until the save is known (8.071355ms)
✔ disabled chip cannot mutate selection (1.078025ms)
✔ login overlay intercepts background when visible and busy cancellation keeps authorization pending (9.86837ms)
✔ sheet reopen and keyboard dismissal derive fresh dimensions from the current window (3.148113ms)
✔ favorite toggles request distinct registered PNG assets on detail and legacy result (8.592454ms)
✔ legacy assistant send control has a visible label and prevents resubmission while processing (3.236242ms)
✔ result tag list keeps the first three labels in original order for native loop bindings (8.464907ms)
✔ page and shared WXML bindings use native data and arithmetic without function calls (21.074437ms)
✔ both shopping views show unresolved quantities even with readable amounts and preserve manual confirmation (6.362581ms)
✔ result favorite submits once while busy and failures preserve the original selection (6.548178ms)
✔ result late favorite cannot update plans or show feedback after account (2.39114ms)
✔ result late favorite cannot update plans or show feedback after generation (1.54514ms)
✔ result late favorite cannot update plans or show feedback after unload (5.647281ms)
✔ old favorite cleanup cannot clear the busy state of a new generation request (1.411632ms)
✔ result favorite success clears its own busy after the real same-generation dish replacement (3.871492ms)
✔ result favorite failure clears its own busy after the real same-generation dish replacement (1.532132ms)
✔ old favorite cleanup cannot clear a new favorite busy after the real same-generation dish replacement (1.979689ms)
✔ a late background favorite read cannot overwrite the shopper toggle in the same generation (3.616988ms)
✔ background favorites and real dish replacement preserve the current menu when replacement-first (2.030674ms)
✔ background favorites and real dish replacement preserve the current menu when favorites-first (1.373065ms)
✔ real same-row replacement retains the latest request when older-first (1.623704ms)
✔ real same-row replacement retains the latest request when newer-first (1.853592ms)
✔ background favorite reads cannot modify a current menu after account (1.332097ms)
✔ background favorite reads cannot modify a current menu after generation (1.122565ms)
✔ background favorite reads cannot modify a current menu after unload (1.201746ms)
✔ a background favorite read cannot start during account (1.430595ms)
✔ a background favorite read cannot start during favorite-busy (2.38341ms)
✔ only the latest background favorite read may update matching current dishes (4.804098ms)
✔ real replacements to neighboring rows preserve each completed current row (1.611668ms)
✔ backend same-type replacements 0 then 1 recheck current menu for same (2.74084ms)
✔ backend same-type replacements 0 then 1 recheck current menu for id-only (1.503681ms)
✔ backend same-type replacements 0 then 1 recheck current menu for name-only (1.366221ms)
✔ backend same-type replacements 0 then 1 recheck current menu for different (1.756177ms)
✔ backend same-type replacements 1 then 0 recheck current menu for same (1.521255ms)
✔ backend same-type replacements 1 then 0 recheck current menu for id-only (1.704376ms)
✔ backend same-type replacements 1 then 0 recheck current menu for name-only (2.603977ms)
✔ backend same-type replacements 1 then 0 recheck current menu for different (1.87164ms)
✔ local same-type replacements 0 then 1 recheck current menu for same (24.520882ms)
✔ local same-type replacements 0 then 1 recheck current menu for id-only (1.33141ms)
✔ local same-type replacements 0 then 1 recheck current menu for name-only (1.170806ms)
✔ local same-type replacements 0 then 1 recheck current menu for different (1.306663ms)
✔ local same-type replacements 1 then 0 recheck current menu for same (1.455243ms)
✔ local same-type replacements 1 then 0 recheck current menu for id-only (1.129923ms)
✔ local same-type replacements 1 then 0 recheck current menu for name-only (1.194726ms)
✔ local same-type replacements 1 then 0 recheck current menu for different (1.281327ms)
✔ backend commit checks all current plans rather than only its own plan (1.983881ms)
✔ local commit checks all current plans rather than only its own plan (1.673713ms)
✔ a stale colliding replacement cannot emit retry feedback after account (1.123127ms)
✔ a stale colliding replacement cannot emit retry feedback after generation (0.909782ms)
✔ a stale colliding replacement cannot emit retry feedback after unload (0.809706ms)
✔ a stale colliding replacement cannot emit retry feedback after slot (0.797047ms)
✔ an account switch blocks a favorite tap on the old page before onShow clears it (0.730044ms)
✔ ordinary loading has no illustration or implied assistant role (2.558633ms)
✔ first empty state may use its illustration but filtered or error states stay compact (0.302264ms)
✔ unresolved numeric lines never merge with each other or contaminate a later verified line (1.11827ms)
✔ cached inferred servings are unresolved while explicit shopper overrides keep their original amounts (0.19789ms)
✔ offline list reentry normalizes both meal view and summary without changing pending request bodies (1.829057ms)
✔ label and unit edits keep server quantity warnings through cache reentry and summary rebuilding (0.983191ms)
✔ actual editor retains historical indexes and sends changed selections through catalog ids (4.466197ms)
✔ presentation prioritizes an unknown write over an already saved plan (7.745425ms)
✔ a changed requirement cannot be confirmed and a planned meal opens all recipes (0.462067ms)
✔ V4 prices keep different manual ingredient rows separate and actual zero does not mark purchased (5.049367ms)
✔ reference quotes use trusted quantities and retain missing or stale values as unknown (0.786219ms)
✔ same recipe ingredient across two meals records one actual spend and estimates both quantities (2.478619ms)
✔ cooking progress is scoped by account and plan revision (1.322978ms)
✔ workspace controlled flow uses server preview then exact confirmation and links same week (40.42366ms)
✔ dirty workspace cannot begin a controlled write and cancel never confirms (5.533464ms)
✔ unknown task remains visible after reentry and recovery never creates another preview (10.62276ms)
✔ late controlled result cannot write report into another account page (13.882404ms)
✔ today ignores a stale saved target after a China natural day changes (1.702857ms)
✔ explicit historical editing preserves its date and same-day choices stay valid (0.216179ms)
✔ shared homepage keeps one optional requirements entry and an independent people control (2.441106ms)
✔ empty, generated, planned and needs-input states have one explicit next action (0.799121ms)
✔ unknown recovery outranks generation and invalid people input (0.224118ms)
✔ offline recovery outranks generation and invalid people input (0.127874ms)
✔ conflict recovery outranks generation and invalid people input (0.155794ms)
✔ saved meal people are restored and inline edits affect only the selected meal (21.423702ms)
✔ inline stepper and numeric entry enforce integer people from 1 to 50 (9.768187ms)
✔ a new meal uses wrapped saved preferences without merging hard exclusions into current text (4.795491ms)
✔ clearing or canceling current requirements never clears saved hard exclusions (17.897457ms)
✔ a blank optional requirement can generate using the selected target and people (4.914612ms)
✔ needs-input presents the exact existing server reason without guessing a new reason (3.616907ms)
✔ saving a generated menu reviews a target before confirming and never records eaten (5.634532ms)
✔ canceling the calendar confirmation prevents a stale approval from saving (3.098269ms)
✔ advanced controls open separately and canceled settings do not overwrite inline people (3.605302ms)
✔ returning from preferences refreshes exclusions without replacing current-meal people (4.85053ms)
✔ invalid people input never follows a meal change (3.981101ms)
✔ invalid people input never follows a account change (4.616145ms)
✔ offline context controls cannot hide the recovery action by creating an unsynced edit (2.866474ms)
✔ late preference refresh cannot replace the next account hard exclusions (13.74562ms)
✔ invalid people input does not disable onCancelTask (0.229507ms)
✔ invalid people input does not disable onViewRecipes (0.077595ms)
✔ invalid people input does not disable onViewPlan (0.058221ms)
✔ people edits cannot interrupt generation or disable its cancellation (2.527534ms)
✔ invalid people block direct generation and saving and invalidate an open calendar confirmation (3.245575ms)
✔ today generates immediately after people input without a blur or a preference write (3.206214ms)
✔ result generates immediately after people input without a blur or a preference write (3.687157ms)
✔ assistant generates immediately after people input without a blur or a preference write (2.862178ms)
✔ an unknown calendar save retains its target panel with recovery and retries the original payload (3.264223ms)
✔ a late successful exclusion refresh cannot overwrite the newest summary for the same meal (2.111919ms)
✔ a late failed exclusion refresh cannot overwrite the newest summary for the same meal (2.176942ms)
✔ the homepage shows saved exclusions and failed reads but hides a confirmed empty list (2.078489ms)
✔ a new draft can be saved after independently recording actual food without changing that record (3.464867ms)
✔ failed requirements save 503 exposes recovery immediately and cancel does not reapply its text (3.744531ms)
✔ failed requirements save 409 exposes recovery immediately and cancel does not reapply its text (2.113706ms)
✔ open meal result waits for the draft save and carries the selected meal target (9.945292ms)
✔ a changed account during the save never opens the previous meal route (2.955898ms)
✔ failed draft save keeps the current page and tells the user what remains unsaved (1.646837ms)
✔ a late preference read cannot initialize the next account with the previous target (23.026163ms)
✔ primary action is usable after select settles (20.388182ms)
✔ primary action is usable after keep settles (7.217052ms)
✔ primary action is usable after cancel settles (4.930442ms)
✔ confirmed plan enables the cooking action after its refresh finishes (3.002779ms)
✔ command failure and original-payload retry both leave the primary action usable (5.587031ms)
✔ failed confirmation can be retried without leaving its next action disabled (3.182044ms)
✔ conflict reload success and failure derive the current enabled action (5.645874ms)
✔ busy state disables the primary action and still blocks duplicate submissions (3.046629ms)
✔ unsaved context cannot be confirmed even when the page is idle (2.880504ms)
✔ late command success cannot clear the next account busy state (4.058726ms)
✔ late command failure cannot clear the next account busy state (3.789413ms)
✔ canceling a requirements sheet does not edit the authoritative draft (11.303553ms)
✔ applying requirements after an account change never edits the new account (3.296781ms)
✔ late apply success cannot close a reopened sheet for the next account (1.800949ms)
✔ late apply failure cannot replace the new sheet feedback (1.721325ms)
✔ typing a new restriction while saving keeps the sheet and newer text for explicit resubmission (2.355046ms)
✔ a sheet opened before first creation accepts the expected null-to-ID transition in the same store (4.792892ms)
✔ a replaced store cannot receive a sheet opened against the old store (1.572601ms)
ℹ tests 785
ℹ suites 0
ℹ pass 785
ℹ fail 0
ℹ cancelled 0
ℹ skipped 0
ℹ todo 0
ℹ duration_ms 1691.696311
[
  {
    "check": "G1 syntax",
    "kind": "static",
    "status": "passed",
    "evidence": {
      "files": 202,
      "roots": [
        "app",
        "pages",
        "utils",
        "components",
        "templates",
        "design",
        "explicit tests"
      ]
    },
    "limitation": "Static source contracts only; no native layout, screen-reader, device or model verification.",
    "errors": []
  },
  {
    "check": "G1 template registration, handler references and nested taps",
    "kind": "static",
    "status": "passed",
    "evidence": {
      "templates": 49,
      "handlerScope": "page and imported utility source; not dynamic execution"
    },
    "limitation": "Static source contracts only; no native layout, screen-reader, device or model verification.",
    "errors": []
  },
  {
    "check": "G1 ordinary reachable copy (both feature branches)",
    "kind": "static",
    "status": "passed",
    "evidence": {
      "templates": 24
    },
    "limitation": "Static source contracts only; no native layout, screen-reader, device or model verification.",
    "errors": []
  },
  {
    "check": "G1 asset references and density tokens",
    "kind": "static",
    "status": "passed",
    "evidence": {
      "body": 16,
      "touch": 44,
      "button": 48
    },
    "limitation": "Static source contracts only; no native layout, screen-reader, device or model verification.",
    "errors": []
  },
  {
    "check": "G1 audited UI contracts",
    "kind": "automated",
    "status": "passed",
    "evidence": [
      "tests/account-boundaries.test.js",
      "tests/api-account-retry.test.js",
      "tests/api-identity-success.test.js",
      "tests/assistant-history.test.js",
      "tests/calendar-actual-recovery.test.js",
      "tests/controlled-harness.test.js",
      "tests/detail-servings.test.js",
      "tests/diet-report-api.test.js",
      "tests/diet-report.test.js",
      "tests/dish-workspace-handoff.test.js",
      "tests/experience-actions.test.js",
      "tests/experience-calendar.test.js",
      "tests/experience-components.test.js",
      "tests/experience-composition.test.js",
      "tests/experience-diet-review.test.js",
      "tests/experience-journeys.test.js",
      "tests/experience-personal-recipes.test.js",
      "tests/experience-recipe-selection.test.js",
      "tests/experience-save-target.test.js",
      "tests/experience-shopping-list.test.js",
      "tests/experience-shopping-preview.test.js",
      "tests/favorite-meal-entry.test.js",
      "tests/frontend-workflow-regressions.test.js",
      "tests/history-workspace-target.test.js",
      "tests/legacy-meal-import.test.js",
      "tests/login-readiness.test.js",
      "tests/meal-actual-entry.test.js",
      "tests/meal-actual-identity.test.js",
      "tests/meal-cooking.test.js",
      "tests/meal-dates.test.js",
      "tests/meal-navigation-hierarchy.test.js",
      "tests/meal-workflow.test.js",
      "tests/meal-workspace.test.js",
      "tests/menu-workspace-handoff.test.js",
      "tests/page-contracts.test.js",
      "tests/page-identity-regressions.test.js",
      "tests/page-purpose-copy.test.js",
      "tests/personal-recipe-pages.test.js",
      "tests/personal-recipes.test.js",
      "tests/preference-scope.test.js",
      "tests/profile-entry-hierarchy.test.js",
      "tests/recipe-interaction-hierarchy.test.js",
      "tests/recipe-quality.test.js",
      "tests/shopping-capability-race.test.js",
      "tests/shopping-drafts.test.js",
      "tests/shopping-edit-intent.test.js",
      "tests/shopping-view-hierarchy.test.js",
      "tests/ui-assets.test.js",
      "tests/ui-components.test.js",
      "tests/ui-self-check.test.js",
      "tests/ui-state-presentation.test.js",
      "tests/v4-business-contracts.test.js",
      "tests/v4-local-features.test.js",
      "tests/workspace-controlled-flow.test.js",
      "tests/workspace-day-boundary.test.js",
      "tests/workspace-homepage.test.js",
      "tests/workspace-navigation.test.js",
      "tests/workspace-page.test.js",
      "tests/workspace-primary-action.test.js",
      "tests/workspace-requirements-sheet.test.js"
    ],
    "limitation": "Literal API receipts and WeChat stubs, not model/native tests."
  }
]
