[INFO] Scanning for projects...
[INFO]
[INFO] --------------------< com.eatwhat:eatwhat-backend >---------------------
[INFO] Building 吃什么小程序后端 1.0.0
[INFO]   from pom.xml
[INFO] --------------------------------[ jar ]---------------------------------
[WARNING] The artifact mysql:mysql-connector-java:jar:8.0.33 has been relocated to com.mysql:mysql-connector-j:jar:8.0.33: MySQL Connector/J artifacts moved to reverse-DNS compliant Maven 2+ coordinates.
[INFO]
[INFO] --- jacoco:0.8.12:prepare-agent (default) @ eatwhat-backend ---
[INFO] argLine set to -javaagent:/workspace/scratch/cfdaa9512d5a/miniapp-experience-implementation-20261009/work/.superpowers/m2/org/jacoco/org.jacoco.agent/0.8.12/org.jacoco.agent-0.8.12-runtime.jar=destfile=/workspace/scratch/cfdaa9512d5a/miniapp-experience-implementation-20261009/work/backend/target/jacoco.exec
[INFO]
[INFO] --- resources:3.2.0:resources (default-resources) @ eatwhat-backend ---
[INFO] Using 'UTF-8' encoding to copy filtered resources.
[INFO] Using 'UTF-8' encoding to copy filtered properties files.
[INFO] Copying 4 resources
[INFO]
[INFO] --- compiler:3.10.1:compile (default-compile) @ eatwhat-backend ---
[INFO] Nothing to compile - all classes are up to date
[INFO]
[INFO] --- resources:3.2.0:testResources (default-testResources) @ eatwhat-backend ---
[INFO] Using 'UTF-8' encoding to copy filtered resources.
[INFO] Using 'UTF-8' encoding to copy filtered properties files.
[INFO] Copying 1 resource
[INFO]
[INFO] --- compiler:3.10.1:testCompile (default-testCompile) @ eatwhat-backend ---
[INFO] Nothing to compile - all classes are up to date
[INFO]
[INFO] --- surefire:2.22.2:test (default-test) @ eatwhat-backend ---
[INFO]
[INFO] -------------------------------------------------------
[INFO]  T E S T S
[INFO] -------------------------------------------------------
[INFO] Running com.eatwhat.dto.LegacyStatisticsBasisTest
[INFO] Tests run: 1, Failures: 0, Errors: 0, Skipped: 0, Time elapsed: 0.426 s - in com.eatwhat.dto.LegacyStatisticsBasisTest
[INFO] Running com.eatwhat.service.DietReviewCalculatorTest
[INFO] Tests run: 3, Failures: 0, Errors: 0, Skipped: 0, Time elapsed: 0.143 s - in com.eatwhat.service.DietReviewCalculatorTest
[INFO] Running com.eatwhat.service.ShoppingListReliabilityTest
[INFO] Tests run: 4, Failures: 0, Errors: 0, Skipped: 0, Time elapsed: 0.741 s - in com.eatwhat.service.ShoppingListReliabilityTest
[INFO] Running com.eatwhat.service.WorkspacePlanSnapshotTest
[INFO] Tests run: 1, Failures: 0, Errors: 0, Skipped: 0, Time elapsed: 0.098 s - in com.eatwhat.service.WorkspacePlanSnapshotTest
[INFO] Running com.eatwhat.service.V4ShoppingContractTest
[INFO] Tests run: 13, Failures: 0, Errors: 0, Skipped: 0, Time elapsed: 0.891 s - in com.eatwhat.service.V4ShoppingContractTest
[INFO] Running com.eatwhat.service.MealPlanServiceTest
[INFO] Tests run: 2, Failures: 0, Errors: 0, Skipped: 0, Time elapsed: 0.26 s - in com.eatwhat.service.MealPlanServiceTest
[INFO] Running com.eatwhat.service.V4ActualHistoryContractTest
[INFO] Tests run: 6, Failures: 0, Errors: 0, Skipped: 0, Time elapsed: 0.088 s - in com.eatwhat.service.V4ActualHistoryContractTest
[INFO] Running com.eatwhat.service.ShoppingMutationServiceTest
[INFO] Tests run: 2, Failures: 0, Errors: 0, Skipped: 0, Time elapsed: 0.04 s - in com.eatwhat.service.ShoppingMutationServiceTest
[INFO] Running com.eatwhat.service.MealConsumptionServiceTest
[INFO] Tests run: 3, Failures: 0, Errors: 0, Skipped: 0, Time elapsed: 0.015 s - in com.eatwhat.service.MealConsumptionServiceTest
[INFO] Running com.eatwhat.service.FavoriteDishVisibilityTest
WARN c.e.c.FavoriteDishController - 【添加收藏】用户未登录
WARN c.e.c.FavoriteDishController - 【添加收藏】dishId为空
[INFO] Tests run: 5, Failures: 0, Errors: 0, Skipped: 0, Time elapsed: 0.055 s - in com.eatwhat.service.FavoriteDishVisibilityTest
[INFO] Running com.eatwhat.service.WorkspaceTargetSaveTest
[INFO] Tests run: 9, Failures: 0, Errors: 0, Skipped: 0, Time elapsed: 0.309 s - in com.eatwhat.service.WorkspaceTargetSaveTest
[INFO] Running com.eatwhat.service.RecommendationHistoryEvidenceTest
[INFO] Tests run: 3, Failures: 0, Errors: 0, Skipped: 0, Time elapsed: 0.001 s - in com.eatwhat.service.RecommendationHistoryEvidenceTest
[INFO] Running com.eatwhat.service.MealWorkspaceRulesTest
[INFO] Tests run: 9, Failures: 0, Errors: 0, Skipped: 0, Time elapsed: 0.016 s - in com.eatwhat.service.MealWorkspaceRulesTest
[INFO] Running com.eatwhat.service.DietReportFoundationTest
[INFO] Tests run: 6, Failures: 0, Errors: 0, Skipped: 0, Time elapsed: 0.029 s - in com.eatwhat.service.DietReportFoundationTest
[INFO] Running com.eatwhat.service.ShoppingAddReceiptTest
[INFO] Tests run: 3, Failures: 0, Errors: 0, Skipped: 0, Time elapsed: 0.041 s - in com.eatwhat.service.ShoppingAddReceiptTest
[INFO] Running com.eatwhat.service.PersonalRecipeFoundationTest
[INFO] Tests run: 21, Failures: 0, Errors: 0, Skipped: 0, Time elapsed: 0.207 s - in com.eatwhat.service.PersonalRecipeFoundationTest
[INFO] Running com.eatwhat.service.WorkspaceInteractionCompatibilityTest
[INFO] Tests run: 8, Failures: 0, Errors: 0, Skipped: 0, Time elapsed: 0.164 s - in com.eatwhat.service.WorkspaceInteractionCompatibilityTest
[INFO]
[INFO] Results:
[INFO]
[INFO] Tests run: 99, Failures: 0, Errors: 0, Skipped: 0
[INFO]
[INFO]
[INFO] --- jacoco:0.8.12:report (report) @ eatwhat-backend ---
[INFO] Loading execution data file /workspace/scratch/cfdaa9512d5a/miniapp-experience-implementation-20261009/work/backend/target/jacoco.exec
[INFO] Analyzed bundle '吃什么小程序后端' with 186 classes
[INFO] ------------------------------------------------------------------------
[INFO] BUILD SUCCESS
[INFO] ------------------------------------------------------------------------
[INFO] Total time:  6.698 s
[INFO] Finished at: 2026-10-09T15:59:21-07:00
[INFO] ------------------------------------------------------------------------
