✔ four navigation labels preserve today recipes calendar and profile destinations (2.383303ms)
✔ profile keeps independent list review account data and privacy routes (2.053321ms)
✔ profile privacy entry opens the platform privacy statement on demand (1.067383ms)
✔ shared text and controls use body 16 touch 44 and button 48 (1.053317ms)
✔ replace dispatch is isolated from the dish detail tap (2.573781ms)
✔ dish detail tap and busy replacement obey the command boundary (1.147734ms)
✔ broken image retains the same dish name and a category placeholder (1.050644ms)
✔ changing image identity clears a previous failure without changing dish ownership (1.270434ms)
✔ dish duration metadata distinguishes explicitly unknown evidence (1.18977ms)
✔ dish duration metadata distinguishes verified evidence (1.304141ms)
✔ dish duration metadata distinguishes estimated evidence (1.111858ms)
✔ dish duration metadata distinguishes unreviewed verified claim evidence (1.541383ms)
✔ dish duration metadata distinguishes legacy without evidence evidence (0.818453ms)
✔ breakfast side placeholder resolves to food line art rather than the info fallback (1.999757ms)
✔ ingredient actions report source IDs without mutating business data (1.00469ms)
✔ busy ingredient row never emits editing or checked mutations (0.738722ms)
✔ composition summary exposes separate people and composition actions (1.013641ms)
✔ persistent feedback announces the result and emits only an available next action (1.130603ms)
✔ sheet optional restorefocus event drives an input focus property in a host harness after hiding (2.098217ms)
✔ busy sheet mask does not close or restore focus (0.851336ms)
✔ sheet reserves safe area and keyboard space while keeping the body scrollable (0.998833ms)
✔ sheet measures wrapped headers and footers before sizing its scroll body (2.321819ms)
✔ oversized chrome uses native whole-panel scrolling within the keyboard-visible viewport (1.115389ms)
✔ keyboard leaving 47px space requests native dismissal without exceeding that space (1.046654ms)
✔ keyboard leaving 10px space requests native dismissal without exceeding that space (0.845411ms)
✔ keyboard leaving 0px space requests native dismissal without exceeding that space (0.965186ms)
✔ sheet reduces its decorative margin before sacrificing a full primary hit target (0.888826ms)
✔ an explicitly zero-height window is not replaced by a fictitious default viewport (0.730421ms)
✔ failed native keyboard dismissal leaves a bounded panel and an honest instruction (1.064888ms)
✔ a queued sheet measurement cannot query a detached component (1.206627ms)
✔ reduced motion sets dish feedback and sheet dynamic durations to zero (2.31758ms)
✔ account B cannot read account A composition or motion preference (0.882423ms)
✔ optional preference read failure returns a safe view without overwriting unread settings (0.778163ms)
✔ an optional storage read failure does not abort hidden sheet attachment (1.072099ms)
✔ settings finishes loading recommendation preferences when local motion settings cannot be read (1.657579ms)
✔ preference snapshots cannot mutate persisted compositions and reject invalid values (0.350659ms)
✔ settings toggles motion separately from long-term recommendation preferences (1.05544ms)
✔ motion storage failure preserves the visible setting and announces an unsaved result (1.140524ms)
✔ settings reloads local motion preference when the account changes (1.163072ms)
✔ compact rows flow with long text and keep scalable body text and real hit areas (0.408419ms)
✔ compact-dish-row refreshes retained motion on visibility and account changes without reattachment (1.050704ms)
✔ compact-dish-row newly displayed content reads current motion preference (1.217114ms)
✔ action-feedback refreshes retained motion on visibility and account changes without reattachment (0.921297ms)
✔ action-feedback newly displayed content reads current motion preference (0.717369ms)
✔ summaryCountsRemainSourceCounts (8.506876ms)
✔ mixedUnitsNeverCoerce (0.97858ms)
✔ legacy source objects preserve dish name date and meal rather than saying manual (0.349729ms)
✔ same dish on different dates or meals has distinct stable group keys and starts collapsed (3.320089ms)
✔ summary checks only visible pending sources without reversing already purchased sources (6.05639ms)
✔ summary and source row identities survive filtering and use keys rather than render indices (0.464205ms)
✔ single-source quantity opens the real editor while a merged row only expands its editable sources (2.356218ms)
✔ unconfirmed check never moves or marks an item and success briefly displays bought before removing it (3.26184ms)
✔ bought then undo returns to the original row and scroll position using the receipt version (4.061714ms)
✔ createCheckUndo requires a successful homogeneous state transition and an authoritative newer version (0.495525ms)
✔ 409 undo refreshes without force-rebasing or reversing a newer shopper choice (4.942251ms)
✔ refresh invalidates an old undo and explains how to change purchased items back (3.878353ms)
✔ other-write invalidates an old undo and explains how to change purchased items back (3.536356ms)
✔ new-version invalidates an old undo and explains how to change purchased items back (3.079908ms)
✔ reduced motion commits and moves the row immediately without suppressing the success result (2.723747ms)
✔ unknownOutcomeReusesOriginalRequest across page reentry and a changed local version (8.18366ms)
✔ network failure keeps the inverse operation original and does not offer another undo (3.080672ms)
✔ a stale late receipt cannot replace a newer list or create a usable undo (2.55791ms)
✔ account changes reject late receipts and clear the previous owners transition feedback and undo (2.955559ms)
✔ the page only has pending and bought states and reuses compact rows and persistent action feedback (1.825184ms)
✔ cost UI and automatic capability or quote reads are hidden without deleting old expenses (2.899687ms)
✔ clear checked confirms the exact source count and leaves calendar recipe and actual records outside the write (3.435053ms)
✔ clear all confirms the exact source count and leaves calendar recipe and actual records outside the write (2.293025ms)
✔ manual notes remain visible in source details and a dish-source detail button expands that item only (2.054065ms)
✔ a second concurrent check cannot run until the first receipt arrives (2.907171ms)
✔ an unusable check receipt keeps the original request pending and never manufactures success or undo (2.323466ms)
✔ a clear confirmation cannot silently authorize a changed count or another account (2.01846ms)
✔ undo from purchased view restores its prior purchased state rather than assuming unchecked (3.04508ms)
✔ display-only merges never expand the itemIds or origins of individual by-dish rows (0.172381ms)
✔ undo rejects an unversioned prior list rather than assuming that any new receipt is safe (0.124069ms)
✔ compact wrapper adds no vertical padding around the 52px ingredient row (0.213529ms)
✔ explicit failed receipts never mark success even when they carry a newer snapshot (3.078822ms)
✔ a refresh begun before a successful check cannot rewind the confirmed list or cache (3.056896ms)
✔ folded dish source headers use an existing icon rather than the unknown-icon fallback (0.160521ms)
✔ visible draft retry preserves newer confirmed state for forward checks (3.707975ms)
✔ visible draft retry preserves newer confirmed state for inverse checks (3.959461ms)
✔ visible draft retry retains the original operation after failed receipt (4.592549ms)
✔ visible draft retry retains the original operation after missingList receipt (2.95373ms)
✔ visible draft retry retains the original operation after null receipt (4.593665ms)
✔ visible draft retry retains the original operation after missingVersion receipt (9.306047ms)
✔ visible draft retry retains the original operation after oldVersion receipt (2.932756ms)
✔ visible draft retry retains the original operation after wrongCheckedState receipt (2.772895ms)
✔ visible draft retry retains the original operation after missingItem receipt (3.205517ms)
✔ merged quantity remains unknown after overflow even when later sources are small (0.322851ms)
✔ failed inverse replay retains the exact inverse request and purchased state (4.131234ms)
✔ direct inverse rejects missing checked state (3.622669ms)
✔ replayed inverse rejects missing checked state (4.292851ms)
✔ direct inverse rejects null checked state (3.339182ms)
✔ replayed inverse rejects null checked state (3.978403ms)
✔ direct inverse rejects string checked state (5.515327ms)
✔ replayed inverse rejects string checked state (3.776461ms)
✔ direct inverse rejects number checked state (3.17773ms)
✔ replayed inverse rejects number checked state (3.684ms)
✔ undo construction requires explicit boolean before and after states (0.211077ms)
✔ original check survives unload before {"isNetworkError":true} and exact reentry replay (3.924625ms)
✔ original check survives unload before {"statusCode":503} and exact reentry replay (3.208626ms)
✔ HTTP 500 keeps original shopping request unknown (2.301211ms)
✔ HTTP 502 keeps original shopping request unknown (2.630151ms)
✔ HTTP 503 keeps original shopping request unknown (2.585498ms)
✔ HTTP 504 keeps original shopping request unknown (2.494018ms)
✔ inverse check is durable before unload and keeps restore context through replay (5.452063ms)
✔ pending original remains in account A when account switches before rejection (2.139787ms)
✔ late direct completion cannot retire or apply over a replacement journal request (2.635299ms)
✔ late journal replay cannot remove the replacement that shares its operation ID (2.156274ms)
ℹ tests 108
ℹ suites 0
ℹ pass 108
ℹ fail 0
ℹ cancelled 0
ℹ skipped 0
ℹ todo 0
ℹ duration_ms 298.68372
