✔ profile draft from A cannot be written to B even before onShow (2.686307ms)
✔ failed calendar read in B clears A meals and plan markers (2.496583ms)
✔ failed report read in B clears A report (2.051489ms)
✔ shopping retry retains original version until explicit conflict, resets on account change (4.195381ms)
✔ assistant settings replace the previous date/meal prefix and retain the typed requirement (2.305589ms)
✔ assistant confirmation dialogs cannot act for an account switched before confirm (8.920574ms)
✔ assistant shopping selection uses the verified plan for all source rows (1.986599ms)
✔ result dialogs discard their captured plan and pending date after account switch (1.677507ms)
✔ assistant calendar confirmation retains its idempotency key after unknown network result (1.230571ms)
✔ a delayed shopping write retry cannot use the next account token (9.387178ms)
✔ F02 HTTP success rejects old user identity (6.409047ms)
✔ F02 HTTP success rejects old missing user ID identity (1.599134ms)
✔ F02 HTTP success rejects old anonymous login identity (1.71606ms)
✔ F02 HTTP success rejects old logout identity (1.50993ms)
✔ F02 same-account token refresh retains successful results (3.5045ms)
✔ F02 same-account 401 refresh retries without deduplication deadlock (7.913982ms)
✔ late history list cannot appear after an account switch (6.771009ms)
✔ history is read-only and importing rereads the recipe version (2.304765ms)
✔ calendar detail re-entry recovers the original actual request despite a newer plan (24.827863ms)
✔ server summary is reviewed before exact token confirmation; saving does not mark actual (3.442063ms)
✔ cancelled modal never commits and a later explicit run can create a fresh preview (0.458743ms)
✔ unknown confirm recovers original durable task without a new preview or second modal (4.118065ms)
✔ partial failure reads original task then retries only its remaining server steps (0.956822ms)
✔ unknown preview queries original request before retrying the identical request (0.975426ms)
✔ account change during preview or modal discards callbacks and never commits (0.663645ms)
✔ double clicks share one run and disposed target cannot commit (0.612274ms)
✔ recovery never invents a replacement task when a known task temporarily disappears (1.193165ms)
✔ changing the target does not replace an unresolved task or confirm another meal (0.905771ms)
✔ a definitive preview rejection is retryable as a fresh preview, not stuck in recovery (1.990163ms)
✔ recovery can finish a definitively rejected preview after proving no original task exists (0.531075ms)
✔ restarting while confirmation is still in flight preserves an unknown outcome (0.910166ms)
✔ dish detail obtains quantities and procurement for the actual meal people (8.522214ms)
✔ every diet review read has a new transport request so a correction cannot reuse an older read (4.712913ms)
✔ report nonce leaves other GET deduplication and account checks intact (2.35807ms)
✔ empty actual report retains all six sections and pending plans with provenance (4.16615ms)
✔ actual record link retains both date and meal type (0.882998ms)
✔ mismatched server range is an error rather than showing the wrong report (1.138107ms)
✔ last requested period wins even if old response or error arrives late (2.399729ms)
✔ account change while response is pending prevents private report and navigation reuse (1.011398ms)
✔ daily bars use observed maximum and details preserve unknown names and source targets (1.831057ms)
✔ explicit weekly report anchor survives onShow and rejects impossible calendar dates (1.119501ms)
✔ page unload discards late report responses and classification absence is explicit (2.418485ms)
✔ unknown rejection still clears stale content and exposes a retryable read error (0.929656ms)
✔ detail addition preserves existing choices and binds exact workspace revision (4.333277ms)
✔ duplicate selection stays unique and maximum ten is enforced (1.181596ms)
✔ real matched result says replaced dish and exposes real history undo (4.033735ms)
✔ unknown original request has neither success nor an effective undo (0.513469ms)
✔ mismatched request or later unrelated revision cannot report success (0.423702ms)
✔ replacement only marks that row busy and keeps old dishes until receipt (47.215993ms)
✔ failure keeps original dishes and shows unknown request recovery (6.697348ms)
✔ undo restores the real menu snapshot and never rewrites a saved calendar plan (15.296426ms)
✔ legacyLocksStayVisibleUntilAtomicCommand (10.616146ms)
✔ more operations use a visible sheet and requirements hold the sole meal conversation entry (3.944712ms)
✔ late receipt cannot replace next account menu or feedback (12.340639ms)
✔ minimized command receipt recovery retains old menu until authoritative reread (4.786652ms)
✔ minimized replay returned by the original command endpoint cannot erase the menu (4.861639ms)
✔ offline authoritative read after a minimized replay preserves dishes and the original request (10.235381ms)
✔ queued static acknowledgement stays pending until its exact completed revision is read (0.361845ms)
✔ another command at the expected revision cannot impersonate the original task completion (0.268292ms)
✔ reopening a completed static task verifies its original task identity before showing success (4.597666ms)
✔ a confirmed stop preserves menu version and never claims an unknown outcome (0.182224ms)
✔ unknown command disables the visible menu undo and replacement controls (8.539002ms)
✔ conflict retains legacy locks and old dishes without issuing a separate unlock (4.364911ms)
✔ late same-account response cannot overwrite the newly opened meal revision (12.432512ms)
✔ a superseded read cannot mark the next meal synced during receipt verification (2.35793ms)
✔ generation limitation keeps manual selection, dish reading and calendar accessible (3.578859ms)
✔ continuing this meal keeps its edited requirements and gives visible next-step feedback (13.655872ms)
✔ assistant history shows the original meal before a read-only import handoff (21.991854ms)
✔ pre-update pending command recovers via receipt without changing its payload (3.582578ms)
✔ pre-update pending command recovers via receipt after an offline source read without changing its payload (3.490891ms)
✔ pre-update pending command recovers via replay without changing its payload (3.395123ms)
✔ pre-update pending command recovers via replay after an offline source read without changing its payload (4.799102ms)
✔ legacy recovery without a reliable before snapshot restores the source without inventing success or undo (3.644622ms)
✔ old verification resolve cannot overwrite a newer stop success (7.747901ms)
✔ old verification resolve cannot overwrite a newer stop pending (4.532636ms)
✔ old verification resolve cannot overwrite a newer stop unknown (8.540827ms)
✔ old verification reject cannot overwrite a newer stop success (5.48104ms)
✔ old verification reject cannot overwrite a newer stop pending (5.012692ms)
✔ old verification reject cannot overwrite a newer stop unknown (4.596074ms)
✔ a current transport verification failure remains recoverable without another command (3.621593ms)
✔ a current wrong-task verification failure remains recoverable without another command (2.973927ms)
✔ stale today continuation resolve cannot act after account switch (4.473718ms)
✔ stale today continuation reject cannot act after account switch (3.505185ms)
✔ stale today continuation resolve cannot act after target switch (8.653397ms)
✔ stale today continuation reject cannot act after target switch (2.224408ms)
✔ stale result continuation resolve cannot act after account switch (3.524605ms)
✔ stale result continuation reject cannot act after account switch (4.322017ms)
✔ stale result continuation resolve cannot act after target switch (3.411681ms)
✔ stale result continuation reject cannot act after target switch (4.575232ms)
✔ stale assistant continuation resolve cannot act after account switch (4.051563ms)
✔ stale assistant continuation reject cannot act after account switch (3.407406ms)
✔ stale assistant continuation resolve cannot act after target switch (3.429186ms)
✔ stale assistant continuation reject cannot act after target switch (3.025673ms)
✔ today continuation opens only the successfully applied original meal (3.287413ms)
✔ result continuation opens only the successfully applied original meal (3.018862ms)
✔ eight combinations distinguish plan, actual and explicit skipped state (2.22213ms)
✔ actions follow date and plan availability and actual history is read first (1.068837ms)
✔ first eaten confirmation binds plan revision; editing eaten uses authoritative actual snapshot (18.825596ms)
✔ remove plan retains actual and copying never removes source or copies actual (25.04971ms)
✔ read-first detail has folded original plan, one adjust entry, distinct management and state commands (0.728957ms)
✔ quick confirmation exits to recoverable sheet on unknown result and conflict (2.909347ms)
✔ failed initial quick read shows full reload sheet instead of a dead confirm (0.32304ms)
✔ copy target conflict requires approval and never transmits actual fields (10.466562ms)
✔ copy failure leaves source and actual intact, and does not claim success (4.596848ms)
✔ quick entry after account switch cannot save or display a success (5.147532ms)
✔ calendar read rows protect long names and full-sized touch targets (0.366313ms)
✔ cooking reading does not invite future eaten confirmation and detail uses month-day heading (1.143629ms)
✔ late quick-entry read cannot change the new account sheet mode (5.140901ms)
✔ failed quick-entry read at Page level retains reload without throwing (4.405465ms)
✔ account reload clears the previous account quick confirmation and text (7.285721ms)
✔ cooking account reload also retires the old actual confirmation (5.064049ms)
✔ cooking eaten quick intent corrects skipped without silently submitting skipped (4.109619ms)
✔ committed copy with lost response retries identical request after target revision changes (5.945698ms)
✔ copy retry survives page re-entry and later source edits without copying actual (12.956478ms)
✔ pending copy can be recovered after source plan removal and stays scoped (23.028768ms)
✔ quick eaten intent does not replace an unresolved skipped request (2.708395ms)
✔ cooking quick edit of eaten keeps historical entries instead of later plan (4.503375ms)
✔ pending copy retry cannot cross accounts and can recover when owner returns (11.915078ms)
✔ concurrent target conflict resolves original request separately before new overwrite approval (6.290692ms)
✔ late account-change rejection preserves unresolved copy for the original owner (22.197351ms)
✔ four navigation labels preserve today recipes calendar and profile destinations (2.790667ms)
✔ profile keeps independent list review account data and privacy routes (3.294598ms)
✔ profile privacy entry opens the platform privacy statement on demand (8.348837ms)
✔ shared text and controls use body 16 touch 44 and button 48 (1.360003ms)
✔ replace dispatch is isolated from the dish detail tap (7.331234ms)
✔ dish detail tap and busy replacement obey the command boundary (1.813188ms)
✔ broken image retains the same dish name and a category placeholder (1.493208ms)
✔ changing image identity clears a previous failure without changing dish ownership (1.431864ms)
✔ dish duration metadata distinguishes explicitly unknown evidence (3.381599ms)
✔ dish duration metadata distinguishes verified evidence (1.354812ms)
✔ dish duration metadata distinguishes estimated evidence (1.157502ms)
✔ dish duration metadata distinguishes unreviewed verified claim evidence (1.159772ms)
✔ dish duration metadata distinguishes legacy without evidence evidence (1.142196ms)
✔ breakfast side placeholder resolves to food line art rather than the info fallback (2.518468ms)
✔ ingredient actions report source IDs without mutating business data (1.262499ms)
✔ busy ingredient row never emits editing or checked mutations (0.989498ms)
✔ composition summary exposes separate people and composition actions (1.300928ms)
✔ persistent feedback announces the result and emits only an available next action (1.72806ms)
✔ sheet optional restorefocus event drives an input focus property in a host harness after hiding (2.765396ms)
✔ busy sheet mask does not close or restore focus (1.156496ms)
✔ sheet reserves safe area and keyboard space while keeping the body scrollable (1.227329ms)
✔ sheet measures wrapped headers and footers before sizing its scroll body (3.98376ms)
✔ oversized chrome uses native whole-panel scrolling within the keyboard-visible viewport (1.679242ms)
✔ keyboard leaving 47px space requests native dismissal without exceeding that space (0.96878ms)
✔ keyboard leaving 10px space requests native dismissal without exceeding that space (1.505067ms)
✔ keyboard leaving 0px space requests native dismissal without exceeding that space (1.205719ms)
✔ sheet reduces its decorative margin before sacrificing a full primary hit target (1.122686ms)
✔ an explicitly zero-height window is not replaced by a fictitious default viewport (1.081899ms)
✔ failed native keyboard dismissal leaves a bounded panel and an honest instruction (1.323361ms)
✔ a queued sheet measurement cannot query a detached component (1.384278ms)
✔ reduced motion sets dish feedback and sheet dynamic durations to zero (2.417738ms)
✔ account B cannot read account A composition or motion preference (0.772452ms)
✔ optional preference read failure returns a safe view without overwriting unread settings (0.853032ms)
✔ an optional storage read failure does not abort hidden sheet attachment (1.380378ms)
✔ settings finishes loading recommendation preferences when local motion settings cannot be read (1.881581ms)
✔ preference snapshots cannot mutate persisted compositions and reject invalid values (0.369916ms)
✔ settings toggles motion separately from long-term recommendation preferences (0.967447ms)
✔ motion storage failure preserves the visible setting and announces an unsaved result (1.677764ms)
✔ settings reloads local motion preference when the account changes (1.30268ms)
✔ compact rows flow with long text and keep scalable body text and real hit areas (0.345465ms)
✔ compact-dish-row refreshes retained motion on visibility and account changes without reattachment (0.860426ms)
✔ compact-dish-row newly displayed content reads current motion preference (0.964519ms)
✔ action-feedback refreshes retained motion on visibility and account changes without reattachment (0.918188ms)
✔ action-feedback newly displayed content reads current motion preference (0.809282ms)
✔ empty meal selections route to picking instead of disabled calendar saving (0.373146ms)
✔ help describes replace undo and existing legacy locks without offering keep (0.157795ms)
✔ count validation permits four dishes and rejects invalid category boundaries (3.512457ms)
✔ manual normalization rejects zero total decimals and unknown keys before editing a workspace (1.583085ms)
✔ automatic people boundaries keep two-person one-meat one-veg and manual counts survive people changes (0.675254ms)
✔ six composition rows prioritize breakfast staple and side without removing soup and dessert (0.675242ms)
✔ deficits use factual dish categories and never infer a type from its name (0.486032ms)
✔ today applies a manual composition without replacing old dishes and remembers it only after sync (26.669768ms)
✔ result applies a manual composition without replacing old dishes and remembers it only after sync (10.140842ms)
✔ assistant applies a manual composition without replacing old dishes and remembers it only after sync (7.213021ms)
✔ composition controls disable every plus at ten and application at zero (4.459541ms)
✔ canceling composition keeps the original counts and never remembers a preset (4.979057ms)
✔ failed composition sync keeps entered counts and does not create a remembered suggestion (12.375815ms)
✔ composition opened before account change cannot write or remember in the next account (4.535339ms)
✔ late composition sync cannot close a next-account sheet or remember under its key (17.082186ms)
✔ remembered dinner counts initialize only an empty new dinner and never replace a saved workspace (11.737299ms)
✔ new meal suggestions cannot overwrite a cached unsynced composition (3.684695ms)
✔ real missing categories expose recovery without discarding a usable old menu (3.987185ms)
✔ unclassified dishes do not fabricate an exact shortage from their names (3.959278ms)
✔ requirements apply and temporary filters retain menus and never write hard exclusions (6.677588ms)
✔ independent people sheet retains the same stepper and cannot reset manual counts (4.771076ms)
✔ generated page declares permanent requirements filter selection and composition entry bindings (0.566155ms)
✔ repeated application and editing cannot race a pending composition save (17.138765ms)
✔ optional preference writes can fail after context sync without undoing application (5.444296ms)
✔ automatic restoration recalculates the current people suggestion without remembering another manual value (10.038786ms)
✔ a recovered original context request keeps its id and requires successful explicit application before remembering (5.924888ms)
✔ nonbreakfast side counts do not relabel factual soup or dessert categories as side (0.335701ms)
✔ filter surface explicitly keeps long-term exclusions and labels temporary clearing (0.248172ms)
✔ invalid people input also disables the new whole-menu regeneration action (0.179018ms)
✔ inherited object properties are never accepted as factual dish categories (0.115332ms)
✔ target and automatic summary reset together before a new preference read completes (4.185299ms)
✔ a version conflict keeps composition inputs and recovery ahead of new writes (6.36782ms)
✔ workspace routes carry the shared controls and name a result without assuming today (0.472916ms)
✔ actual coverage excludes skipped plans unrecorded and out-of-range rows without invented nutrition (12.100383ms)
✔ future records inside selected range do not count as observed eaten facts (0.502791ms)
✔ basis navigation retains actual target and refuses changed accounts (4.843093ms)
✔ replacement Page and real store submit a one-time command without permanent preference writes (13.973499ms)
✔ review and workspace expose generic evidence limits without per-dish causal claims (0.65301ms)
✔ zero observed days excludes future snapshots and never calls the period complete (0.386854ms)
✔ secondary details are opt-in and clearing report clears new presentation state (1.329926ms)
✔ first use through tomorrow, shopping undo, own recipe and next menu application (145.387614ms)
✔ registered ordinary pages have accessible root scaling, including the startup log (2.457987ms)
✔ ordinary tappable views and text expose button semantics to assistive technology (2.203387ms)
✔ bounded acceptance verifier exists without model/default suite runners (0.854169ms)
✔ calendar and reusable menus use readable image-fallback rows without replacement actions (7.175944ms)
✔ saving one dish opens returned detail ID with a clear destination and unknown time stays null (11.332141ms)
✔ missing name focuses that field and retains input (2.678525ms)
✔ missing ingredients focuses that field and retains input (3.722132ms)
✔ missing steps focuses that field and retains input (5.610461ms)
✔ unknownOutcomeReusesOriginalRequest after reentry and same name never updates existing dish (6.960543ms)
✔ clean create exit is immediate; dirty create exit offers keep or discard (3.309915ms)
✔ structured rename sends exact rich recipe content without losing object fields (7.089504ms)
✔ editor validates focus and dirty cancel keeps or discards while clean cancel needs no dialog (11.083929ms)
✔ optional existing serving description and image use explicit update flags, including clear (5.367498ms)
✔ recipe changes revoke verified preview without changing original quality evidence (5.557956ms)
✔ public copy delegates authenticated ownership to server, preserves source and opens own editor (3.826581ms)
✔ saving reusable menu only writes a template and preserves historical snapshots (5.507843ms)
✔ naming menu inherits selected meal people and dishes without reselection (4.131773ms)
✔ menu create/edit use separate canonical journal keys and legacy unknown requests migrate intact (6.035843ms)
✔ reuse with current draft requires old/new summary and cancellation changes nothing (13.928052ms)
✔ confirmed menu handoff is immutable and revision-bound, with no calendar write (4.956174ms)
✔ deletedTemplateDishBlocksSilentApply lists missing dishes and never silently shrinks selection (2.617505ms)
✔ menu editor save and delete cannot mutate historical snapshots; save-as-new preserves original template (5.819444ms)
✔ menu replacement dialog cannot complete under another account or changed target (10.17746ms)
✔ menu edit cancel confirms only actual changes and retain leaves draft intact (4.890201ms)
✔ editor optional panels, focus binding, three save labels and ignorable guide are wired (0.286738ms)
✔ menu naming opens with pinned target and loads the destination templates (4.226462ms)
✔ pending menu editor survives a fresh selected-meal initialization (10.348448ms)
✔ pending menu edit can recover the original receipt even if current template read is unavailable (10.274362ms)
✔ another account cannot see old recipe quality notice or save destination (9.354762ms)
✔ changing target while replacement dialog is open preserves the old handoff and blocks apply (18.10962ms)
✔ template delete is isolated from stored actual history and calendar writes (5.188642ms)
✔ menu apply refuses unresolved current local writes even when destination is a different target (2.589651ms)
✔ dirty custom form tab exit confirms keep/discard while unchanged editor needs no native guard (7.391151ms)
✔ unknown edits cannot be canceled or changed while receipt recovery is pending (4.006436ms)
✔ pending template selections stay read-only through selected-panel handlers (1.956954ms)
✔ workspace more-panel naming handoff reuses current draft/target and never stores another dish list (15.266685ms)
✔ guide is dismissible once per account and does not create a preference or extra write (5.570656ms)
✖ template editor cannot expose calendar save for its independent selection (0.882187ms)
✔ renaming a legacy recipe preserves untouched HTTP image without forcing an optional edit (6.743338ms)
✔ review F1: reachable template selected-list repairs deleted dish and saves same template (5.381406ms)
✔ review F2: explicit new-menu entry asks before replacing edited name, people, IDs and identity (4.30095ms)
✔ review F2: actual workspace naming entry keep preserves editor (22.556607ms)
✔ review F2: actual workspace naming entry discard opens meal IDs (12.718348ms)
✔ review F3: invalid create receipt null keeps original journal until replay succeeds (5.41843ms)
✔ review F3: invalid create receipt {} keeps original journal until replay succeeds (4.488332ms)
✔ review F3: invalid create receipt {"id":0} keeps original journal until replay succeeds (3.975035ms)
✔ review F3: invalid create receipt {"id":-1} keeps original journal until replay succeeds (4.434815ms)
✔ review F3: invalid create receipt {"id":"bad"} keeps original journal until replay succeeds (4.229921ms)
✔ review F4: menu name/people/IDs changes arm supported leave guard, revert and save clear it (8.738356ms)
✔ review F4: explicit page back offers keep/discard for changed template and cannot abandon pending write (9.99872ms)
✔ review F2 guard: account change during naming approval preserves current state (8.291889ms)
✔ review F2 guard: target change during naming approval preserves current state (6.704152ms)
✔ review F2 guard: selection change during naming approval preserves current state (18.526793ms)
✔ review F2 guard: form change during naming approval preserves current state (18.385961ms)
✔ review F2 guard: selection_status change during naming approval preserves current state (9.585071ms)
✔ review F4 guard: pending recovery success clears alert and owner switch clears old guard (13.085363ms)
✔ review F2 guard: selecting another template prompts before replacing dirty editor (5.744287ms)
✔ review F4 guard: a stale leave confirmation cannot discard an edit that became pending (8.532156ms)
✔ rereview R1: visible same-template edit after 409 keep preserves dirty inputs (10.666674ms)
✔ rereview R1: visible same-template edit after 409 approved latest read permits explicit save (12.737806ms)
✔ rereview Back: clean menu plus dirty custom form offers keep/discard before navigation (4.734649ms)
✔ rereview Back: both dirty editors must resolve before navigation (4.860779ms)
✔ rereview R1 guard: account change during refresh decision cannot reread or overwrite another owner (13.835736ms)
✔ rereview R1 guard: late latest-template read is rejected after account changes (8.26476ms)
✔ rereview R1 guard: unknown write blocks explicit refresh and still retries original version/request (10.298375ms)
✔ rereview R1 guard: failed snapshot reread retains local form and version until a complete read succeeds (9.163127ms)
✔ append deduplicates and retains all earlier dishes without truncating the eleventh (4.708856ms)
✔ selected summary derives empty unsaved saved and changed from one workspace confirmation (1.44138ms)
✔ detail append keeps the original target and prior dishes, stays in detail, and changes primary action (22.535977ms)
✔ list return retains search filters scroll and derives newly selected dishes from the workspace (21.704651ms)
✔ cancelled remove never changes a draft or writes calendar; confirmed remove keeps the remaining dishes (19.621617ms)
✔ last dish remains visible with an honest minimum-one limitation (11.544317ms)
✔ account switch clears prior selected UI before late recipe write can render (18.625762ms)
✔ manual selection shows actual composition and asks for the fixed target before any write (8.746763ms)
✔ concurrent revision changes reject selection without replacing the newer menu (7.422195ms)
✔ queued selection retains prior dishes until exact task completion and keeps recovery visible (9.018594ms)
✔ unavailable private recipe shows permission error rather than an empty recipe (1.46904ms)
✔ recipe UI has ordinary browse sources compact rows and explicit calendar destination (0.598889ms)
✔ recipe cooking reuses large-step reader and preserves progress without creating a plan or actual (5.069027ms)
✔ compact recipe row isolates detail and select events with an honest selected label (1.572503ms)
✔ explicit save entry opens the existing compact date and meal panel without committing (25.175089ms)
✔ receiving an older handoff cannot consume a newer selection while its command waits (26.531059ms)
✔ legacy selection with more than ten dishes is refused before a command can mutate the menu (34.759771ms)
✔ unknown selection preserves prior dishes and recovery retries only the original request (8.514492ms)
✔ same-account different-meal reentry cancels a stale confirmation without leaking busy state (12.002259ms)
✔ failed quantity preview never erases real original ingredients (3.554231ms)
✔ recipe recovery is a real visible button and component actions have reachable handlers (1.272788ms)
✔ missing detail route id degrades without throwing (1.815512ms)
✔ favorite selection unknown result exposes original-request recovery immediately (8.932409ms)
✔ recipe cooking reads the same JSON step array as detail (4.158459ms)
✔ personal menu edit still selects from compact row event without changing meal draft (12.537385ms)
✔ recipe templates contain no malformed opening tag and provide shared responsive row styles (0.724425ms)
✔ first recipe in an empty meal creates only a workspace then selects into that target (11.012019ms)
✔ leaving menu editing restores authoritative meal choices without writing either object (22.341846ms)
✔ unknown first workspace creation remains recoverable without inventing selection success (8.245829ms)
✔ original array ingredients remain readable when quantity preview is empty (4.863576ms)
✔ filtering favorites keeps the authoritative already-added markers (6.694876ms)
✔ deferred login initializes detail and current meal together without a second onShow (first authorization) (9.806961ms)
✔ deferred login initializes detail and current meal together without a second onShow (new account) (10.246966ms)
✔ permission retry reloads the authorized current meal as well as the recipe (9.617483ms)
✔ late login cannot initialize an unloaded recipe page (4.624951ms)
✔ recipe-only pending selection pins its original target across 2026-10-13 breakfast (13.17561ms)
✔ recipe-only pending selection pins its original target across 2026-10-12 dinner (10.682247ms)
✔ calendar target overrides a pinned recipe target and account switch never inherits either (5.341118ms)
✔ an initially unauthorized detail can retry after deferred login and use the new account meal (10.692187ms)
✔ account switch during post-login recipe read cannot render or initialize the old account (5.180812ms)
✔ visible account reentry supersedes old detail initialization (old response first) (8.0049ms)
✔ visible account reentry supersedes old detail initialization (new response first) (8.14673ms)
✔ same-account explicit retry owns initialization even when the older read completes (8.433288ms)
✔ a changed same-account read epoch restarts visible initialization instead of coalescing stale work (16.426063ms)
✔ new-account initialization failure ends loading with a visible current-account retry (10.085976ms)
✔ save snapshot is a deeply immutable source copy with real full-year dates (24.295226ms)
✔ saveSnapshotSurvivesMidnightAndRejectsAccountChange (10.774947ms)
✔ savesFrozenDraftToAnotherDate and preserves the source across a year boundary (10.833669ms)
✔ a destination with an existing menu requires a second review and its own revision (5.300409ms)
✔ target 409 retains panel and A; refreshing only the destination allows explicit replacement (7.311607ms)
✔ unknownOutcomeReusesOriginalRequest and locks a pending target against retargeting (4.929754ms)
✔ cancel writes nothing, malformed target blocks submission, and target reads cannot race (4.691493ms)
✔ busy confirmation locks changes, close, and duplicate submit; stale frozen menu cannot save (6.051276ms)
✔ legacy confirm omits optional targets and explicit targets validate before the HTTP boundary (2.939858ms)
✔ shared save sheet exposes target controls, summary, recovery and a fixed saved-meal action (0.51908ms)
✔ only the matching request version and exact target can acknowledge a calendar save (21.041965ms)
✔ a minimized request receipt retains A even when the subsequent source refresh is offline (3.121791ms)
✔ a source-side 409 cannot be cleared by merely refreshing a new destination (2.460926ms)
✔ a late target read after account replacement cannot modify the new account panel (5.675348ms)
✔ reopening Today after midnight recovers the old pending source and exact destination (6.864433ms)
✔ reopening Today after midnight keeps an unsaved cached menu but never reads the previous account draft (4.157522ms)
✔ offline reopening offers the original pending save recovery inside the sheet (5.784178ms)
✔ post-save dirty context stays active after midnight foreground (4.867734ms)
✔ post-save dirty context stays active after midnight reopening (5.729938ms)
✔ post-save synchronized context stays active after midnight foreground (4.036479ms)
✔ post-save synchronized context stays active after midnight reopening (4.209013ms)
✔ summaryCountsRemainSourceCounts (20.312734ms)
✔ mixedUnitsNeverCoerce (1.735769ms)
✔ legacy source objects preserve dish name date and meal rather than saying manual (0.47836ms)
✔ same dish on different dates or meals has distinct stable group keys and starts collapsed (5.460782ms)
✔ summary checks only visible pending sources without reversing already purchased sources (8.202766ms)
✔ summary and source row identities survive filtering and use keys rather than render indices (0.701552ms)
✔ single-source quantity opens the real editor while a merged row only expands its editable sources (4.042912ms)
✔ unconfirmed check never moves or marks an item and success briefly displays bought before removing it (10.965101ms)
✔ bought then undo returns to the original row and scroll position using the receipt version (8.134117ms)
✔ createCheckUndo requires a successful homogeneous state transition and an authoritative newer version (3.238515ms)
✔ 409 undo refreshes without force-rebasing or reversing a newer shopper choice (8.104065ms)
✔ refresh invalidates an old undo and explains how to change purchased items back (7.44839ms)
✔ other-write invalidates an old undo and explains how to change purchased items back (6.124958ms)
✔ new-version invalidates an old undo and explains how to change purchased items back (5.989847ms)
✔ reduced motion commits and moves the row immediately without suppressing the success result (4.202955ms)
✔ unknownOutcomeReusesOriginalRequest across page reentry and a changed local version (10.359069ms)
✔ network failure keeps the inverse operation original and does not offer another undo (9.611849ms)
✔ a stale late receipt cannot replace a newer list or create a usable undo (3.972732ms)
✔ account changes reject late receipts and clear the previous owners transition feedback and undo (3.883372ms)
✔ the page only has pending and bought states and reuses compact rows and persistent action feedback (2.74132ms)
✔ cost UI and automatic capability or quote reads are hidden without deleting old expenses (4.162725ms)
✔ clear checked confirms the exact source count and leaves calendar recipe and actual records outside the write (4.61139ms)
✔ clear all confirms the exact source count and leaves calendar recipe and actual records outside the write (3.821767ms)
✔ manual notes remain visible in source details and a dish-source detail button expands that item only (9.304781ms)
✔ a second concurrent check cannot run until the first receipt arrives (6.416148ms)
✔ an unusable check receipt keeps the original request pending and never manufactures success or undo (3.896115ms)
✔ a clear confirmation cannot silently authorize a changed count or another account (5.349539ms)
✔ undo from purchased view restores its prior purchased state rather than assuming unchecked (4.187131ms)
✔ display-only merges never expand the itemIds or origins of individual by-dish rows (0.255329ms)
✔ undo rejects an unversioned prior list rather than assuming that any new receipt is safe (0.275342ms)
✔ compact wrapper adds no vertical padding around the 52px ingredient row (0.25783ms)
✔ explicit failed receipts never mark success even when they carry a newer snapshot (5.560686ms)
✔ a refresh begun before a successful check cannot rewind the confirmed list or cache (5.351704ms)
✔ folded dish source headers use an existing icon rather than the unknown-icon fallback (0.204896ms)
✔ visible draft retry preserves newer confirmed state for forward checks (6.565595ms)
✔ visible draft retry preserves newer confirmed state for inverse checks (8.698103ms)
✔ visible draft retry retains the original operation after failed receipt (6.873788ms)
✔ visible draft retry retains the original operation after missingList receipt (4.752083ms)
✔ visible draft retry retains the original operation after null receipt (9.474224ms)
✔ visible draft retry retains the original operation after missingVersion receipt (24.133191ms)
✔ visible draft retry retains the original operation after oldVersion receipt (14.849469ms)
✔ visible draft retry retains the original operation after wrongCheckedState receipt (5.312129ms)
✔ visible draft retry retains the original operation after missingItem receipt (4.207744ms)
✔ merged quantity remains unknown after overflow even when later sources are small (0.399451ms)
✔ failed inverse replay retains the exact inverse request and purchased state (5.511577ms)
✔ direct inverse rejects missing checked state (6.048216ms)
✔ replayed inverse rejects missing checked state (6.75885ms)
✔ direct inverse rejects null checked state (5.209457ms)
✔ replayed inverse rejects null checked state (6.77501ms)
✔ direct inverse rejects string checked state (6.701521ms)
✔ replayed inverse rejects string checked state (6.504506ms)
✔ direct inverse rejects number checked state (3.921213ms)
✔ replayed inverse rejects number checked state (3.788286ms)
✔ undo construction requires explicit boolean before and after states (0.29681ms)
✔ original check survives unload before {"isNetworkError":true} and exact reentry replay (6.649066ms)
✔ original check survives unload before {"statusCode":503} and exact reentry replay (4.466932ms)
✔ HTTP 500 keeps original shopping request unknown (3.45398ms)
✔ HTTP 502 keeps original shopping request unknown (3.078189ms)
✔ HTTP 503 keeps original shopping request unknown (2.597886ms)
✔ HTTP 504 keeps original shopping request unknown (8.301664ms)
✔ inverse check is durable before unload and keeps restore context through replay (4.799582ms)
✔ pending original remains in account A when account switches before rejection (5.972439ms)
✔ late direct completion cannot retire or apply over a replacement journal request (3.426608ms)
✔ late journal replay cannot remove the replacement that shares its operation ID (4.977464ms)
✔ manual journals immutable original before boundary dispatch (4.585468ms)
✔ patch journals immutable original before boundary dispatch (4.800638ms)
✔ delete journals immutable original before boundary dispatch (5.544817ms)
✔ clear journals immutable original before boundary dispatch (4.686038ms)
✔ storage failure prevents shopping dispatch (3.515602ms)
✔ explicit terminal rejection removes only original request and permits fresh corrected intent (4.363212ms)
✔ late replay conflict cannot mark the replacement as conflicted (2.772704ms)
✔ read-only initial quantities and unknown source counts permit one-page confirmation (18.493453ms)
✔ home ingredients only leave this payload; success stays readable and cannot resubmit (2.770172ms)
✔ old receipt counts stay unknown (2.58111ms)
✔ unknownOutcomeReusesOriginalRequest across unload and return with edits frozen (6.264824ms)
✔ 409 preserves edits and reconfirms against latest checked list (2.46661ms)
✔ people change explains replacement first; missing servings retain original unknown text (2.926117ms)
✔ unreliable receipt cannot clear original payload or report success null (2.15252ms)
✔ unreliable receipt cannot clear original payload or report success {"success":false,"list":{"version":3,"dishes":[]}} (2.357407ms)
✔ unreliable receipt cannot clear original payload or report success {"list":{"version":2,"dishes":[]}} (2.24407ms)
✔ unreliable receipt cannot clear original payload or report success {"list":{"dishes":[]}} (1.900642ms)
✔ older valid replay acknowledges without rewinding newer cache (5.012241ms)
✔ compact summary and by-dish use the same source counts without auto inputs (3.521814ms)
✔ returning before submission restores editable preparation without loading forever (3.02536ms)
✔ late receipt after account change never writes or reports success (2.628137ms)
✔ a server timeout retains the original immutable request (2.304353ms)
✔ new selection is retained while an older unknown confirmation resolves (2.837179ms)
✔ partial or invalid receipt counts never invent numeric success (0.354307ms)
✔ source row editing stays attached after an earlier dish becomes empty (3.557171ms)
✔ verified public CALCULATED previews are not unknown; mixed/range/unit rows remain honest (2.425602ms)
✔ actual confirmed draft discard frees preparation for a new selection without resurrection (9.663168ms)
✔ actual successful draft replay retires its preparation snapshot and accepts a new selection (6.52543ms)
✔ actual conflict reconfirmation replaces preparation request and retains edits for unknown retry (14.307564ms)
✔ missing journal entry alone never certifies a pending preparation was discarded (4.830892ms)
✔ a still-mounted preparation cannot resurrect an explicitly discarded draft on unload or retry (7.589233ms)
✔ retired mounted page cannot overwrite a later new preparation on unload (6.727278ms)
✔ queued new selection survives old preparation retirement (7.198003ms)
✔ late failed confirmation cannot resurrect a confirmed discarded preparation {"statusCode":409} (6.884907ms)
✔ late failed confirmation cannot resurrect a confirmed discarded preparation {"statusCode":400} (16.023365ms)
✔ late failed confirmation cannot resurrect a confirmed discarded preparation {"isNetworkError":true} (14.323638ms)
✔ late conflict cannot clear an externally reconfirmed replacement request (4.228126ms)
✔ late terminal error cannot overwrite a newer preparation after successful draft replay (5.072104ms)
✔ favorite entry preserves the chosen dish and ignores completion after account change (4.218786ms)
✔ FE-01 cached recipe tab consumes each profile menu shortcut exactly once (29.263056ms)
✔ menu shortcut preserves initial flag and explicit route entry (27.247882ms)
✔ FE-01 menu shortcut is consumed only for the current account after ownership changes (10.379287ms)
✔ FE-02 an empty Today meal picker follows the new China day after midnight (22.53949ms)
✔ explicit historical and future meal edits remain pinned after meal selection and midnight (31.904909ms)
✔ meal picker preserves a pending calendar edit target instead of treating it as following Today (17.407572ms)
✔ meal picker keeps a saved explicit future target pinned rather than following Today (17.771286ms)
✔ FE-03 detail addition uses the Today meal shown after a cold-start rollover (29.106559ms)
✔ FE-03 favorite addition uses the Today meal shown after a cold-start rollover (15.317496ms)
✔ add-to-meal preserves an explicitly displayed historical target across midnight (14.302985ms)
✔ FE-04 save selected dishes as a new menu clears an existing edit (5.496574ms)
✔ FE-04 save selected dishes as a new menu clears an existing edit after sheet reentry (5.767851ms)
✔ new-menu action cannot discard an unresolved edit write and retry retains the exact request (10.211823ms)
✔ an unsaved Today menu retains its source after midnight without an open save panel (13.105347ms)
✔ browsing historical meals does not change the account active target or draft (43.897333ms)
✔ validated history import stays selected through assistant to result and return (21.349234ms)
✔ a version change before explicit history handoff does not select a new target (2.665232ms)
✔ assistant revalidation rejects an updated history version before selecting its target (4.465618ms)
✔ a route alone without a validated explicit handoff does not change the shared target (6.272399ms)
✔ an account switch during history validation cannot hand off or select another account target (2.558321ms)
✔ an account switch during assistant revalidation cannot import or change the new target (6.180984ms)
✔ a replaced workspace initialization invalidates a pending history import (5.292479ms)
✔ a conflicted select preserves the explicitly chosen target without claiming a successful import (5.824003ms)
✔ unknown selection stays on its explicitly chosen target through onShow and original-request retry (7.964488ms)
✔ failed context save keeps the chosen target but cannot claim the history selection succeeded (4.990928ms)
✔ account switch during initial import select cannot commit a stale target (3.977683ms)
✔ account switch during import retry cannot commit a stale target (5.221053ms)
✔ history handoff accepts only the selected session target and version (2.967758ms)
✔ legacy multi meal drafts remain separate explicit imports with their people and source version (0.34619ms)
✔ login returns one awaitable outcome and concurrent clicks share the operation (3.233052ms)
✔ timeout resolves failure and late login cannot silently change identity (1.277679ms)
✔ platform rejection stays visible as a failed result (1.097099ms)
✔ actual quick entry keeps original payload and key after unknown save (7.971024ms)
✔ cancel account switch and future entry never save (0.55158ms)
✔ conflict reload retains input and requires a fresh explicit save (1.605609ms)
✔ skipped is a separate explicit save and closing alone writes nothing (0.750681ms)
✔ choosing actual type is read-only and the single confirm saves only that type (1.000796ms)
✔ unknown save does not let a different record type replace the original retry intent (0.42891ms)
✔ late save response cannot close the next account sheet (0.729358ms)
✔ changed displayed plan cannot be silently recorded as the new plan (2.463201ms)
✔ reopening a saved actual keeps it visible and confirmation retains the original entries (0.927882ms)
✔ reopening a skipped record does not silently convert it to eaten (0.541991ms)
✔ first changed actual keeps unique planned dish IDs and free text in both entry points (14.002305ms)
✔ retained actual snapshot wins over a current plan with the same dish name (2.515026ms)
✔ duplicate planned names never arbitrarily choose a dish identity in either entry point (2.157148ms)
✔ duplicate actual names retain separate snapshot indexes before planned identity (4.226837ms)
✔ deleted plan preserves actual snapshot identity and leaves unrelated input as free text (1.675764ms)
✔ changed displayed plan cannot relabel old text with a newly matching dish ID (2.003861ms)
✔ conflict reload keeps the initially displayed plan identity boundary without a caller revision (2.342996ms)
✔ first successful reload after a failed initial read preserves its plan identity boundary (2.195101ms)
✔ first successful reload after a failed initial read preserves its no-plan identity boundary (1.952199ms)
✔ first successful reload never replaces a caller-supplied displayed plan revision (3.108896ms)
✔ unknown changed-actual retry preserves the original IDs, versions and request ID (5.926849ms)
✔ an account switch blocks a pending changed-actual retry (3.337081ms)
✔ whole-meal cooking uses every saved recipe and completing steps does not record eating (7.815324ms)
✔ 月范围按真实天数且周范围从周一开始 (4.057411ms)
✔ 计划和实际记录均出现在当日餐次视图，撤销实际记录不抹掉计划 (0.488543ms)
✔ calendar opens the selected meal on the selected date (7.692662ms)
✔ a static meal name does not emit a misleading open action (1.039631ms)
✔ 采购汇总保留不同餐次来源及部分已买状态 (1.366395ms)
✔ 不同食材形态不能被汇总合并 (0.15885ms)
✔ manual counts survive people change and all meals use explicit Beijing targets (3.01698ms)
✔ unknown write keeps its original key and payload until explicit retry (1.711566ms)
✔ account switch discards a late workspace response and prevents stale writes (3.819682ms)
✔ a version conflict keeps local edits and stops new operations (0.593211ms)
✔ refresh never silently rebases unsynced local edits onto another device revision (0.542508ms)
✔ a slow read cannot replace a newer acknowledged cloud snapshot (0.684318ms)
✔ a create racing another device retains input and requires explicit conflict resolution (0.634809ms)
✔ server materializing empty criteria does not create a false first-meal conflict (0.506848ms)
✔ a different server constraint still blocks a racing create (1.37547ms)
✔ menu handoff carries server version and target into selection with its people count (23.026218ms)
✔ failed menu selection keeps the exact handoff available for retry (4.918456ms)
✔ menu for another target remains untouched (4.963656ms)
✔ inconsistent stored menu target is rejected before any context write (4.772001ms)
✔ calendar deep link retains an explicit meal target (6.448021ms)
✔ shopping filters retain the authoritative full list without another request (6.688887ms)
✔ purchase preview preserves two dates for the same dish and separate people counts (3.32599ms)
✔ all registered routes have valid event handlers, dark titles and the shared theme (31.549644ms)
✔ public component event bindings match events actually emitted by that component (5.270187ms)
✔ F01 account change clears private form and blocks save before onShow (20.14198ms)
✔ F01 account change clears private form and blocks save after onShow (12.281327ms)
✔ F01 late custom save clears old ownership without changing the new draft (9.636223ms)
✔ F01 same-account failed save and cancel preserve typed inputs (6.883186ms)
✔ F01 a calendar action sheet cannot submit a new account selection (8.530914ms)
✔ F01 plan overwrite confirmation rejects a token switch without a user ID (27.248489ms)
✔ F02 admin rejects late account data and unload callbacks (9.449145ms)
✔ F02 admin clears protected data for HTTP 401 (3.129944ms)
✔ F02 admin clears protected data for HTTP 403 (2.948372ms)
✔ F02 admin-dashboard rejects late account data and unload callbacks (6.336889ms)
✔ F02 admin-dashboard clears protected data for HTTP 401 (2.647223ms)
✔ F02 admin-dashboard clears protected data for HTTP 403 (3.289019ms)
✔ F02 admin-users rejects late account data and unload callbacks (6.513974ms)
✔ F02 admin-users clears protected data for HTTP 401 (3.159379ms)
✔ F02 admin-users clears protected data for HTTP 403 (2.338425ms)
✔ F02 admin-user-detail rejects late account data and unload callbacks (5.361687ms)
✔ F02 admin-user-detail clears protected data for HTTP 401 (2.754933ms)
✔ F02 admin-user-detail clears protected data for HTTP 403 (3.240582ms)
✔ F02 admin-dishes rejects late account data and unload callbacks (4.692914ms)
✔ F02 admin-dishes clears protected data for HTTP 401 (1.941174ms)
✔ F02 admin-dishes clears protected data for HTTP 403 (2.776934ms)
✔ F02 admin-audit rejects late account data and unload callbacks (9.34228ms)
✔ F02 admin-audit clears protected data for HTTP 401 (3.802661ms)
✔ F02 admin-audit clears protected data for HTTP 403 (3.227274ms)
✔ F02 admin keeps the latest authorized response when an older request fails (2.988716ms)
✔ F02 admin-users keeps the latest authorized response when an older request fails (2.530302ms)
✔ F02 admin-dishes keeps the latest authorized response when an older request fails (4.11602ms)
✔ F02 admin-audit keeps the latest authorized response when an older request fails (3.294002ms)
✔ F02 admin-users toggleStatus discards confirmation from the previous account (3.619025ms)
✔ F02 admin-user-detail toggleStatus discards confirmation from the previous account (3.033956ms)
✔ F02 admin-user-detail deleteDish discards confirmation from the previous account (2.984676ms)
✔ F02 admin-dishes togglePublished discards confirmation from the previous account (4.28499ms)
✔ F02 admin onDeleteDish discards confirmation from the previous account (3.498559ms)
✔ F04 backend replacement cannot overwrite a newer generation (28.990157ms)
✔ F04 local replacement cannot overwrite a newer generation (5.965697ms)
✔ F04 replacement rejects an account change before onShow (5.309608ms)
✔ F04 fallback cannot cross two tokens without a user ID (6.789165ms)
✔ F04 replacement preserves a concurrent change to another plan and stops on unload (11.003088ms)
✔ F01 an old selection event cannot create B shopping work before onShow (9.773403ms)
✔ round1 F01 onShowSelected rejects account changes before onShow with user ID (12.572318ms)
✔ round1 F01 onShowSelected rejects account changes before onShow without user ID (9.555831ms)
✔ round1 F01 onShowSelected ignores events after unload (7.650246ms)
✔ round1 F01 onRemoveSelected rejects account changes before onShow with user ID (7.50621ms)
✔ round1 F01 onRemoveSelected rejects account changes before onShow without user ID (9.81292ms)
✔ round1 F01 onRemoveSelected ignores events after unload (9.357069ms)
✔ round1 F01 onHideSelected rejects account changes before onShow with user ID (7.899189ms)
✔ round1 F01 onHideSelected rejects account changes before onShow without user ID (8.72612ms)
✔ round1 F01 onHideSelected ignores events after unload (7.878446ms)
✔ round1 F01 onTapDish rejects account changes before onShow with user ID (9.297458ms)
✔ round1 F01 onTapDish rejects account changes before onShow without user ID (8.063157ms)
✔ round1 F01 onTapDish ignores events after unload (8.458707ms)
✔ round1 F01 same-account panel display and removal retain the remaining selection (8.567039ms)
✔ round1 F02 admin clears HTTP 401 status only after a current successful retry (2.885652ms)
✔ round1 F02 admin clears HTTP 403 status only after a current successful retry (2.876485ms)
✔ round1 F02 admin-dashboard clears HTTP 401 status only after a current successful retry (3.491697ms)
✔ round1 F02 admin-dashboard clears HTTP 403 status only after a current successful retry (2.99038ms)
✔ round1 F02 admin-users clears HTTP 401 status only after a current successful retry (2.647952ms)
✔ round1 F02 admin-users clears HTTP 403 status only after a current successful retry (2.950396ms)
✔ round1 F02 admin-user-detail clears HTTP 401 status only after a current successful retry (4.287944ms)
✔ round1 F02 admin-user-detail clears HTTP 403 status only after a current successful retry (8.175893ms)
✔ round1 F02 admin-dishes clears HTTP 401 status only after a current successful retry (3.891841ms)
✔ round1 F02 admin-dishes clears HTTP 403 status only after a current successful retry (3.536479ms)
✔ round1 F02 admin-audit clears HTTP 401 status only after a current successful retry (3.274095ms)
✔ round1 F02 admin-audit clears HTTP 403 status only after a current successful retry (3.663355ms)
✔ round1 F02 admin retains the latest permission denial when an older success arrives (2.517956ms)
✔ round1 F02 admin-users retains the latest permission denial when an older success arrives (2.014852ms)
✔ round1 F02 admin-dishes retains the latest permission denial when an older success arrives (2.669025ms)
✔ round1 F02 admin-audit retains the latest permission denial when an older success arrives (2.20401ms)
✔ F02 admin account change clears filters/forms before a new action (4.01494ms)
✔ F02 admin-dashboard account change clears filters/forms before a new action (2.6454ms)
✔ F02 admin-users account change clears filters/forms before a new action (2.792627ms)
✔ F02 admin-user-detail account change clears filters/forms before a new action (1.99572ms)
✔ F02 admin-dishes account change clears filters/forms before a new action (2.073543ms)
✔ F02 admin-audit account change clears filters/forms before a new action (1.917003ms)
✔ F05 search pagination keeps keyword/filter and suppresses duplicate and stale pages (5.269436ms)
✔ F06 initial edit route opens the requested dish, account changes clear the form (15.904586ms)
✔ F06 remote owner controls the detail edit entry and navigation (6.406751ms)
✔ F07 calendar recipe navigation passes plan and actual people to the real detail preview (17.422439ms)
✔ F07 generic browse retains the explicit two-person preview default (2.12014ms)
✔ calendar explains planning and directs empty meals to an arrangement (1.508666ms)
✔ calendar meal entry labels actual records before existing or empty plans (3.757958ms)
✔ calendar detail labels saving a plan separately from recording food (2.347267ms)
✔ food recording sheet states its actual-only purpose and keeps the meal context (3.542405ms)
✔ recipe details are clearly ingredients and cooking instructions (0.527853ms)
✔ diet review separates actual food statistics from plan execution comparisons (0.355595ms)
✔ help distinguishes saving to the calendar from recording food after eating (0.32522ms)
✖ help presents one generation action with optional meal requirements (1.352032ms)
✔ profile still exposes assistant history and opens the existing history page (2.589082ms)
✔ personal create retries one request ID and preserves form after unknown outcome (18.220419ms)
✔ detail copy checks content version and opens its own editable copy (13.054411ms)
✔ menu apply binds resolved target/version/people and only opens a draft (9.006169ms)
✔ menu late resolve cannot write target or navigate for another account (23.544507ms)
✔ copied rich recipe editor uses detailed steps and retries the exact versioned edit (14.794871ms)
✔ menu save recovery restores selected IDs after reentry (7.433676ms)
✔ menu edit refreshes changed recipe snapshots before explicitly saving the new combination (6.857024ms)
✔ menu edit keeps unavailable dish selected and explains it rather than silently dropping it (6.95495ms)
✔ late menu resolve after hiding and changing active meal cannot navigate or overwrite target (7.222259ms)
✔ dish detail prefers numeric cooking time and shows it even without legacy text (14.184778ms)
✔ unknown result survives reload and retries exact original body and request ID (2.503886ms)
✔ known conflict clears pending, network timeout retains it, and repeated clicks reuse one send (0.400078ms)
✔ account switch rejects late result and never exposes pending contents to another account (0.377744ms)
✔ menu handoff binds target, menu revision, people and selected IDs without confirming a plan (0.83794ms)
✔ synchronous transport failure cannot poison the in-flight retry slot (0.253184ms)
✔ editable recipe text preserves rich arrays as readable lines (0.262611ms)
✔ unknown create then 401 retains original request for authenticated recovery (0.393178ms)
✔ unknown create then 403 retains original request for authenticated recovery (0.216579ms)
✔ an async preference response never populates the next account cache (9.174207ms)
✔ dismissing login does not reopen it on every profile visit (3.521852ms)
✔ visible admin entry only navigates for a verified admin (5.391076ms)
✔ dish selection emits only the select action while opening emits only detail (2.741242ms)
✔ browse mode and disabled selection never change the selected dishes (0.977034ms)
✔ recipe quality renderer hides generated raw amounts and rejected materials (2.895274ms)
✔ verified quantity and servings can be displayed while unknown calories stay unknown (0.67749ms)
✔ legacy generated allowance is handled honestly even before evidence is returned (0.820484ms)
✔ category labels translate catalog codes without exposing unknown internal values (0.430836ms)
✔ hidden price page does not start capability or quote work after a list mutation or account change (5.242576ms)
✔ retained capability cache never publishes a late account A response into account B (2.548255ms)
✔ draft replay stops at conflict and preserves later operations in order (2.621741ms)
✔ successful replay removes only acknowledged drafts and saves authoritative list (1.059855ms)
✔ real shopping name-only edit sends no prefilled quantity and preserves both warnings through cache reentry (25.767515ms)
✔ actively confirming the identical prefilled quantity sends a quantity patch and removes warnings in both cached views (8.262475ms)
✔ failed quantity confirmation retains typed input and intent for an identical-key retry (4.209748ms)
✔ cancel never edits a list and reopening does not inherit an abandoned quantity confirmation (4.505276ms)
✔ name-only edits preserve CALCULATED quantity compatibility (5.717087ms)
✔ name-only edits preserve USER_OVERRIDE quantity compatibility (4.067071ms)
✔ manual add keeps explicit quantity and note fields (2.892649ms)
✔ new metadata-only drafts preserve old pending payloads and retain their own original key/version on retry (3.160735ms)
✔ purchase row references the same single expense while details are collapsed (2.520895ms)
✔ native icon component loads only JavaScript modules (4.75592ms)
✔ IDE scan excludes legacy test temporary directories (0.654774ms)
✔ single token source has readable brand and text contrasts (1.159642ms)
✔ runtime PNG assets are included in the mini program package (0.265652ms)
✔ formal asset manifest covers the complete icon set, tab variants and five illustrations (1.608719ms)
✔ busy sheet preserves editing until the save is known (3.9666ms)
✔ disabled chip cannot mutate selection (1.242009ms)
✔ login overlay intercepts background when visible and busy cancellation keeps authorization pending (6.074169ms)
✔ sheet reopen and keyboard dismissal derive fresh dimensions from the current window (3.478977ms)
✔ favorite toggles request distinct registered PNG assets on detail and legacy result (5.438962ms)
✔ legacy assistant send control has a visible label and prevents resubmission while processing (1.774278ms)
✔ result tag list keeps the first three labels in original order for native loop bindings (9.57123ms)
✔ page and shared WXML bindings use native data and arithmetic without function calls (8.61115ms)
✔ both shopping views show unresolved quantities even with readable amounts and preserve manual confirmation (6.894379ms)
✔ result favorite submits once while busy and failures preserve the original selection (6.174471ms)
✔ result late favorite cannot update plans or show feedback after account (1.483506ms)
✔ result late favorite cannot update plans or show feedback after generation (0.959376ms)
✔ result late favorite cannot update plans or show feedback after unload (3.0795ms)
✔ old favorite cleanup cannot clear the busy state of a new generation request (1.440119ms)
✔ result favorite success clears its own busy after the real same-generation dish replacement (2.700933ms)
✔ result favorite failure clears its own busy after the real same-generation dish replacement (1.124384ms)
✔ old favorite cleanup cannot clear a new favorite busy after the real same-generation dish replacement (1.48095ms)
✔ a late background favorite read cannot overwrite the shopper toggle in the same generation (1.309429ms)
✔ background favorites and real dish replacement preserve the current menu when replacement-first (1.408084ms)
✔ background favorites and real dish replacement preserve the current menu when favorites-first (0.981699ms)
✔ real same-row replacement retains the latest request when older-first (1.022929ms)
✔ real same-row replacement retains the latest request when newer-first (1.13077ms)
✔ background favorite reads cannot modify a current menu after account (0.908653ms)
✔ background favorite reads cannot modify a current menu after generation (0.76581ms)
✔ background favorite reads cannot modify a current menu after unload (0.762321ms)
✔ a background favorite read cannot start during account (0.820126ms)
✔ a background favorite read cannot start during favorite-busy (0.94668ms)
✔ only the latest background favorite read may update matching current dishes (2.278211ms)
✔ real replacements to neighboring rows preserve each completed current row (1.198203ms)
✔ backend same-type replacements 0 then 1 recheck current menu for same (1.806314ms)
✔ backend same-type replacements 0 then 1 recheck current menu for id-only (1.743794ms)
✔ backend same-type replacements 0 then 1 recheck current menu for name-only (0.860668ms)
✔ backend same-type replacements 0 then 1 recheck current menu for different (1.011108ms)
✔ backend same-type replacements 1 then 0 recheck current menu for same (1.185281ms)
✔ backend same-type replacements 1 then 0 recheck current menu for id-only (1.20496ms)
✔ backend same-type replacements 1 then 0 recheck current menu for name-only (1.146552ms)
✔ backend same-type replacements 1 then 0 recheck current menu for different (1.369884ms)
✔ local same-type replacements 0 then 1 recheck current menu for same (21.412042ms)
✔ local same-type replacements 0 then 1 recheck current menu for id-only (1.774636ms)
✔ local same-type replacements 0 then 1 recheck current menu for name-only (2.051021ms)
✔ local same-type replacements 0 then 1 recheck current menu for different (1.833164ms)
✔ local same-type replacements 1 then 0 recheck current menu for same (1.986111ms)
✔ local same-type replacements 1 then 0 recheck current menu for id-only (2.1608ms)
✔ local same-type replacements 1 then 0 recheck current menu for name-only (1.835319ms)
✔ local same-type replacements 1 then 0 recheck current menu for different (1.860397ms)
✔ backend commit checks all current plans rather than only its own plan (1.605218ms)
✔ local commit checks all current plans rather than only its own plan (2.141835ms)
✔ a stale colliding replacement cannot emit retry feedback after account (1.399773ms)
✔ a stale colliding replacement cannot emit retry feedback after generation (0.855747ms)
✔ a stale colliding replacement cannot emit retry feedback after unload (0.984991ms)
✔ a stale colliding replacement cannot emit retry feedback after slot (1.194029ms)
✔ an account switch blocks a favorite tap on the old page before onShow clears it (0.701547ms)
✔ ordinary loading has no illustration or implied assistant role (1.5053ms)
✔ first empty state may use its illustration but filtered or error states stay compact (0.274625ms)
✔ unresolved numeric lines never merge with each other or contaminate a later verified line (1.961771ms)
✔ cached inferred servings are unresolved while explicit shopper overrides keep their original amounts (0.335442ms)
✔ offline list reentry normalizes both meal view and summary without changing pending request bodies (2.461736ms)
✔ label and unit edits keep server quantity warnings through cache reentry and summary rebuilding (2.07742ms)
✔ actual editor retains historical indexes and sends changed selections through catalog ids (6.092073ms)
✔ presentation prioritizes an unknown write over an already saved plan (3.545721ms)
✔ a changed requirement cannot be confirmed and a planned meal opens all recipes (0.33511ms)
✔ V4 prices keep different manual ingredient rows separate and actual zero does not mark purchased (1.896656ms)
✔ reference quotes use trusted quantities and retain missing or stale values as unknown (0.721935ms)
✔ same recipe ingredient across two meals records one actual spend and estimates both quantities (0.51253ms)
✔ cooking progress is scoped by account and plan revision (1.95847ms)
✔ workspace controlled flow uses server preview then exact confirmation and links same week (24.193842ms)
✔ dirty workspace cannot begin a controlled write and cancel never confirms (8.627599ms)
✔ unknown task remains visible after reentry and recovery never creates another preview (6.850728ms)
✔ late controlled result cannot write report into another account page (7.420503ms)
✔ today ignores a stale saved target after a China natural day changes (2.189941ms)
✔ explicit historical editing preserves its date and same-day choices stay valid (0.376113ms)
✔ shared homepage keeps one optional requirements entry and an independent people control (2.431082ms)
✔ empty, generated, planned and needs-input states have one explicit next action (0.60253ms)
✔ unknown recovery outranks generation and invalid people input (0.868666ms)
✔ offline recovery outranks generation and invalid people input (0.297874ms)
✔ conflict recovery outranks generation and invalid people input (0.114521ms)
✔ saved meal people are restored and inline edits affect only the selected meal (13.948756ms)
✔ inline stepper and numeric entry enforce integer people from 1 to 50 (4.560368ms)
✔ a new meal uses wrapped saved preferences without merging hard exclusions into current text (3.697645ms)
✔ clearing or canceling current requirements never clears saved hard exclusions (2.904635ms)
✔ a blank optional requirement can generate using the selected target and people (3.608503ms)
✔ needs-input presents the exact existing server reason without guessing a new reason (2.478135ms)
✔ saving a generated menu reviews a target before confirming and never records eaten (5.905ms)
✔ canceling the calendar confirmation prevents a stale approval from saving (3.318417ms)
✔ advanced controls open separately and canceled settings do not overwrite inline people (2.427677ms)
✔ returning from preferences refreshes exclusions without replacing current-meal people (3.590487ms)
✔ invalid people input never follows a meal change (2.513213ms)
✔ invalid people input never follows a account change (5.79606ms)
✔ offline context controls cannot hide the recovery action by creating an unsynced edit (1.95363ms)
✔ late preference refresh cannot replace the next account hard exclusions (9.798587ms)
✔ invalid people input does not disable onCancelTask (0.361453ms)
✔ invalid people input does not disable onViewRecipes (0.058517ms)
✔ invalid people input does not disable onViewPlan (0.063054ms)
✔ people edits cannot interrupt generation or disable its cancellation (1.931187ms)
✔ invalid people block direct generation and saving and invalidate an open calendar confirmation (2.27081ms)
✔ today generates immediately after people input without a blur or a preference write (2.445884ms)
✔ result generates immediately after people input without a blur or a preference write (3.219228ms)
✔ assistant generates immediately after people input without a blur or a preference write (2.354703ms)
✔ an unknown calendar save retains its target panel with recovery and retries the original payload (3.255998ms)
✔ a late successful exclusion refresh cannot overwrite the newest summary for the same meal (1.796495ms)
✔ a late failed exclusion refresh cannot overwrite the newest summary for the same meal (1.885004ms)
✔ the homepage shows saved exclusions and failed reads but hides a confirmed empty list (2.033527ms)
✔ a new draft can be saved after independently recording actual food without changing that record (2.941581ms)
✔ failed requirements save 503 exposes recovery immediately and cancel does not reapply its text (3.964517ms)
✔ failed requirements save 409 exposes recovery immediately and cancel does not reapply its text (1.825708ms)
✔ open meal result waits for the draft save and carries the selected meal target (15.272462ms)
✔ a changed account during the save never opens the previous meal route (3.838867ms)
✔ failed draft save keeps the current page and tells the user what remains unsaved (2.487521ms)
✔ a late preference read cannot initialize the next account with the previous target (14.059023ms)
✔ primary action is usable after select settles (19.387822ms)
✔ primary action is usable after keep settles (5.298259ms)
✔ primary action is usable after cancel settles (3.41245ms)
✔ confirmed plan enables the cooking action after its refresh finishes (3.59612ms)
✔ command failure and original-payload retry both leave the primary action usable (6.555925ms)
✔ failed confirmation can be retried without leaving its next action disabled (2.926211ms)
✔ conflict reload success and failure derive the current enabled action (3.600874ms)
✔ busy state disables the primary action and still blocks duplicate submissions (2.599441ms)
✔ unsaved context cannot be confirmed even when the page is idle (2.310018ms)
✔ late command success cannot clear the next account busy state (3.794028ms)
✔ late command failure cannot clear the next account busy state (2.842451ms)
✔ canceling a requirements sheet does not edit the authoritative draft (10.803256ms)
✔ applying requirements after an account change never edits the new account (2.84086ms)
✔ late apply success cannot close a reopened sheet for the next account (2.29629ms)
✔ late apply failure cannot replace the new sheet feedback (2.290494ms)
✔ typing a new restriction while saving keeps the sheet and newer text for explicit resubmission (1.928723ms)
✔ a sheet opened before first creation accepts the expected null-to-ID transition in the same store (2.372401ms)
✔ a replaced store cannot receive a sheet opened against the old store (1.392238ms)
ℹ tests 779
ℹ suites 0
ℹ pass 777
ℹ fail 2
ℹ cancelled 0
ℹ skipped 0
ℹ todo 0
ℹ duration_ms 1626.992714

✖ failing tests:

test at tests/experience-personal-recipes.test.js:254:1
✖ template editor cannot expose calendar save for its independent selection (0.882187ms)
  AssertionError [ERR_ASSERTION]: The input did not match the regular expression /wx:if="\{\{!menuFormVisible && !menuEditingId && !menuPending\}\}"/. Input:

  ' wx:if="{{!menuFormVisible && !menuEditingId && !menuPending && selectedTotal}}" class="ew-hit-target save-btn" loading="{{savingPlan || selectionBusy}}" disabled="{{savingPlan || !selectedTotal || selectionLoading || selectionBlocked}}" '

      at TestContext.<anonymous> (/workspace/scratch/cfdaa9512d5a/miniapp-experience-implementation-20261009/work/tests/experience-personal-recipes.test.js:257:10)
      at Test.runInAsyncScope (node:async_hooks:227:14)
      at Test.run (node:internal/test_runner/test:1382:25)
      at Test.processPendingSubtests (node:internal/test_runner/test:960:18)
      at Test.postRun (node:internal/test_runner/test:1522:19)
      at Test.run (node:internal/test_runner/test:1447:12)
      at async Test.processPendingSubtests (node:internal/test_runner/test:960:7) {
    generatedMessage: true,
    code: 'ERR_ASSERTION',
    actual: ' wx:if="{{!menuFormVisible && !menuEditingId && !menuPending && selectedTotal}}" class="ew-hit-target save-btn" loading="{{savingPlan || selectionBusy}}" disabled="{{savingPlan || !selectedTotal || selectionLoading || selectionBlocked}}" ',
    expected: /wx:if="\{\{!menuFormVisible && !menuEditingId && !menuPending\}\}"/,
    operator: 'match',
    diff: 'simple'
  }

test at tests/page-purpose-copy.test.js:85:1
✖ help presents one generation action with optional meal requirements (1.352032ms)
  AssertionError [ERR_ASSERTION]: The input did not match the regular expression /换菜、保留和撤销修改/. Input:

  '<view class="ew-page ew-screen" style="font-size:{{fontBase * fontScale}}px"><text class="ew-display">吃什么</text><text class="ew-subtitle">把每天的一餐，安排得轻松一些 · {{version}}</text>\n' +
    '<view class="ew-section-title">从决定吃什么，到回顾吃过什么</view>\n' +
    '<view class="help-step"><text class="ew-title">1 · 今天决定</text><text class="ew-subtitle">确认日期、餐次和人数；本餐要求可留空。点击“生成本餐菜单”，之后可以换菜和撤销修改。旧菜单如有锁定菜品，会显示提示，可确认解除后再调整。</text></view>\n' +
    '<view class="help-step"><text class="ew-title">2 · 保存到日历</text><text class="ew-subtitle">选好日期和餐次，把满意的方案保存到日历，再按周或按月查看、调整。保存到日历只保存计划，不会记作实际吃过。同一餐已有安排时会提示确认更新。</text></view>\n' +
    '<view class="help-step"><text class="ew-title">3 · 准备食材</text><text class="ew-subtitle">先预览份量，移除家里已有的食材，再确认加入购物清单。清单支持食材汇总、餐次来源、数量修改、手动项和已购勾选。</text></view>\n' +
    '<view class="help-step"><text class="ew-title">4 · 记录饮食</text><text class="ew-subtitle">吃完后，打开“记录饮食”，确认按计划吃了什么，或填写实际吃过的菜品、外食。实际吃过的内容才计入饮食回顾。也可以取消安排、纠正或撤销记录；修改计划不会删除吃过的记录。</text></view>\n' +
    '<view class="help-step"><text class="ew-title">5 · 饮食回顾</text><text class="ew-subtitle">在“我的”查看周/月回顾、常吃菜品、记录分布和计划执行情况。历史安排不会自动被算成吃过，菜品类别次数也不代表营养摄入。</text></view>\n' +
    '<view class="ew-notice">未连接时会标明缓存或待确认草稿。云端保存失败保留输入；清单冲突会展示最新版本，重新确认后才会提交。</view>\n' +
    '<view class="help-step"><text class="ew-title">管理自己的偏好</text><text class="ew-subtitle">在“我的 → 偏好设置”编辑喜欢的菜系、标签、忌口食材和用时限制，也可重置偏好记忆。在助手内清空会话可删除该会话草稿。</text></view>\n' +
    '<view class="ew-muted">微信授权和分享使用系统面板。登录后可同步个人资料、偏好、计划、实际用餐和购物清单。</view><view class="about-links"><navigator class="ew-hit-target about-link" url="/pages/logs/logs"><text>本机启动记录</text><ui-icon name="chevron-right" tone="muted" size="16" /></navigator></view></view>\n'

      at TestContext.<anonymous> (/workspace/scratch/cfdaa9512d5a/miniapp-experience-implementation-20261009/work/tests/page-purpose-copy.test.js:90:10)
      at Test.runInAsyncScope (node:async_hooks:227:14)
      at Test.run (node:internal/test_runner/test:1382:25)
      at Test.processPendingSubtests (node:internal/test_runner/test:960:18)
      at Test.postRun (node:internal/test_runner/test:1522:19)
      at Test.run (node:internal/test_runner/test:1447:12)
      at async Test.processPendingSubtests (node:internal/test_runner/test:960:7) {
    generatedMessage: true,
    code: 'ERR_ASSERTION',
    actual: '<view class="ew-page ew-screen" style="font-size:{{fontBase * fontScale}}px"><text class="ew-display">吃什么</text><text class="ew-subtitle">把每天的一餐，安排得轻松一些 · {{version}}</text>\n<view class="ew-section-title">从决定吃什么，到回顾吃过什么</view>\n<view class="help-step"><text class="ew-title">1 · 今天决定</text><text class="ew-subtitle">确认日期、餐次和人数；本餐要求可留空。点击“生成本餐菜单”，之后可以换菜和撤销修改。旧菜单如有锁定菜品，会显示提示，可确认解除后再调整。</text></view>\n<view class="help-step"><text class="ew-title">2 · 保存到日历</text><text class="ew-subtitle">选好日期和餐次，把满意的方案保存到日历，再按周或按月查看、调整。保存到日历只保存计划，不会记作实际吃过。同一餐已有安排时会提示确认更新。</text></view>\n<view class="help-step"><text class="ew-title">3 · 准备食材</text><text class="ew-subtitle">先预览份量，移除家里已有的食材，再确认加入购物清单。清单支持食材汇总、餐次来源、数量修改、手动项和已购勾选。</text></view>\n<view class="help-step"><text class="ew-title">4 · 记录饮食</text><text class="ew-subtitle">吃完后，打开“记录饮食”，确认按计划吃了什么，或填写实际吃过的菜品、外食。实际吃过的内容才计入饮食回顾。也可以取消安排、纠正或撤销记录；修改计划不会删除吃过的记录。</text></view>\n<view class="help-step"><text class="ew-title">5 · 饮食回顾</text><text class="ew-subtitle">在“我的”查看周/月回顾、常吃菜品、记录分布和计划执行情况。历史安排不会自动被算成吃过，菜品类别次数也不代表营养摄入。</text></view>\n<view class="ew-notice">未连接时会标明缓存或待确认草稿。云端保存失败保留输入；清单冲突会展示最新版本，重新确认后才会提交。</view>\n<view class="help-step"><text class="ew-title">管理自己的偏好</text><text class="ew-subtitle">在“我的 → 偏好设置”编辑喜欢的菜系、标签、忌口食材和用时限制，也可重置偏好记忆。在助手内清空会话可删除该会话草稿。</text></view>\n<view class="ew-muted">微信授权和分享使用系统面板。登录后可同步个人资料、偏好、计划、实际用餐和购物清单。</view><view class="about-links"><navigator class="ew-hit-target about-link" url="/pages/logs/logs"><text>本机启动记录</text><ui-icon name="chevron-right" tone="muted" size="16" /></navigator></view></view>\n',
    expected: /换菜、保留和撤销修改/,
    operator: 'match',
    diff: 'simple'
  }
[
  {
    "check": "G1 syntax",
    "kind": "static",
    "status": "passed",
    "evidence": {
      "files": 202,
      "roots": [
        "app",
        "pages",
        "utils",
        "components",
        "templates",
        "design",
        "explicit tests"
      ]
    },
    "limitation": "Static source contracts only; no native layout, screen-reader, device or model verification.",
    "errors": []
  },
  {
    "check": "G1 template registration, handler references and nested taps",
    "kind": "static",
    "status": "passed",
    "evidence": {
      "templates": 49,
      "handlerScope": "page and imported utility source; not dynamic execution"
    },
    "limitation": "Static source contracts only; no native layout, screen-reader, device or model verification.",
    "errors": []
  },
  {
    "check": "G1 ordinary reachable copy (both feature branches)",
    "kind": "static",
    "status": "passed",
    "evidence": {
      "templates": 24
    },
    "limitation": "Static source contracts only; no native layout, screen-reader, device or model verification.",
    "errors": []
  },
  {
    "check": "G1 asset references and density tokens",
    "kind": "static",
    "status": "passed",
    "evidence": {
      "body": 16,
      "touch": 44,
      "button": 48
    },
    "limitation": "Static source contracts only; no native layout, screen-reader, device or model verification.",
    "errors": []
  },
  {
    "check": "G1 audited UI contracts",
    "kind": "automated",
    "status": "failed",
    "evidence": [
      "tests/account-boundaries.test.js",
      "tests/api-account-retry.test.js",
      "tests/api-identity-success.test.js",
      "tests/assistant-history.test.js",
      "tests/calendar-actual-recovery.test.js",
      "tests/controlled-harness.test.js",
      "tests/detail-servings.test.js",
      "tests/diet-report-api.test.js",
      "tests/diet-report.test.js",
      "tests/dish-workspace-handoff.test.js",
      "tests/experience-actions.test.js",
      "tests/experience-calendar.test.js",
      "tests/experience-components.test.js",
      "tests/experience-composition.test.js",
      "tests/experience-diet-review.test.js",
      "tests/experience-journeys.test.js",
      "tests/experience-personal-recipes.test.js",
      "tests/experience-recipe-selection.test.js",
      "tests/experience-save-target.test.js",
      "tests/experience-shopping-list.test.js",
      "tests/experience-shopping-preview.test.js",
      "tests/favorite-meal-entry.test.js",
      "tests/frontend-workflow-regressions.test.js",
      "tests/history-workspace-target.test.js",
      "tests/legacy-meal-import.test.js",
      "tests/login-readiness.test.js",
      "tests/meal-actual-entry.test.js",
      "tests/meal-actual-identity.test.js",
      "tests/meal-cooking.test.js",
      "tests/meal-dates.test.js",
      "tests/meal-navigation-hierarchy.test.js",
      "tests/meal-workflow.test.js",
      "tests/meal-workspace.test.js",
      "tests/menu-workspace-handoff.test.js",
      "tests/page-contracts.test.js",
      "tests/page-identity-regressions.test.js",
      "tests/page-purpose-copy.test.js",
      "tests/personal-recipe-pages.test.js",
      "tests/personal-recipes.test.js",
      "tests/preference-scope.test.js",
      "tests/profile-entry-hierarchy.test.js",
      "tests/recipe-interaction-hierarchy.test.js",
      "tests/recipe-quality.test.js",
      "tests/shopping-capability-race.test.js",
      "tests/shopping-drafts.test.js",
      "tests/shopping-edit-intent.test.js",
      "tests/shopping-view-hierarchy.test.js",
      "tests/ui-assets.test.js",
      "tests/ui-components.test.js",
      "tests/ui-self-check.test.js",
      "tests/ui-state-presentation.test.js",
      "tests/v4-business-contracts.test.js",
      "tests/v4-local-features.test.js",
      "tests/workspace-controlled-flow.test.js",
      "tests/workspace-day-boundary.test.js",
      "tests/workspace-homepage.test.js",
      "tests/workspace-navigation.test.js",
      "tests/workspace-page.test.js",
      "tests/workspace-primary-action.test.js",
      "tests/workspace-requirements-sheet.test.js"
    ],
    "limitation": "Literal API receipts and WeChat stubs, not model/native tests."
  }
]
