[INFO] Scanning for projects...
[INFO]
[INFO] --------------------< com.eatwhat:eatwhat-backend >---------------------
[INFO] Building 吃什么小程序后端 1.0.0
[INFO]   from pom.xml
[INFO] --------------------------------[ jar ]---------------------------------
[WARNING] The artifact mysql:mysql-connector-java:jar:8.0.33 has been relocated to com.mysql:mysql-connector-j:jar:8.0.33: MySQL Connector/J artifacts moved to reverse-DNS compliant Maven 2+ coordinates.
[INFO]
[INFO] --- jacoco:0.8.12:prepare-agent (default) @ eatwhat-backend ---
[INFO] argLine set to -javaagent:/workspace/scratch/cfdaa9512d5a/miniapp-experience-implementation-20261009/work/.superpowers/m2/org/jacoco/org.jacoco.agent/0.8.12/org.jacoco.agent-0.8.12-runtime.jar=destfile=/workspace/scratch/cfdaa9512d5a/miniapp-experience-implementation-20261009/work/backend/target/jacoco.exec
[INFO]
[INFO] --- resources:3.2.0:resources (default-resources) @ eatwhat-backend ---
[INFO] Using 'UTF-8' encoding to copy filtered resources.
[INFO] Using 'UTF-8' encoding to copy filtered properties files.
[INFO] Copying 4 resources
[INFO]
[INFO] --- compiler:3.10.1:compile (default-compile) @ eatwhat-backend ---
[INFO] Nothing to compile - all classes are up to date
[INFO]
[INFO] --- resources:3.2.0:testResources (default-testResources) @ eatwhat-backend ---
[INFO] Using 'UTF-8' encoding to copy filtered resources.
[INFO] Using 'UTF-8' encoding to copy filtered properties files.
[INFO] Copying 1 resource
[INFO]
[INFO] --- compiler:3.10.1:testCompile (default-testCompile) @ eatwhat-backend ---
[INFO] Nothing to compile - all classes are up to date
[INFO]
[INFO] --- surefire:2.22.2:test (default-test) @ eatwhat-backend ---
[INFO] Tests are skipped.
[INFO]
[INFO] --- jacoco:0.8.12:report (report) @ eatwhat-backend ---
[INFO] Loading execution data file /workspace/scratch/cfdaa9512d5a/miniapp-experience-implementation-20261009/work/backend/target/jacoco.exec
[INFO] Analyzed bundle '吃什么小程序后端' with 186 classes
[INFO]
[INFO] --- jar:3.2.2:jar (default-jar) @ eatwhat-backend ---
[INFO]
[INFO] --- spring-boot:2.7.14:repackage (repackage) @ eatwhat-backend ---
[INFO] Replacing main artifact with repackaged archive
[INFO]
[INFO] --- spring-boot:2.7.14:repackage (default) @ eatwhat-backend ---
[INFO] Replacing main artifact with repackaged archive
[INFO] ------------------------------------------------------------------------
[INFO] BUILD SUCCESS
[INFO] ------------------------------------------------------------------------
[INFO] Total time:  1.911 s
[INFO] Finished at: 2026-10-09T16:00:06-07:00
[INFO] ------------------------------------------------------------------------
