✔ first use through tomorrow, shopping undo, own recipe and next menu application (123.981352ms)
✔ registered ordinary pages have accessible root scaling, including the startup log (1.112508ms)
✔ ordinary tappable views and text expose button semantics to assistive technology (1.285542ms)
✔ bounded acceptance verifier exists without model/default suite runners (3.121523ms)
✔ calendar and reusable menus use readable image-fallback rows without replacement actions (4.476936ms)
✔ F01 account change clears private form and blocks save before onShow (35.681891ms)
✔ F01 account change clears private form and blocks save after onShow (12.575859ms)
✔ F01 late custom save clears old ownership without changing the new draft (18.445828ms)
✔ F01 same-account failed save and cancel preserve typed inputs (7.997242ms)
✔ F01 a calendar action sheet cannot submit a new account selection (10.266783ms)
✔ F01 plan overwrite confirmation rejects a token switch without a user ID (30.736331ms)
✔ F02 admin rejects late account data and unload callbacks (10.444893ms)
✔ F02 admin clears protected data for HTTP 401 (3.49936ms)
✔ F02 admin clears protected data for HTTP 403 (3.531ms)
✔ F02 admin-dashboard rejects late account data and unload callbacks (5.306247ms)
✔ F02 admin-dashboard clears protected data for HTTP 401 (5.062277ms)
✔ F02 admin-dashboard clears protected data for HTTP 403 (6.210089ms)
✔ F02 admin-users rejects late account data and unload callbacks (4.181435ms)
✔ F02 admin-users clears protected data for HTTP 401 (1.898053ms)
✔ F02 admin-users clears protected data for HTTP 403 (1.755696ms)
✔ F02 admin-user-detail rejects late account data and unload callbacks (9.593366ms)
✔ F02 admin-user-detail clears protected data for HTTP 401 (2.994905ms)
✔ F02 admin-user-detail clears protected data for HTTP 403 (4.438312ms)
✔ F02 admin-dishes rejects late account data and unload callbacks (11.829138ms)
✔ F02 admin-dishes clears protected data for HTTP 401 (4.396985ms)
✔ F02 admin-dishes clears protected data for HTTP 403 (6.149251ms)
✔ F02 admin-audit rejects late account data and unload callbacks (10.456438ms)
✔ F02 admin-audit clears protected data for HTTP 401 (4.271792ms)
✔ F02 admin-audit clears protected data for HTTP 403 (7.694768ms)
✔ F02 admin keeps the latest authorized response when an older request fails (5.043644ms)
✔ F02 admin-users keeps the latest authorized response when an older request fails (2.542281ms)
✔ F02 admin-dishes keeps the latest authorized response when an older request fails (9.89354ms)
✔ F02 admin-audit keeps the latest authorized response when an older request fails (1.826358ms)
✔ F02 admin-users toggleStatus discards confirmation from the previous account (7.914318ms)
✔ F02 admin-user-detail toggleStatus discards confirmation from the previous account (6.742944ms)
✔ F02 admin-user-detail deleteDish discards confirmation from the previous account (5.815456ms)
✔ F02 admin-dishes togglePublished discards confirmation from the previous account (15.595858ms)
✔ F02 admin onDeleteDish discards confirmation from the previous account (10.095095ms)
✔ F04 backend replacement cannot overwrite a newer generation (23.965587ms)
✔ F04 local replacement cannot overwrite a newer generation (9.693041ms)
✔ F04 replacement rejects an account change before onShow (14.120316ms)
✔ F04 fallback cannot cross two tokens without a user ID (4.891678ms)
✔ F04 replacement preserves a concurrent change to another plan and stops on unload (19.030145ms)
✔ F01 an old selection event cannot create B shopping work before onShow (19.839438ms)
✔ round1 F01 onShowSelected rejects account changes before onShow with user ID (13.45545ms)
✔ round1 F01 onShowSelected rejects account changes before onShow without user ID (13.92967ms)
✔ round1 F01 onShowSelected ignores events after unload (19.372795ms)
✔ round1 F01 onRemoveSelected rejects account changes before onShow with user ID (15.718812ms)
✔ round1 F01 onRemoveSelected rejects account changes before onShow without user ID (16.122531ms)
✔ round1 F01 onRemoveSelected ignores events after unload (13.38349ms)
✔ round1 F01 onHideSelected rejects account changes before onShow with user ID (15.109518ms)
✔ round1 F01 onHideSelected rejects account changes before onShow without user ID (16.323555ms)
✔ round1 F01 onHideSelected ignores events after unload (15.677152ms)
✔ round1 F01 onTapDish rejects account changes before onShow with user ID (19.255788ms)
✔ round1 F01 onTapDish rejects account changes before onShow without user ID (15.020629ms)
✔ round1 F01 onTapDish ignores events after unload (14.314482ms)
✔ round1 F01 same-account panel display and removal retain the remaining selection (8.37066ms)
✔ round1 F02 admin clears HTTP 401 status only after a current successful retry (4.057908ms)
✔ round1 F02 admin clears HTTP 403 status only after a current successful retry (7.332861ms)
✔ round1 F02 admin-dashboard clears HTTP 401 status only after a current successful retry (3.064694ms)
✔ round1 F02 admin-dashboard clears HTTP 403 status only after a current successful retry (5.353434ms)
✔ round1 F02 admin-users clears HTTP 401 status only after a current successful retry (5.343607ms)
✔ round1 F02 admin-users clears HTTP 403 status only after a current successful retry (2.511306ms)
✔ round1 F02 admin-user-detail clears HTTP 401 status only after a current successful retry (6.326ms)
✔ round1 F02 admin-user-detail clears HTTP 403 status only after a current successful retry (3.36939ms)
✔ round1 F02 admin-dishes clears HTTP 401 status only after a current successful retry (5.462179ms)
✔ round1 F02 admin-dishes clears HTTP 403 status only after a current successful retry (6.128204ms)
✔ round1 F02 admin-audit clears HTTP 401 status only after a current successful retry (4.479772ms)
✔ round1 F02 admin-audit clears HTTP 403 status only after a current successful retry (5.068001ms)
✔ round1 F02 admin retains the latest permission denial when an older success arrives (4.179328ms)
✔ round1 F02 admin-users retains the latest permission denial when an older success arrives (4.779344ms)
✔ round1 F02 admin-dishes retains the latest permission denial when an older success arrives (7.610833ms)
✔ round1 F02 admin-audit retains the latest permission denial when an older success arrives (3.887377ms)
✔ F02 admin account change clears filters/forms before a new action (5.08887ms)
✔ F02 admin-dashboard account change clears filters/forms before a new action (5.464981ms)
✔ F02 admin-users account change clears filters/forms before a new action (4.619778ms)
✔ F02 admin-user-detail account change clears filters/forms before a new action (3.75548ms)
✔ F02 admin-dishes account change clears filters/forms before a new action (3.784584ms)
✔ F02 admin-audit account change clears filters/forms before a new action (5.381534ms)
✔ F05 search pagination keeps keyword/filter and suppresses duplicate and stale pages (10.269508ms)
✔ F06 initial edit route opens the requested dish, account changes clear the form (33.11718ms)
✔ F06 remote owner controls the detail edit entry and navigation (16.567632ms)
✔ F07 calendar recipe navigation passes plan and actual people to the real detail preview (43.364729ms)
✔ F07 generic browse retains the explicit two-person preview default (4.99106ms)
ℹ tests 84
ℹ suites 0
ℹ pass 84
ℹ fail 0
ℹ cancelled 0
ℹ skipped 0
ℹ todo 0
ℹ duration_ms 970.535144
