✔ profile draft from A cannot be written to B even before onShow (2.232864ms)
✔ failed calendar read in B clears A meals and plan markers (2.15213ms)
✔ failed report read in B clears A report (5.625372ms)
✔ shopping retry retains original version until explicit conflict, resets on account change (4.489883ms)
✔ assistant settings replace the previous date/meal prefix and retain the typed requirement (1.331387ms)
✔ assistant confirmation dialogs cannot act for an account switched before confirm (4.126259ms)
✔ assistant shopping selection uses the verified plan for all source rows (1.647027ms)
✔ result dialogs discard their captured plan and pending date after account switch (1.42761ms)
✔ assistant calendar confirmation retains its idempotency key after unknown network result (1.247123ms)
✔ a delayed shopping write retry cannot use the next account token (8.550748ms)
✔ F02 HTTP success rejects old user identity (5.680439ms)
✔ F02 HTTP success rejects old missing user ID identity (1.833972ms)
✔ F02 HTTP success rejects old anonymous login identity (1.542124ms)
✔ F02 HTTP success rejects old logout identity (1.793384ms)
✔ F02 same-account token refresh retains successful results (3.9179ms)
✔ F02 same-account 401 refresh retries without deduplication deadlock (7.104085ms)
✔ late history list cannot appear after an account switch (8.033872ms)
✔ history is read-only and importing rereads the recipe version (3.027741ms)
✔ calendar detail re-entry recovers the original actual request despite a newer plan (18.342375ms)
✔ server summary is reviewed before exact token confirmation; saving does not mark actual (3.606922ms)
✔ cancelled modal never commits and a later explicit run can create a fresh preview (0.509967ms)
✔ unknown confirm recovers original durable task without a new preview or second modal (0.921208ms)
✔ partial failure reads original task then retries only its remaining server steps (1.132138ms)
✔ unknown preview queries original request before retrying the identical request (0.944519ms)
✔ account change during preview or modal discards callbacks and never commits (0.708532ms)
✔ double clicks share one run and disposed target cannot commit (0.716845ms)
✔ recovery never invents a replacement task when a known task temporarily disappears (0.794011ms)
✔ changing the target does not replace an unresolved task or confirm another meal (1.624231ms)
✔ a definitive preview rejection is retryable as a fresh preview, not stuck in recovery (1.947697ms)
✔ recovery can finish a definitively rejected preview after proving no original task exists (0.432532ms)
✔ restarting while confirmation is still in flight preserves an unknown outcome (0.50306ms)
✔ dish detail obtains quantities and procurement for the actual meal people (22.24888ms)
✔ every diet review read has a new transport request so a correction cannot reuse an older read (6.042295ms)
✔ report nonce leaves other GET deduplication and account checks intact (2.10606ms)
✔ empty actual report retains all six sections and pending plans with provenance (3.964036ms)
✔ actual record link retains both date and meal type (0.850055ms)
✔ mismatched server range is an error rather than showing the wrong report (1.017891ms)
✔ last requested period wins even if old response or error arrives late (0.944434ms)
✔ account change while response is pending prevents private report and navigation reuse (0.972757ms)
✔ daily bars use observed maximum and details preserve unknown names and source targets (1.396829ms)
✔ explicit weekly report anchor survives onShow and rejects impossible calendar dates (1.074906ms)
✔ page unload discards late report responses and classification absence is explicit (2.392547ms)
✔ unknown rejection still clears stale content and exposes a retryable read error (0.919943ms)
✔ detail addition preserves existing choices and binds exact workspace revision (5.688698ms)
✔ duplicate selection stays unique and maximum ten is enforced (0.818262ms)
✔ real matched result says replaced dish and exposes real history undo (2.568091ms)
✔ unknown original request has neither success nor an effective undo (0.342016ms)
✔ mismatched request or later unrelated revision cannot report success (0.527527ms)
✔ replacement only marks that row busy and keeps old dishes until receipt (31.810146ms)
✔ failure keeps original dishes and shows unknown request recovery (6.36274ms)
✔ undo restores the real menu snapshot and never rewrites a saved calendar plan (5.506298ms)
✔ legacyLocksStayVisibleUntilAtomicCommand (4.37189ms)
✔ more operations use a visible sheet and requirements hold the sole meal conversation entry (3.746083ms)
✔ late receipt cannot replace next account menu or feedback (7.517457ms)
✔ minimized command receipt recovery retains old menu until authoritative reread (5.735338ms)
✔ minimized replay returned by the original command endpoint cannot erase the menu (6.449165ms)
✔ offline authoritative read after a minimized replay preserves dishes and the original request (5.530686ms)
✔ queued static acknowledgement stays pending until its exact completed revision is read (0.269182ms)
✔ another command at the expected revision cannot impersonate the original task completion (0.163649ms)
✔ reopening a completed static task verifies its original task identity before showing success (5.183158ms)
✔ a confirmed stop preserves menu version and never claims an unknown outcome (0.211094ms)
✔ unknown command disables the visible menu undo and replacement controls (4.998434ms)
✔ conflict retains legacy locks and old dishes without issuing a separate unlock (4.165866ms)
✔ late same-account response cannot overwrite the newly opened meal revision (18.752073ms)
✔ a superseded read cannot mark the next meal synced during receipt verification (8.013551ms)
✔ generation limitation keeps manual selection, dish reading and calendar accessible (3.234635ms)
✔ continuing this meal keeps its edited requirements and gives visible next-step feedback (4.174449ms)
✔ assistant history shows the original meal before a read-only import handoff (38.42085ms)
✔ pre-update pending command recovers via receipt without changing its payload (4.613871ms)
✔ pre-update pending command recovers via receipt after an offline source read without changing its payload (3.645292ms)
✔ pre-update pending command recovers via replay without changing its payload (3.731496ms)
✔ pre-update pending command recovers via replay after an offline source read without changing its payload (3.756198ms)
✔ legacy recovery without a reliable before snapshot restores the source without inventing success or undo (6.826746ms)
✔ old verification resolve cannot overwrite a newer stop success (9.827404ms)
✔ old verification resolve cannot overwrite a newer stop pending (6.257437ms)
✔ old verification resolve cannot overwrite a newer stop unknown (5.38567ms)
✔ old verification reject cannot overwrite a newer stop success (8.739288ms)
✔ old verification reject cannot overwrite a newer stop pending (20.478703ms)
✔ old verification reject cannot overwrite a newer stop unknown (10.977978ms)
✔ a current transport verification failure remains recoverable without another command (4.079398ms)
✔ a current wrong-task verification failure remains recoverable without another command (8.592615ms)
✔ stale today continuation resolve cannot act after account switch (4.205867ms)
✔ stale today continuation reject cannot act after account switch (4.067326ms)
✔ stale today continuation resolve cannot act after target switch (4.84879ms)
✔ stale today continuation reject cannot act after target switch (4.977409ms)
✔ stale result continuation resolve cannot act after account switch (4.005818ms)
✔ stale result continuation reject cannot act after account switch (4.313686ms)
✔ stale result continuation resolve cannot act after target switch (16.211286ms)
✔ stale result continuation reject cannot act after target switch (4.316184ms)
✔ stale assistant continuation resolve cannot act after account switch (3.45136ms)
✔ stale assistant continuation reject cannot act after account switch (3.40409ms)
✔ stale assistant continuation resolve cannot act after target switch (3.368404ms)
✔ stale assistant continuation reject cannot act after target switch (3.432048ms)
✔ today continuation opens only the successfully applied original meal (3.444916ms)
✔ result continuation opens only the successfully applied original meal (2.183254ms)
✔ eight combinations distinguish plan, actual and explicit skipped state (2.513914ms)
✔ actions follow date and plan availability and actual history is read first (1.020042ms)
✔ first eaten confirmation binds plan revision; editing eaten uses authoritative actual snapshot (29.553945ms)
✔ remove plan retains actual and copying never removes source or copies actual (20.859125ms)
✔ read-first detail has folded original plan, one adjust entry, distinct management and state commands (0.669084ms)
✔ quick confirmation exits to recoverable sheet on unknown result and conflict (3.0267ms)
✔ failed initial quick read shows full reload sheet instead of a dead confirm (0.293712ms)
✔ copy target conflict requires approval and never transmits actual fields (11.170739ms)
✔ copy failure leaves source and actual intact, and does not claim success (6.306098ms)
✔ quick entry after account switch cannot save or display a success (7.435086ms)
✔ calendar read rows protect long names and full-sized touch targets (1.009578ms)
✔ cooking reading does not invite future eaten confirmation and detail uses month-day heading (0.261714ms)
✔ late quick-entry read cannot change the new account sheet mode (4.015004ms)
✔ failed quick-entry read at Page level retains reload without throwing (12.171367ms)
✔ account reload clears the previous account quick confirmation and text (8.88604ms)
✔ cooking account reload also retires the old actual confirmation (5.522852ms)
✔ cooking eaten quick intent corrects skipped without silently submitting skipped (2.648897ms)
✔ committed copy with lost response retries identical request after target revision changes (3.761255ms)
✔ copy retry survives page re-entry and later source edits without copying actual (12.478565ms)
✔ pending copy can be recovered after source plan removal and stays scoped (17.988018ms)
✔ quick eaten intent does not replace an unresolved skipped request (3.969202ms)
✔ cooking quick edit of eaten keeps historical entries instead of later plan (4.028089ms)
✔ pending copy retry cannot cross accounts and can recover when owner returns (9.980405ms)
✔ concurrent target conflict resolves original request separately before new overwrite approval (7.396284ms)
✔ late account-change rejection preserves unresolved copy for the original owner (39.114558ms)
✔ four navigation labels preserve today recipes calendar and profile destinations (2.889899ms)
✔ profile keeps independent list review account data and privacy routes (2.520287ms)
✔ profile privacy entry opens the platform privacy statement on demand (1.557076ms)
✔ shared text and controls use body 16 touch 44 and button 48 (1.2962ms)
✔ replace dispatch is isolated from the dish detail tap (3.260083ms)
✔ dish detail tap and busy replacement obey the command boundary (2.332556ms)
✔ broken image retains the same dish name and a category placeholder (2.198507ms)
✔ changing image identity clears a previous failure without changing dish ownership (1.474271ms)
✔ dish duration metadata distinguishes explicitly unknown evidence (1.294754ms)
✔ dish duration metadata distinguishes verified evidence (2.032998ms)
✔ dish duration metadata distinguishes estimated evidence (1.087405ms)
✔ dish duration metadata distinguishes unreviewed verified claim evidence (1.039045ms)
✔ dish duration metadata distinguishes legacy without evidence evidence (1.217112ms)
✔ breakfast side placeholder resolves to food line art rather than the info fallback (2.978256ms)
✔ ingredient actions report source IDs without mutating business data (2.280141ms)
✔ busy ingredient row never emits editing or checked mutations (0.987554ms)
✔ composition summary exposes separate people and composition actions (1.247419ms)
✔ persistent feedback announces the result and emits only an available next action (1.812107ms)
✔ sheet optional restorefocus event drives an input focus property in a host harness after hiding (2.621191ms)
✔ busy sheet mask does not close or restore focus (1.342432ms)
✔ sheet reserves safe area and keyboard space while keeping the body scrollable (2.006903ms)
✔ sheet measures wrapped headers and footers before sizing its scroll body (1.597735ms)
✔ oversized chrome uses native whole-panel scrolling within the keyboard-visible viewport (1.398562ms)
✔ keyboard leaving 47px space requests native dismissal without exceeding that space (4.302919ms)
✔ keyboard leaving 10px space requests native dismissal without exceeding that space (1.122399ms)
✔ keyboard leaving 0px space requests native dismissal without exceeding that space (1.094474ms)
✔ sheet reduces its decorative margin before sacrificing a full primary hit target (1.32483ms)
✔ an explicitly zero-height window is not replaced by a fictitious default viewport (1.200036ms)
✔ failed native keyboard dismissal leaves a bounded panel and an honest instruction (1.188825ms)
✔ a queued sheet measurement cannot query a detached component (1.19057ms)
✔ reduced motion sets dish feedback and sheet dynamic durations to zero (3.125974ms)
✔ account B cannot read account A composition or motion preference (0.681215ms)
✔ optional preference read failure returns a safe view without overwriting unread settings (1.174145ms)
✔ an optional storage read failure does not abort hidden sheet attachment (1.426657ms)
✔ settings finishes loading recommendation preferences when local motion settings cannot be read (2.145118ms)
✔ preference snapshots cannot mutate persisted compositions and reject invalid values (0.483839ms)
✔ settings toggles motion separately from long-term recommendation preferences (1.337042ms)
✔ motion storage failure preserves the visible setting and announces an unsaved result (1.078394ms)
✔ settings reloads local motion preference when the account changes (1.482351ms)
✔ compact rows flow with long text and keep scalable body text and real hit areas (0.687765ms)
✔ count validation permits four dishes and rejects invalid category boundaries (3.234219ms)
✔ manual normalization rejects zero total decimals and unknown keys before editing a workspace (1.027439ms)
✔ automatic people boundaries keep two-person one-meat one-veg and manual counts survive people changes (1.213069ms)
✔ six composition rows prioritize breakfast staple and side without removing soup and dessert (0.804716ms)
✔ deficits use factual dish categories and never infer a type from its name (0.81731ms)
✔ today applies a manual composition without replacing old dishes and remembers it only after sync (32.904974ms)
✔ result applies a manual composition without replacing old dishes and remembers it only after sync (12.670352ms)
✔ assistant applies a manual composition without replacing old dishes and remembers it only after sync (10.156349ms)
✔ composition controls disable every plus at ten and application at zero (14.533852ms)
✔ canceling composition keeps the original counts and never remembers a preset (4.205078ms)
✔ failed composition sync keeps entered counts and does not create a remembered suggestion (10.162401ms)
✔ composition opened before account change cannot write or remember in the next account (2.970871ms)
✔ late composition sync cannot close a next-account sheet or remember under its key (17.37347ms)
✔ remembered dinner counts initialize only an empty new dinner and never replace a saved workspace (4.656189ms)
✔ new meal suggestions cannot overwrite a cached unsynced composition (7.306456ms)
✔ real missing categories expose recovery without discarding a usable old menu (4.062357ms)
✔ unclassified dishes do not fabricate an exact shortage from their names (6.030657ms)
✔ requirements apply and temporary filters retain menus and never write hard exclusions (6.743674ms)
✔ independent people sheet retains the same stepper and cannot reset manual counts (3.676399ms)
✔ generated page declares permanent requirements filter selection and composition entry bindings (0.618322ms)
✔ repeated application and editing cannot race a pending composition save (13.277637ms)
✔ optional preference writes can fail after context sync without undoing application (4.818096ms)
✔ automatic restoration recalculates the current people suggestion without remembering another manual value (3.557042ms)
✔ a recovered original context request keeps its id and requires successful explicit application before remembering (12.379053ms)
✔ nonbreakfast side counts do not relabel factual soup or dessert categories as side (0.397425ms)
✔ filter surface explicitly keeps long-term exclusions and labels temporary clearing (0.30868ms)
✔ invalid people input also disables the new whole-menu regeneration action (0.26731ms)
✔ inherited object properties are never accepted as factual dish categories (0.142381ms)
✔ target and automatic summary reset together before a new preference read completes (5.115179ms)
✔ a version conflict keeps composition inputs and recovery ahead of new writes (5.002802ms)
✔ workspace routes carry the shared controls and name a result without assuming today (0.353331ms)
✔ actual coverage excludes skipped plans unrecorded and out-of-range rows without invented nutrition (9.261091ms)
✔ future records inside selected range do not count as observed eaten facts (0.330649ms)
✔ basis navigation retains actual target and refuses changed accounts (2.622107ms)
✔ replacement Page and real store submit a one-time command without permanent preference writes (10.569929ms)
✔ review and workspace expose generic evidence limits without per-dish causal claims (0.507862ms)
✔ zero observed days excludes future snapshots and never calls the period complete (0.259364ms)
✔ secondary details are opt-in and clearing report clears new presentation state (1.361086ms)
✔ first use through tomorrow, shopping undo, own recipe and next menu application (149.513021ms)
✔ registered ordinary pages have accessible root scaling, including the startup log (1.956561ms)
✔ ordinary tappable views and text expose button semantics to assistive technology (1.884903ms)
✔ bounded acceptance verifier exists without model/default suite runners (0.28173ms)
✔ calendar and reusable menus use readable image-fallback rows without replacement actions (3.584051ms)
✔ saving one dish opens returned detail ID with a clear destination and unknown time stays null (10.446599ms)
✔ missing name focuses that field and retains input (2.383578ms)
✔ missing ingredients focuses that field and retains input (3.436331ms)
✔ missing steps focuses that field and retains input (3.482344ms)
✔ unknownOutcomeReusesOriginalRequest after reentry and same name never updates existing dish (6.562552ms)
✔ clean create exit is immediate; dirty create exit offers keep or discard (2.484274ms)
✔ structured rename sends exact rich recipe content without losing object fields (7.419025ms)
✔ editor validates focus and dirty cancel keeps or discards while clean cancel needs no dialog (4.995399ms)
✔ optional existing serving description and image use explicit update flags, including clear (5.900075ms)
✔ recipe changes revoke verified preview without changing original quality evidence (5.006221ms)
✔ public copy delegates authenticated ownership to server, preserves source and opens own editor (4.320973ms)
✔ saving reusable menu only writes a template and preserves historical snapshots (5.535152ms)
✔ naming menu inherits selected meal people and dishes without reselection (4.986311ms)
✔ menu create/edit use separate canonical journal keys and legacy unknown requests migrate intact (6.014603ms)
✔ reuse with current draft requires old/new summary and cancellation changes nothing (14.501847ms)
✔ confirmed menu handoff is immutable and revision-bound, with no calendar write (4.601308ms)
✔ deletedTemplateDishBlocksSilentApply lists missing dishes and never silently shrinks selection (8.39297ms)
✔ menu editor save and delete cannot mutate historical snapshots; save-as-new preserves original template (5.525533ms)
✔ menu replacement dialog cannot complete under another account or changed target (9.187254ms)
✔ menu edit cancel confirms only actual changes and retain leaves draft intact (5.051934ms)
✔ editor optional panels, focus binding, three save labels and ignorable guide are wired (0.326003ms)
✔ menu naming opens with pinned target and loads the destination templates (4.09541ms)
✔ pending menu editor survives a fresh selected-meal initialization (8.62679ms)
✔ pending menu edit can recover the original receipt even if current template read is unavailable (10.536826ms)
✔ another account cannot see old recipe quality notice or save destination (17.738952ms)
✔ changing target while replacement dialog is open preserves the old handoff and blocks apply (4.51931ms)
✔ template delete is isolated from stored actual history and calendar writes (4.858699ms)
✔ menu apply refuses unresolved current local writes even when destination is a different target (6.330907ms)
✔ dirty custom form tab exit confirms keep/discard while unchanged editor needs no native guard (8.806069ms)
✔ unknown edits cannot be canceled or changed while receipt recovery is pending (3.61257ms)
✔ pending template selections stay read-only through selected-panel handlers (1.538467ms)
✔ workspace more-panel naming handoff reuses current draft/target and never stores another dish list (24.586874ms)
✔ guide is dismissible once per account and does not create a preference or extra write (5.597129ms)
✔ template editor cannot expose calendar save for its independent selection (0.708313ms)
✔ renaming a legacy recipe preserves untouched HTTP image without forcing an optional edit (4.083203ms)
✔ review F1: reachable template selected-list repairs deleted dish and saves same template (5.149861ms)
✔ review F2: explicit new-menu entry asks before replacing edited name, people, IDs and identity (6.475536ms)
✔ review F2: actual workspace naming entry keep preserves editor (11.266445ms)
✔ review F2: actual workspace naming entry discard opens meal IDs (13.512736ms)
✔ review F3: invalid create receipt null keeps original journal until replay succeeds (5.164141ms)
✔ review F3: invalid create receipt {} keeps original journal until replay succeeds (12.650398ms)
✔ review F3: invalid create receipt {"id":0} keeps original journal until replay succeeds (4.400948ms)
✔ review F3: invalid create receipt {"id":-1} keeps original journal until replay succeeds (4.578593ms)
✔ review F3: invalid create receipt {"id":"bad"} keeps original journal until replay succeeds (15.65355ms)
✔ review F4: menu name/people/IDs changes arm supported leave guard, revert and save clear it (4.840309ms)
✔ review F4: explicit page back offers keep/discard for changed template and cannot abandon pending write (21.897641ms)
✔ review F2 guard: account change during naming approval preserves current state (5.831405ms)
✔ review F2 guard: target change during naming approval preserves current state (5.672161ms)
✔ review F2 guard: selection change during naming approval preserves current state (6.147086ms)
✔ review F2 guard: form change during naming approval preserves current state (5.357504ms)
✔ review F2 guard: selection_status change during naming approval preserves current state (6.876885ms)
✔ review F4 guard: pending recovery success clears alert and owner switch clears old guard (6.866864ms)
✔ review F2 guard: selecting another template prompts before replacing dirty editor (4.018608ms)
✔ review F4 guard: a stale leave confirmation cannot discard an edit that became pending (4.597442ms)
✔ rereview R1: visible same-template edit after 409 keep preserves dirty inputs (5.418745ms)
✔ rereview R1: visible same-template edit after 409 approved latest read permits explicit save (17.521222ms)
✔ rereview Back: clean menu plus dirty custom form offers keep/discard before navigation (5.380518ms)
✔ rereview Back: both dirty editors must resolve before navigation (3.753736ms)
✔ rereview R1 guard: account change during refresh decision cannot reread or overwrite another owner (4.88407ms)
✔ rereview R1 guard: late latest-template read is rejected after account changes (7.393745ms)
✔ rereview R1 guard: unknown write blocks explicit refresh and still retries original version/request (5.318579ms)
✔ rereview R1 guard: failed snapshot reread retains local form and version until a complete read succeeds (4.869456ms)
✔ append deduplicates and retains all earlier dishes without truncating the eleventh (4.279578ms)
✔ selected summary derives empty unsaved saved and changed from one workspace confirmation (1.030569ms)
✔ detail append keeps the original target and prior dishes, stays in detail, and changes primary action (20.654161ms)
✔ list return retains search filters scroll and derives newly selected dishes from the workspace (20.869345ms)
✔ cancelled remove never changes a draft or writes calendar; confirmed remove keeps the remaining dishes (24.664866ms)
✔ last dish remains visible with an honest minimum-one limitation (11.021979ms)
✔ account switch clears prior selected UI before late recipe write can render (14.962613ms)
✔ manual selection shows actual composition and asks for the fixed target before any write (8.869566ms)
✔ concurrent revision changes reject selection without replacing the newer menu (9.634699ms)
✔ queued selection retains prior dishes until exact task completion and keeps recovery visible (11.368213ms)
✔ unavailable private recipe shows permission error rather than an empty recipe (6.556761ms)
✔ recipe UI has ordinary browse sources compact rows and explicit calendar destination (0.423098ms)
✔ recipe cooking reuses large-step reader and preserves progress without creating a plan or actual (4.677666ms)
✔ compact recipe row isolates detail and select events with an honest selected label (1.245798ms)
✔ explicit save entry opens the existing compact date and meal panel without committing (20.537737ms)
✔ receiving an older handoff cannot consume a newer selection while its command waits (25.161035ms)
✔ legacy selection with more than ten dishes is refused before a command can mutate the menu (13.742663ms)
✔ unknown selection preserves prior dishes and recovery retries only the original request (12.866517ms)
✔ same-account different-meal reentry cancels a stale confirmation without leaking busy state (22.577603ms)
✔ failed quantity preview never erases real original ingredients (3.815759ms)
✔ recipe recovery is a real visible button and component actions have reachable handlers (0.689308ms)
✔ missing detail route id degrades without throwing (1.609634ms)
✔ favorite selection unknown result exposes original-request recovery immediately (9.431945ms)
✔ recipe cooking reads the same JSON step array as detail (4.42511ms)
✔ personal menu edit still selects from compact row event without changing meal draft (12.548782ms)
✔ recipe templates contain no malformed opening tag and provide shared responsive row styles (0.638337ms)
✔ first recipe in an empty meal creates only a workspace then selects into that target (8.316842ms)
✔ leaving menu editing restores authoritative meal choices without writing either object (10.441414ms)
✔ unknown first workspace creation remains recoverable without inventing selection success (15.87414ms)
✔ original array ingredients remain readable when quantity preview is empty (4.411608ms)
✔ filtering favorites keeps the authoritative already-added markers (6.689205ms)
✔ deferred login initializes detail and current meal together without a second onShow (first authorization) (8.650097ms)
✔ deferred login initializes detail and current meal together without a second onShow (new account) (13.941424ms)
✔ permission retry reloads the authorized current meal as well as the recipe (7.013059ms)
✔ late login cannot initialize an unloaded recipe page (3.39968ms)
✔ recipe-only pending selection pins its original target across 2026-10-13 breakfast (11.183078ms)
✔ recipe-only pending selection pins its original target across 2026-10-12 dinner (11.432716ms)
✔ calendar target overrides a pinned recipe target and account switch never inherits either (9.013228ms)
✔ an initially unauthorized detail can retry after deferred login and use the new account meal (9.009855ms)
✔ account switch during post-login recipe read cannot render or initialize the old account (4.651832ms)
✔ visible account reentry supersedes old detail initialization (old response first) (5.98867ms)
✔ visible account reentry supersedes old detail initialization (new response first) (6.663785ms)
✔ same-account explicit retry owns initialization even when the older read completes (7.514854ms)
✔ a changed same-account read epoch restarts visible initialization instead of coalescing stale work (7.746606ms)
✔ new-account initialization failure ends loading with a visible current-account retry (12.153134ms)
✔ save snapshot is a deeply immutable source copy with real full-year dates (16.316419ms)
✔ saveSnapshotSurvivesMidnightAndRejectsAccountChange (10.120509ms)
✔ savesFrozenDraftToAnotherDate and preserves the source across a year boundary (9.479283ms)
✔ a destination with an existing menu requires a second review and its own revision (7.746504ms)
✔ target 409 retains panel and A; refreshing only the destination allows explicit replacement (16.615247ms)
✔ unknownOutcomeReusesOriginalRequest and locks a pending target against retargeting (23.361835ms)
✔ cancel writes nothing, malformed target blocks submission, and target reads cannot race (9.247084ms)
✔ busy confirmation locks changes, close, and duplicate submit; stale frozen menu cannot save (5.759271ms)
✔ legacy confirm omits optional targets and explicit targets validate before the HTTP boundary (5.768182ms)
✔ shared save sheet exposes target controls, summary, recovery and a fixed saved-meal action (0.49047ms)
✔ only the matching request version and exact target can acknowledge a calendar save (18.224775ms)
✔ a minimized request receipt retains A even when the subsequent source refresh is offline (4.124466ms)
✔ a source-side 409 cannot be cleared by merely refreshing a new destination (5.534853ms)
✔ a late target read after account replacement cannot modify the new account panel (3.963442ms)
✔ reopening Today after midnight recovers the old pending source and exact destination (6.26603ms)
✔ reopening Today after midnight keeps an unsaved cached menu but never reads the previous account draft (3.811838ms)
✔ offline reopening offers the original pending save recovery inside the sheet (7.105897ms)
✔ post-save dirty context stays active after midnight foreground (3.086059ms)
✔ post-save dirty context stays active after midnight reopening (14.141501ms)
✔ post-save synchronized context stays active after midnight foreground (3.92204ms)
✔ post-save synchronized context stays active after midnight reopening (4.613867ms)
✔ summaryCountsRemainSourceCounts (11.818511ms)
✔ mixedUnitsNeverCoerce (1.528294ms)
✔ legacy source objects preserve dish name date and meal rather than saying manual (0.511727ms)
✔ same dish on different dates or meals has distinct stable group keys and starts collapsed (3.624789ms)
✔ summary checks only visible pending sources without reversing already purchased sources (7.580209ms)
✔ summary and source row identities survive filtering and use keys rather than render indices (0.788359ms)
✔ single-source quantity opens the real editor while a merged row only expands its editable sources (3.855248ms)
✔ unconfirmed check never moves or marks an item and success briefly displays bought before removing it (6.112728ms)
✔ bought then undo returns to the original row and scroll position using the receipt version (8.720608ms)
✔ createCheckUndo requires a successful homogeneous state transition and an authoritative newer version (0.925711ms)
✔ 409 undo refreshes without force-rebasing or reversing a newer shopper choice (9.577387ms)
✔ refresh invalidates an old undo and explains how to change purchased items back (15.353515ms)
✔ other-write invalidates an old undo and explains how to change purchased items back (7.114619ms)
✔ new-version invalidates an old undo and explains how to change purchased items back (8.305851ms)
✔ reduced motion commits and moves the row immediately without suppressing the success result (7.383818ms)
✔ unknownOutcomeReusesOriginalRequest across page reentry and a changed local version (9.23629ms)
✔ network failure keeps the inverse operation original and does not offer another undo (6.30257ms)
✔ a stale late receipt cannot replace a newer list or create a usable undo (4.472525ms)
✔ account changes reject late receipts and clear the previous owners transition feedback and undo (4.886374ms)
✔ the page only has pending and bought states and reuses compact rows and persistent action feedback (4.3391ms)
✔ cost UI and automatic capability or quote reads are hidden without deleting old expenses (7.085221ms)
✔ clear checked confirms the exact source count and leaves calendar recipe and actual records outside the write (4.117299ms)
✔ clear all confirms the exact source count and leaves calendar recipe and actual records outside the write (5.222851ms)
✔ manual notes remain visible in source details and a dish-source detail button expands that item only (3.209113ms)
✔ a second concurrent check cannot run until the first receipt arrives (5.238543ms)
✔ an unusable check receipt keeps the original request pending and never manufactures success or undo (3.487635ms)
✔ a clear confirmation cannot silently authorize a changed count or another account (3.113241ms)
✔ undo from purchased view restores its prior purchased state rather than assuming unchecked (10.447677ms)
✔ display-only merges never expand the itemIds or origins of individual by-dish rows (0.304779ms)
✔ undo rejects an unversioned prior list rather than assuming that any new receipt is safe (0.22659ms)
✔ compact wrapper adds no vertical padding around the 52px ingredient row (0.223194ms)
✔ explicit failed receipts never mark success even when they carry a newer snapshot (3.732432ms)
✔ a refresh begun before a successful check cannot rewind the confirmed list or cache (7.52333ms)
✔ folded dish source headers use an existing icon rather than the unknown-icon fallback (0.401584ms)
✔ visible draft retry preserves newer confirmed state for forward checks (6.074381ms)
✔ visible draft retry preserves newer confirmed state for inverse checks (6.511347ms)
✔ visible draft retry retains the original operation after failed receipt (5.93974ms)
✔ visible draft retry retains the original operation after missingList receipt (7.666351ms)
✔ visible draft retry retains the original operation after null receipt (4.56274ms)
✔ visible draft retry retains the original operation after missingVersion receipt (15.356214ms)
✔ visible draft retry retains the original operation after oldVersion receipt (25.246241ms)
✔ visible draft retry retains the original operation after wrongCheckedState receipt (14.027203ms)
✔ visible draft retry retains the original operation after missingItem receipt (4.924433ms)
✔ merged quantity remains unknown after overflow even when later sources are small (0.349945ms)
✔ failed inverse replay retains the exact inverse request and purchased state (6.874152ms)
✔ direct inverse rejects missing checked state (5.308907ms)
✔ replayed inverse rejects missing checked state (8.515442ms)
✔ direct inverse rejects null checked state (5.907595ms)
✔ replayed inverse rejects null checked state (6.143051ms)
✔ direct inverse rejects string checked state (5.949653ms)
✔ replayed inverse rejects string checked state (7.933522ms)
✔ direct inverse rejects number checked state (4.684819ms)
✔ replayed inverse rejects number checked state (6.009553ms)
✔ undo construction requires explicit boolean before and after states (0.291296ms)
✔ read-only initial quantities and unknown source counts permit one-page confirmation (22.459256ms)
✔ home ingredients only leave this payload; success stays readable and cannot resubmit (5.58334ms)
✔ old receipt counts stay unknown (4.135938ms)
✔ unknownOutcomeReusesOriginalRequest across unload and return with edits frozen (5.592503ms)
✔ 409 preserves edits and reconfirms against latest checked list (5.581415ms)
✔ people change explains replacement first; missing servings retain original unknown text (4.136661ms)
✔ unreliable receipt cannot clear original payload or report success null (3.297022ms)
✔ unreliable receipt cannot clear original payload or report success {"success":false,"list":{"version":3,"dishes":[]}} (9.220642ms)
✔ unreliable receipt cannot clear original payload or report success {"list":{"version":2,"dishes":[]}} (2.698853ms)
✔ unreliable receipt cannot clear original payload or report success {"list":{"dishes":[]}} (2.970486ms)
✔ older valid replay acknowledges without rewinding newer cache (2.526396ms)
✔ compact summary and by-dish use the same source counts without auto inputs (2.705459ms)
✔ returning before submission restores editable preparation without loading forever (5.696782ms)
✔ late receipt after account change never writes or reports success (3.84151ms)
✔ a server timeout retains the original immutable request (2.59443ms)
✔ new selection is retained while an older unknown confirmation resolves (3.512764ms)
✔ partial or invalid receipt counts never invent numeric success (0.343951ms)
✔ source row editing stays attached after an earlier dish becomes empty (2.982759ms)
✔ verified public CALCULATED previews are not unknown; mixed/range/unit rows remain honest (3.6295ms)
✔ actual confirmed draft discard frees preparation for a new selection without resurrection (15.037219ms)
✔ actual successful draft replay retires its preparation snapshot and accepts a new selection (11.395269ms)
✔ actual conflict reconfirmation replaces preparation request and retains edits for unknown retry (11.208926ms)
✔ missing journal entry alone never certifies a pending preparation was discarded (7.358201ms)
✔ a still-mounted preparation cannot resurrect an explicitly discarded draft on unload or retry (6.838095ms)
✔ retired mounted page cannot overwrite a later new preparation on unload (13.211429ms)
✔ queued new selection survives old preparation retirement (17.989211ms)
✔ late failed confirmation cannot resurrect a confirmed discarded preparation {"statusCode":409} (9.229293ms)
✔ late failed confirmation cannot resurrect a confirmed discarded preparation {"statusCode":400} (13.086027ms)
✔ late failed confirmation cannot resurrect a confirmed discarded preparation {"isNetworkError":true} (16.856263ms)
✔ late conflict cannot clear an externally reconfirmed replacement request (5.130155ms)
✔ late terminal error cannot overwrite a newer preparation after successful draft replay (10.210864ms)
✔ favorite entry preserves the chosen dish and ignores completion after account change (6.15888ms)
✔ FE-01 cached recipe tab consumes each profile menu shortcut exactly once (42.505913ms)
✔ menu shortcut preserves initial flag and explicit route entry (26.032541ms)
✔ FE-01 menu shortcut is consumed only for the current account after ownership changes (13.503023ms)
✔ FE-02 an empty Today meal picker follows the new China day after midnight (22.289249ms)
✔ explicit historical and future meal edits remain pinned after meal selection and midnight (44.004422ms)
✔ meal picker preserves a pending calendar edit target instead of treating it as following Today (17.565336ms)
✔ meal picker keeps a saved explicit future target pinned rather than following Today (18.103926ms)
✔ FE-03 detail addition uses the Today meal shown after a cold-start rollover (25.08417ms)
✔ FE-03 favorite addition uses the Today meal shown after a cold-start rollover (47.116301ms)
✔ add-to-meal preserves an explicitly displayed historical target across midnight (21.620687ms)
✔ FE-04 save selected dishes as a new menu clears an existing edit (7.32109ms)
✔ FE-04 save selected dishes as a new menu clears an existing edit after sheet reentry (5.577564ms)
✔ new-menu action cannot discard an unresolved edit write and retry retains the exact request (6.315886ms)
✔ an unsaved Today menu retains its source after midnight without an open save panel (14.562699ms)
✔ browsing historical meals does not change the account active target or draft (33.905438ms)
✔ validated history import stays selected through assistant to result and return (21.09615ms)
✔ a version change before explicit history handoff does not select a new target (11.312358ms)
✔ assistant revalidation rejects an updated history version before selecting its target (9.358919ms)
✔ a route alone without a validated explicit handoff does not change the shared target (7.016771ms)
✔ an account switch during history validation cannot hand off or select another account target (3.987518ms)
✔ an account switch during assistant revalidation cannot import or change the new target (5.40207ms)
✔ a replaced workspace initialization invalidates a pending history import (5.32795ms)
✔ a conflicted select preserves the explicitly chosen target without claiming a successful import (7.041053ms)
✔ unknown selection stays on its explicitly chosen target through onShow and original-request retry (8.237459ms)
✔ failed context save keeps the chosen target but cannot claim the history selection succeeded (8.981756ms)
✔ account switch during initial import select cannot commit a stale target (6.760856ms)
✔ account switch during import retry cannot commit a stale target (5.633773ms)
✔ history handoff accepts only the selected session target and version (2.634624ms)
✔ legacy multi meal drafts remain separate explicit imports with their people and source version (0.299908ms)
✔ login returns one awaitable outcome and concurrent clicks share the operation (2.477828ms)
✔ timeout resolves failure and late login cannot silently change identity (1.016567ms)
✔ platform rejection stays visible as a failed result (0.9249ms)
✔ actual quick entry keeps original payload and key after unknown save (3.189612ms)
✔ cancel account switch and future entry never save (0.32562ms)
✔ conflict reload retains input and requires a fresh explicit save (1.119801ms)
✔ skipped is a separate explicit save and closing alone writes nothing (0.439398ms)
✔ choosing actual type is read-only and the single confirm saves only that type (0.481659ms)
✔ unknown save does not let a different record type replace the original retry intent (0.287272ms)
✔ late save response cannot close the next account sheet (0.379807ms)
✔ changed displayed plan cannot be silently recorded as the new plan (0.252592ms)
✔ reopening a saved actual keeps it visible and confirmation retains the original entries (1.263649ms)
✔ reopening a skipped record does not silently convert it to eaten (0.498195ms)
✔ first changed actual keeps unique planned dish IDs and free text in both entry points (19.313764ms)
✔ retained actual snapshot wins over a current plan with the same dish name (2.205231ms)
✔ duplicate planned names never arbitrarily choose a dish identity in either entry point (1.766394ms)
✔ duplicate actual names retain separate snapshot indexes before planned identity (6.802305ms)
✔ deleted plan preserves actual snapshot identity and leaves unrelated input as free text (3.867479ms)
✔ changed displayed plan cannot relabel old text with a newly matching dish ID (1.720073ms)
✔ conflict reload keeps the initially displayed plan identity boundary without a caller revision (2.691067ms)
✔ first successful reload after a failed initial read preserves its plan identity boundary (2.902582ms)
✔ first successful reload after a failed initial read preserves its no-plan identity boundary (3.159768ms)
✔ first successful reload never replaces a caller-supplied displayed plan revision (1.685542ms)
✔ unknown changed-actual retry preserves the original IDs, versions and request ID (1.943429ms)
✔ an account switch blocks a pending changed-actual retry (4.314643ms)
✔ whole-meal cooking uses every saved recipe and completing steps does not record eating (7.295723ms)
✔ 月范围按真实天数且周范围从周一开始 (1.771918ms)
✔ 计划和实际记录均出现在当日餐次视图，撤销实际记录不抹掉计划 (0.398586ms)
✔ calendar opens the selected meal on the selected date (7.282906ms)
✔ a static meal name does not emit a misleading open action (0.887917ms)
✔ 采购汇总保留不同餐次来源及部分已买状态 (2.641917ms)
✔ 不同食材形态不能被汇总合并 (0.242212ms)
✔ manual counts survive people change and all meals use explicit Beijing targets (7.490126ms)
✔ unknown write keeps its original key and payload until explicit retry (2.122339ms)
✔ account switch discards a late workspace response and prevents stale writes (0.783547ms)
✔ a version conflict keeps local edits and stops new operations (0.701493ms)
✔ refresh never silently rebases unsynced local edits onto another device revision (0.623063ms)
✔ a slow read cannot replace a newer acknowledged cloud snapshot (0.778926ms)
✔ a create racing another device retains input and requires explicit conflict resolution (0.78335ms)
✔ server materializing empty criteria does not create a false first-meal conflict (0.787965ms)
✔ a different server constraint still blocks a racing create (2.170306ms)
✔ menu handoff carries server version and target into selection with its people count (21.293244ms)
✔ failed menu selection keeps the exact handoff available for retry (4.696903ms)
✔ menu for another target remains untouched (4.291602ms)
✔ inconsistent stored menu target is rejected before any context write (2.900884ms)
✔ calendar deep link retains an explicit meal target (8.243211ms)
✔ shopping filters retain the authoritative full list without another request (8.611555ms)
✔ purchase preview preserves two dates for the same dish and separate people counts (2.495333ms)
✔ all registered routes have valid event handlers, dark titles and the shared theme (31.307585ms)
✔ public component event bindings match events actually emitted by that component (11.190445ms)
✔ F01 account change clears private form and blocks save before onShow (15.064935ms)
✔ F01 account change clears private form and blocks save after onShow (13.041055ms)
✔ F01 late custom save clears old ownership without changing the new draft (9.909802ms)
✔ F01 same-account failed save and cancel preserve typed inputs (5.969194ms)
✔ F01 a calendar action sheet cannot submit a new account selection (8.266131ms)
✔ F01 plan overwrite confirmation rejects a token switch without a user ID (29.295338ms)
✔ F02 admin rejects late account data and unload callbacks (10.474666ms)
✔ F02 admin clears protected data for HTTP 401 (4.007585ms)
✔ F02 admin clears protected data for HTTP 403 (2.860653ms)
✔ F02 admin-dashboard rejects late account data and unload callbacks (5.345318ms)
✔ F02 admin-dashboard clears protected data for HTTP 401 (2.295553ms)
✔ F02 admin-dashboard clears protected data for HTTP 403 (2.492263ms)
✔ F02 admin-users rejects late account data and unload callbacks (5.640065ms)
✔ F02 admin-users clears protected data for HTTP 401 (2.700867ms)
✔ F02 admin-users clears protected data for HTTP 403 (2.454158ms)
✔ F02 admin-user-detail rejects late account data and unload callbacks (5.591883ms)
✔ F02 admin-user-detail clears protected data for HTTP 401 (2.529549ms)
✔ F02 admin-user-detail clears protected data for HTTP 403 (3.499727ms)
✔ F02 admin-dishes rejects late account data and unload callbacks (6.727109ms)
✔ F02 admin-dishes clears protected data for HTTP 401 (3.070332ms)
✔ F02 admin-dishes clears protected data for HTTP 403 (2.904972ms)
✔ F02 admin-audit rejects late account data and unload callbacks (9.946207ms)
✔ F02 admin-audit clears protected data for HTTP 401 (1.649396ms)
✔ F02 admin-audit clears protected data for HTTP 403 (3.724281ms)
✔ F02 admin keeps the latest authorized response when an older request fails (3.677823ms)
✔ F02 admin-users keeps the latest authorized response when an older request fails (3.03346ms)
✔ F02 admin-dishes keeps the latest authorized response when an older request fails (5.694416ms)
✔ F02 admin-audit keeps the latest authorized response when an older request fails (3.596141ms)
✔ F02 admin-users toggleStatus discards confirmation from the previous account (3.254135ms)
✔ F02 admin-user-detail toggleStatus discards confirmation from the previous account (2.770527ms)
✔ F02 admin-user-detail deleteDish discards confirmation from the previous account (2.694942ms)
✔ F02 admin-dishes togglePublished discards confirmation from the previous account (4.053891ms)
✔ F02 admin onDeleteDish discards confirmation from the previous account (3.882018ms)
✔ F04 backend replacement cannot overwrite a newer generation (19.063224ms)
✔ F04 local replacement cannot overwrite a newer generation (5.328333ms)
✔ F04 replacement rejects an account change before onShow (4.623431ms)
✔ F04 fallback cannot cross two tokens without a user ID (4.679322ms)
✔ F04 replacement preserves a concurrent change to another plan and stops on unload (9.08885ms)
✔ F01 an old selection event cannot create B shopping work before onShow (7.101353ms)
✔ round1 F01 onShowSelected rejects account changes before onShow with user ID (8.652424ms)
✔ round1 F01 onShowSelected rejects account changes before onShow without user ID (6.71338ms)
✔ round1 F01 onShowSelected ignores events after unload (6.950019ms)
✔ round1 F01 onRemoveSelected rejects account changes before onShow with user ID (6.76851ms)
✔ round1 F01 onRemoveSelected rejects account changes before onShow without user ID (6.62914ms)
✔ round1 F01 onRemoveSelected ignores events after unload (6.268045ms)
✔ round1 F01 onHideSelected rejects account changes before onShow with user ID (6.668026ms)
✔ round1 F01 onHideSelected rejects account changes before onShow without user ID (8.725231ms)
✔ round1 F01 onHideSelected ignores events after unload (8.574941ms)
✔ round1 F01 onTapDish rejects account changes before onShow with user ID (12.211287ms)
✔ round1 F01 onTapDish rejects account changes before onShow without user ID (15.252241ms)
✔ round1 F01 onTapDish ignores events after unload (7.801524ms)
✔ round1 F01 same-account panel display and removal retain the remaining selection (6.093528ms)
✔ round1 F02 admin clears HTTP 401 status only after a current successful retry (9.251863ms)
✔ round1 F02 admin clears HTTP 403 status only after a current successful retry (3.119904ms)
✔ round1 F02 admin-dashboard clears HTTP 401 status only after a current successful retry (2.726863ms)
✔ round1 F02 admin-dashboard clears HTTP 403 status only after a current successful retry (2.685112ms)
✔ round1 F02 admin-users clears HTTP 401 status only after a current successful retry (2.737002ms)
✔ round1 F02 admin-users clears HTTP 403 status only after a current successful retry (2.704237ms)
✔ round1 F02 admin-user-detail clears HTTP 401 status only after a current successful retry (3.186629ms)
✔ round1 F02 admin-user-detail clears HTTP 403 status only after a current successful retry (2.265011ms)
✔ round1 F02 admin-dishes clears HTTP 401 status only after a current successful retry (3.310557ms)
✔ round1 F02 admin-dishes clears HTTP 403 status only after a current successful retry (2.91065ms)
✔ round1 F02 admin-audit clears HTTP 401 status only after a current successful retry (3.627575ms)
✔ round1 F02 admin-audit clears HTTP 403 status only after a current successful retry (1.853585ms)
✔ round1 F02 admin retains the latest permission denial when an older success arrives (2.744495ms)
✔ round1 F02 admin-users retains the latest permission denial when an older success arrives (2.899073ms)
✔ round1 F02 admin-dishes retains the latest permission denial when an older success arrives (2.916743ms)
✔ round1 F02 admin-audit retains the latest permission denial when an older success arrives (2.984569ms)
✔ F02 admin account change clears filters/forms before a new action (3.277211ms)
✔ F02 admin-dashboard account change clears filters/forms before a new action (4.018753ms)
✔ F02 admin-users account change clears filters/forms before a new action (2.996951ms)
✔ F02 admin-user-detail account change clears filters/forms before a new action (2.448576ms)
✔ F02 admin-dishes account change clears filters/forms before a new action (4.406781ms)
✔ F02 admin-audit account change clears filters/forms before a new action (2.733082ms)
✔ F05 search pagination keeps keyword/filter and suppresses duplicate and stale pages (6.175502ms)
✔ F06 initial edit route opens the requested dish, account changes clear the form (42.35084ms)
✔ F06 remote owner controls the detail edit entry and navigation (12.69798ms)
✔ F07 calendar recipe navigation passes plan and actual people to the real detail preview (25.267369ms)
✔ F07 generic browse retains the explicit two-person preview default (1.795229ms)
✔ calendar explains planning and directs empty meals to an arrangement (1.565625ms)
✔ calendar meal entry labels actual records before existing or empty plans (3.993138ms)
✔ calendar detail labels saving a plan separately from recording food (2.666317ms)
✔ food recording sheet states its actual-only purpose and keeps the meal context (2.541484ms)
✔ recipe details are clearly ingredients and cooking instructions (0.4759ms)
✔ diet review separates actual food statistics from plan execution comparisons (0.312954ms)
✔ help distinguishes saving to the calendar from recording food after eating (0.286806ms)
✔ help presents one generation action with optional meal requirements (0.289499ms)
✔ profile still exposes assistant history and opens the existing history page (2.610735ms)
✔ personal create retries one request ID and preserves form after unknown outcome (15.58705ms)
✔ detail copy checks content version and opens its own editable copy (11.093286ms)
✔ menu apply binds resolved target/version/people and only opens a draft (8.185446ms)
✔ menu late resolve cannot write target or navigate for another account (13.087518ms)
✔ copied rich recipe editor uses detailed steps and retries the exact versioned edit (7.060741ms)
✔ menu save recovery restores selected IDs after reentry (7.659236ms)
✔ menu edit refreshes changed recipe snapshots before explicitly saving the new combination (8.221585ms)
✔ menu edit keeps unavailable dish selected and explains it rather than silently dropping it (9.600908ms)
✔ late menu resolve after hiding and changing active meal cannot navigate or overwrite target (4.956681ms)
✔ dish detail prefers numeric cooking time and shows it even without legacy text (18.451171ms)
✔ unknown result survives reload and retries exact original body and request ID (3.551596ms)
✔ known conflict clears pending, network timeout retains it, and repeated clicks reuse one send (0.590652ms)
✔ account switch rejects late result and never exposes pending contents to another account (0.554612ms)
✔ menu handoff binds target, menu revision, people and selected IDs without confirming a plan (1.420336ms)
✔ synchronous transport failure cannot poison the in-flight retry slot (0.428259ms)
✔ editable recipe text preserves rich arrays as readable lines (0.73011ms)
✔ unknown create then 401 retains original request for authenticated recovery (0.484107ms)
✔ unknown create then 403 retains original request for authenticated recovery (0.357341ms)
✔ an async preference response never populates the next account cache (6.35942ms)
✔ dismissing login does not reopen it on every profile visit (2.96633ms)
✔ visible admin entry only navigates for a verified admin (1.249455ms)
✔ dish selection emits only the select action while opening emits only detail (2.558031ms)
✔ browse mode and disabled selection never change the selected dishes (0.700677ms)
✔ recipe quality renderer hides generated raw amounts and rejected materials (2.733513ms)
✔ verified quantity and servings can be displayed while unknown calories stay unknown (0.363572ms)
✔ legacy generated allowance is handled honestly even before evidence is returned (0.482381ms)
✔ category labels translate catalog codes without exposing unknown internal values (6.144184ms)
✔ hidden price page does not start capability or quote work after a list mutation or account change (4.992272ms)
✔ retained capability cache never publishes a late account A response into account B (2.534766ms)
✔ draft replay stops at conflict and preserves later operations in order (3.7988ms)
✔ successful replay removes only acknowledged drafts and saves authoritative list (1.600415ms)
✔ real shopping name-only edit sends no prefilled quantity and preserves both warnings through cache reentry (16.22722ms)
✔ actively confirming the identical prefilled quantity sends a quantity patch and removes warnings in both cached views (8.419337ms)
✔ failed quantity confirmation retains typed input and intent for an identical-key retry (4.105266ms)
✔ cancel never edits a list and reopening does not inherit an abandoned quantity confirmation (2.985438ms)
✔ name-only edits preserve CALCULATED quantity compatibility (4.608613ms)
✔ name-only edits preserve USER_OVERRIDE quantity compatibility (3.953195ms)
✔ manual add keeps explicit quantity and note fields (2.677801ms)
✔ new metadata-only drafts preserve old pending payloads and retain their own original key/version on retry (3.724071ms)
✔ purchase row references the same single expense while details are collapsed (2.355292ms)
✔ native icon component loads only JavaScript modules (3.330203ms)
✔ IDE scan excludes legacy test temporary directories (0.415547ms)
✔ single token source has readable brand and text contrasts (0.851004ms)
✔ runtime PNG assets are included in the mini program package (0.188304ms)
✔ formal asset manifest covers the complete icon set, tab variants and five illustrations (1.316171ms)
✔ busy sheet preserves editing until the save is known (4.74391ms)
✔ disabled chip cannot mutate selection (1.101135ms)
✔ login overlay intercepts background when visible and busy cancellation keeps authorization pending (7.942206ms)
✔ sheet reopen and keyboard dismissal derive fresh dimensions from the current window (2.08101ms)
✔ favorite toggles request distinct registered PNG assets on detail and legacy result (7.696352ms)
✔ legacy assistant send control has a visible label and prevents resubmission while processing (5.110838ms)
✔ result tag list keeps the first three labels in original order for native loop bindings (11.565211ms)
✔ page and shared WXML bindings use native data and arithmetic without function calls (10.539122ms)
✔ both shopping views show unresolved quantities even with readable amounts and preserve manual confirmation (6.535791ms)
✔ result favorite submits once while busy and failures preserve the original selection (10.173986ms)
✔ result late favorite cannot update plans or show feedback after account (1.484659ms)
✔ result late favorite cannot update plans or show feedback after generation (2.501759ms)
✔ result late favorite cannot update plans or show feedback after unload (1.440853ms)
✔ old favorite cleanup cannot clear the busy state of a new generation request (1.934134ms)
✔ result favorite success clears its own busy after the real same-generation dish replacement (4.103235ms)
✔ result favorite failure clears its own busy after the real same-generation dish replacement (1.530257ms)
✔ old favorite cleanup cannot clear a new favorite busy after the real same-generation dish replacement (3.042626ms)
✔ a late background favorite read cannot overwrite the shopper toggle in the same generation (3.851389ms)
✔ background favorites and real dish replacement preserve the current menu when replacement-first (4.135319ms)
✔ background favorites and real dish replacement preserve the current menu when favorites-first (1.380846ms)
✔ real same-row replacement retains the latest request when older-first (2.172471ms)
✔ real same-row replacement retains the latest request when newer-first (1.436616ms)
✔ background favorite reads cannot modify a current menu after account (1.271018ms)
✔ background favorite reads cannot modify a current menu after generation (2.418454ms)
✔ background favorite reads cannot modify a current menu after unload (1.812827ms)
✔ a background favorite read cannot start during account (1.534035ms)
✔ a background favorite read cannot start during favorite-busy (4.310568ms)
✔ only the latest background favorite read may update matching current dishes (1.431245ms)
✔ real replacements to neighboring rows preserve each completed current row (3.204552ms)
✔ backend same-type replacements 0 then 1 recheck current menu for same (4.509948ms)
✔ backend same-type replacements 0 then 1 recheck current menu for id-only (1.89985ms)
✔ backend same-type replacements 0 then 1 recheck current menu for name-only (1.383517ms)
✔ backend same-type replacements 0 then 1 recheck current menu for different (1.39242ms)
✔ backend same-type replacements 1 then 0 recheck current menu for same (2.904989ms)
✔ backend same-type replacements 1 then 0 recheck current menu for id-only (1.374323ms)
✔ backend same-type replacements 1 then 0 recheck current menu for name-only (1.393763ms)
✔ backend same-type replacements 1 then 0 recheck current menu for different (1.467346ms)
✔ local same-type replacements 0 then 1 recheck current menu for same (21.169814ms)
✔ local same-type replacements 0 then 1 recheck current menu for id-only (1.863174ms)
✔ local same-type replacements 0 then 1 recheck current menu for name-only (1.916398ms)
✔ local same-type replacements 0 then 1 recheck current menu for different (2.181398ms)
✔ local same-type replacements 1 then 0 recheck current menu for same (3.706169ms)
✔ local same-type replacements 1 then 0 recheck current menu for id-only (3.4062ms)
✔ local same-type replacements 1 then 0 recheck current menu for name-only (1.798949ms)
✔ local same-type replacements 1 then 0 recheck current menu for different (1.675247ms)
✔ backend commit checks all current plans rather than only its own plan (2.334542ms)
✔ local commit checks all current plans rather than only its own plan (2.446053ms)
✔ a stale colliding replacement cannot emit retry feedback after account (4.940887ms)
✔ a stale colliding replacement cannot emit retry feedback after generation (1.016459ms)
✔ a stale colliding replacement cannot emit retry feedback after unload (1.078649ms)
✔ a stale colliding replacement cannot emit retry feedback after slot (1.662376ms)
✔ an account switch blocks a favorite tap on the old page before onShow clears it (1.344625ms)
✔ ordinary loading has no illustration or implied assistant role (1.825266ms)
✔ first empty state may use its illustration but filtered or error states stay compact (0.292204ms)
✔ unresolved numeric lines never merge with each other or contaminate a later verified line (2.089317ms)
✔ cached inferred servings are unresolved while explicit shopper overrides keep their original amounts (0.649981ms)
✔ offline list reentry normalizes both meal view and summary without changing pending request bodies (2.29945ms)
✔ label and unit edits keep server quantity warnings through cache reentry and summary rebuilding (1.46478ms)
✔ actual editor retains historical indexes and sends changed selections through catalog ids (11.170572ms)
✔ presentation prioritizes an unknown write over an already saved plan (1.754115ms)
✔ a changed requirement cannot be confirmed and a planned meal opens all recipes (0.191732ms)
✔ V4 prices keep different manual ingredient rows separate and actual zero does not mark purchased (2.902143ms)
✔ reference quotes use trusted quantities and retain missing or stale values as unknown (1.207086ms)
✔ same recipe ingredient across two meals records one actual spend and estimates both quantities (0.522539ms)
✔ cooking progress is scoped by account and plan revision (1.854543ms)
✔ workspace controlled flow uses server preview then exact confirmation and links same week (27.84794ms)
✔ dirty workspace cannot begin a controlled write and cancel never confirms (4.539774ms)
✔ unknown task remains visible after reentry and recovery never creates another preview (8.690147ms)
✔ late controlled result cannot write report into another account page (11.475438ms)
✔ today ignores a stale saved target after a China natural day changes (1.18706ms)
✔ explicit historical editing preserves its date and same-day choices stay valid (0.208531ms)
✔ shared homepage keeps one optional requirements entry and an independent people control (5.02429ms)
✔ empty, generated, planned and needs-input states have one explicit next action (3.090472ms)
✔ unknown recovery outranks generation and invalid people input (0.314218ms)
✔ offline recovery outranks generation and invalid people input (0.142401ms)
✔ conflict recovery outranks generation and invalid people input (0.147217ms)
✔ saved meal people are restored and inline edits affect only the selected meal (18.736873ms)
✔ inline stepper and numeric entry enforce integer people from 1 to 50 (6.116999ms)
✔ a new meal uses wrapped saved preferences without merging hard exclusions into current text (3.368786ms)
✔ clearing or canceling current requirements never clears saved hard exclusions (3.785126ms)
✔ a blank optional requirement can generate using the selected target and people (4.590246ms)
✔ needs-input presents the exact existing server reason without guessing a new reason (3.22385ms)
✔ saving a generated menu reviews a target before confirming and never records eaten (6.261133ms)
✔ canceling the calendar confirmation prevents a stale approval from saving (3.563047ms)
✔ advanced controls open separately and canceled settings do not overwrite inline people (2.943312ms)
✔ returning from preferences refreshes exclusions without replacing current-meal people (3.566786ms)
✔ invalid people input never follows a meal change (3.033473ms)
✔ invalid people input never follows a account change (4.023188ms)
✔ offline context controls cannot hide the recovery action by creating an unsynced edit (2.982616ms)
✔ late preference refresh cannot replace the next account hard exclusions (13.758246ms)
✔ invalid people input does not disable onCancelTask (0.230002ms)
✔ invalid people input does not disable onViewRecipes (0.079824ms)
✔ invalid people input does not disable onViewPlan (0.080152ms)
✔ people edits cannot interrupt generation or disable its cancellation (2.117863ms)
✔ invalid people block direct generation and saving and invalidate an open calendar confirmation (2.21097ms)
✔ today generates immediately after people input without a blur or a preference write (2.584694ms)
✔ result generates immediately after people input without a blur or a preference write (4.576525ms)
✔ assistant generates immediately after people input without a blur or a preference write (2.452824ms)
✔ an unknown calendar save retains its target panel with recovery and retries the original payload (4.109706ms)
✔ a late successful exclusion refresh cannot overwrite the newest summary for the same meal (2.351285ms)
✔ a late failed exclusion refresh cannot overwrite the newest summary for the same meal (2.324948ms)
✔ the homepage shows saved exclusions and failed reads but hides a confirmed empty list (3.55564ms)
✔ a new draft can be saved after independently recording actual food without changing that record (4.579994ms)
✔ failed requirements save 503 exposes recovery immediately and cancel does not reapply its text (4.20086ms)
✔ failed requirements save 409 exposes recovery immediately and cancel does not reapply its text (2.699971ms)
✔ open meal result waits for the draft save and carries the selected meal target (16.702562ms)
✔ a changed account during the save never opens the previous meal route (3.995512ms)
✔ failed draft save keeps the current page and tells the user what remains unsaved (1.940906ms)
✔ a late preference read cannot initialize the next account with the previous target (14.957758ms)
✔ primary action is usable after select settles (24.270021ms)
✔ primary action is usable after keep settles (4.757613ms)
✔ primary action is usable after cancel settles (4.7956ms)
✔ confirmed plan enables the cooking action after its refresh finishes (2.971503ms)
✔ command failure and original-payload retry both leave the primary action usable (6.495881ms)
✔ failed confirmation can be retried without leaving its next action disabled (4.781111ms)
✔ conflict reload success and failure derive the current enabled action (4.431506ms)
✔ busy state disables the primary action and still blocks duplicate submissions (2.850972ms)
✔ unsaved context cannot be confirmed even when the page is idle (2.691566ms)
✔ late command success cannot clear the next account busy state (3.60393ms)
✔ late command failure cannot clear the next account busy state (3.84289ms)
✔ canceling a requirements sheet does not edit the authoritative draft (11.279423ms)
✔ applying requirements after an account change never edits the new account (2.543838ms)
✔ late apply success cannot close a reopened sheet for the next account (1.578619ms)
✔ late apply failure cannot replace the new sheet feedback (1.676283ms)
✔ typing a new restriction while saving keeps the sheet and newer text for explicit resubmission (1.494775ms)
✔ a sheet opened before first creation accepts the expected null-to-ID transition in the same store (2.452002ms)
✔ a replaced store cannot receive a sheet opened against the old store (1.408797ms)
ℹ tests 756
ℹ suites 0
ℹ pass 756
ℹ fail 0
ℹ cancelled 0
ℹ skipped 0
ℹ todo 0
ℹ duration_ms 1599.504637
[
  {
    "check": "G1 audited UI contracts",
    "kind": "automated",
    "status": "passed",
    "evidence": [
      "tests/account-boundaries.test.js",
      "tests/api-account-retry.test.js",
      "tests/api-identity-success.test.js",
      "tests/assistant-history.test.js",
      "tests/calendar-actual-recovery.test.js",
      "tests/controlled-harness.test.js",
      "tests/detail-servings.test.js",
      "tests/diet-report-api.test.js",
      "tests/diet-report.test.js",
      "tests/dish-workspace-handoff.test.js",
      "tests/experience-actions.test.js",
      "tests/experience-calendar.test.js",
      "tests/experience-components.test.js",
      "tests/experience-composition.test.js",
      "tests/experience-diet-review.test.js",
      "tests/experience-journeys.test.js",
      "tests/experience-personal-recipes.test.js",
      "tests/experience-recipe-selection.test.js",
      "tests/experience-save-target.test.js",
      "tests/experience-shopping-list.test.js",
      "tests/experience-shopping-preview.test.js",
      "tests/favorite-meal-entry.test.js",
      "tests/frontend-workflow-regressions.test.js",
      "tests/history-workspace-target.test.js",
      "tests/legacy-meal-import.test.js",
      "tests/login-readiness.test.js",
      "tests/meal-actual-entry.test.js",
      "tests/meal-actual-identity.test.js",
      "tests/meal-cooking.test.js",
      "tests/meal-dates.test.js",
      "tests/meal-navigation-hierarchy.test.js",
      "tests/meal-workflow.test.js",
      "tests/meal-workspace.test.js",
      "tests/menu-workspace-handoff.test.js",
      "tests/page-contracts.test.js",
      "tests/page-identity-regressions.test.js",
      "tests/page-purpose-copy.test.js",
      "tests/personal-recipe-pages.test.js",
      "tests/personal-recipes.test.js",
      "tests/preference-scope.test.js",
      "tests/profile-entry-hierarchy.test.js",
      "tests/recipe-interaction-hierarchy.test.js",
      "tests/recipe-quality.test.js",
      "tests/shopping-capability-race.test.js",
      "tests/shopping-drafts.test.js",
      "tests/shopping-edit-intent.test.js",
      "tests/shopping-view-hierarchy.test.js",
      "tests/ui-assets.test.js",
      "tests/ui-components.test.js",
      "tests/ui-self-check.test.js",
      "tests/ui-state-presentation.test.js",
      "tests/v4-business-contracts.test.js",
      "tests/v4-local-features.test.js",
      "tests/workspace-controlled-flow.test.js",
      "tests/workspace-day-boundary.test.js",
      "tests/workspace-homepage.test.js",
      "tests/workspace-navigation.test.js",
      "tests/workspace-page.test.js",
      "tests/workspace-primary-action.test.js",
      "tests/workspace-requirements-sheet.test.js"
    ],
    "limitation": "Literal API receipts and WeChat stubs, not model/native tests."
  }
]
