✔ profile draft from A cannot be written to B even before onShow (3.408143ms)
✖ failed calendar read in B clears A meals and plan markers (1.807393ms)
✔ failed report read in B clears A report (2.724689ms)
✔ shopping retry retains original version until explicit conflict, resets on account change (7.300687ms)
✔ assistant settings replace the previous date/meal prefix and retain the typed requirement (1.943825ms)
✔ assistant confirmation dialogs cannot act for an account switched before confirm (6.053652ms)
✔ assistant shopping selection uses the verified plan for all source rows (2.849036ms)
✔ result dialogs discard their captured plan and pending date after account switch (2.375035ms)
✔ assistant calendar confirmation retains its idempotency key after unknown network result (1.70276ms)
✔ a delayed shopping write retry cannot use the next account token (8.532493ms)
✔ F02 HTTP success rejects old user identity (8.13188ms)
✔ F02 HTTP success rejects old missing user ID identity (2.288691ms)
✔ F02 HTTP success rejects old anonymous login identity (1.714754ms)
✔ F02 HTTP success rejects old logout identity (2.15287ms)
✔ F02 same-account token refresh retains successful results (1.636419ms)
✔ F02 same-account 401 refresh retries without deduplication deadlock (18.031427ms)
✔ late history list cannot appear after an account switch (4.774033ms)
✔ history is read-only and importing rereads the recipe version (3.46342ms)
✔ calendar detail re-entry recovers the original actual request despite a newer plan (22.77825ms)
✔ server summary is reviewed before exact token confirmation; saving does not mark actual (4.848223ms)
✔ cancelled modal never commits and a later explicit run can create a fresh preview (0.527286ms)
✔ unknown confirm recovers original durable task without a new preview or second modal (3.398986ms)
✔ partial failure reads original task then retries only its remaining server steps (1.004864ms)
✔ unknown preview queries original request before retrying the identical request (1.089573ms)
✔ account change during preview or modal discards callbacks and never commits (0.771576ms)
✔ double clicks share one run and disposed target cannot commit (0.499055ms)
✔ recovery never invents a replacement task when a known task temporarily disappears (0.91007ms)
✔ changing the target does not replace an unresolved task or confirm another meal (0.659951ms)
✔ a definitive preview rejection is retryable as a fresh preview, not stuck in recovery (1.948859ms)
✔ recovery can finish a definitively rejected preview after proving no original task exists (1.797474ms)
✔ restarting while confirmation is still in flight preserves an unknown outcome (0.417124ms)
✔ dish detail obtains quantities and procurement for the actual meal people (13.68574ms)
✔ every diet review read has a new transport request so a correction cannot reuse an older read (3.391272ms)
✔ report nonce leaves other GET deduplication and account checks intact (1.49217ms)
✔ empty actual report retains all six sections and pending plans with provenance (4.552725ms)
✔ actual record link retains both date and meal type (1.153654ms)
✔ mismatched server range is an error rather than showing the wrong report (1.182419ms)
✔ last requested period wins even if old response or error arrives late (1.129487ms)
✔ account change while response is pending prevents private report and navigation reuse (1.014443ms)
✔ daily bars use observed maximum and details preserve unknown names and source targets (1.368837ms)
✔ explicit weekly report anchor survives onShow and rejects impossible calendar dates (1.577165ms)
✔ page unload discards late report responses and classification absence is explicit (2.579844ms)
✔ unknown rejection still clears stale content and exposes a retryable read error (0.894347ms)
✔ detail addition preserves existing choices and binds exact workspace revision (6.181799ms)
✔ duplicate selection stays unique and maximum ten is enforced (0.969767ms)
✔ real matched result says replaced dish and exposes real history undo (3.012281ms)
✔ unknown original request has neither success nor an effective undo (0.595087ms)
✔ mismatched request or later unrelated revision cannot report success (1.054385ms)
✔ replacement only marks that row busy and keeps old dishes until receipt (36.483374ms)
✔ failure keeps original dishes and shows unknown request recovery (6.27132ms)
✔ undo restores the real menu snapshot and never rewrites a saved calendar plan (4.940393ms)
✔ legacyLocksStayVisibleUntilAtomicCommand (4.466985ms)
✔ more operations use a visible sheet and requirements hold the sole meal conversation entry (3.440715ms)
✔ late receipt cannot replace next account menu or feedback (9.510985ms)
✔ minimized command receipt recovery retains old menu until authoritative reread (7.105644ms)
✔ minimized replay returned by the original command endpoint cannot erase the menu (10.489591ms)
✔ offline authoritative read after a minimized replay preserves dishes and the original request (7.112408ms)
✔ queued static acknowledgement stays pending until its exact completed revision is read (0.369175ms)
✔ another command at the expected revision cannot impersonate the original task completion (0.250699ms)
✔ reopening a completed static task verifies its original task identity before showing success (7.275238ms)
✔ a confirmed stop preserves menu version and never claims an unknown outcome (0.278291ms)
✔ unknown command disables the visible menu undo and replacement controls (5.3576ms)
✔ conflict retains legacy locks and old dishes without issuing a separate unlock (3.948812ms)
✔ late same-account response cannot overwrite the newly opened meal revision (8.165232ms)
✔ a superseded read cannot mark the next meal synced during receipt verification (2.372923ms)
✔ generation limitation keeps manual selection, dish reading and calendar accessible (13.050063ms)
✔ continuing this meal keeps its edited requirements and gives visible next-step feedback (5.794776ms)
✔ assistant history shows the original meal before a read-only import handoff (29.283677ms)
✔ pre-update pending command recovers via receipt without changing its payload (4.199625ms)
✔ pre-update pending command recovers via receipt after an offline source read without changing its payload (4.362588ms)
✔ pre-update pending command recovers via replay without changing its payload (8.074881ms)
✔ pre-update pending command recovers via replay after an offline source read without changing its payload (7.659371ms)
✔ legacy recovery without a reliable before snapshot restores the source without inventing success or undo (4.018296ms)
✔ old verification resolve cannot overwrite a newer stop success (10.794827ms)
✔ old verification resolve cannot overwrite a newer stop pending (5.176073ms)
✔ old verification resolve cannot overwrite a newer stop unknown (22.645363ms)
✔ old verification reject cannot overwrite a newer stop success (5.806609ms)
✔ old verification reject cannot overwrite a newer stop pending (5.103354ms)
✔ old verification reject cannot overwrite a newer stop unknown (5.469659ms)
✔ a current transport verification failure remains recoverable without another command (5.286083ms)
✔ a current wrong-task verification failure remains recoverable without another command (6.952021ms)
✔ stale today continuation resolve cannot act after account switch (5.401277ms)
✔ stale today continuation reject cannot act after account switch (4.95952ms)
✔ stale today continuation resolve cannot act after target switch (12.590129ms)
✔ stale today continuation reject cannot act after target switch (5.347399ms)
✔ stale result continuation resolve cannot act after account switch (4.137301ms)
✔ stale result continuation reject cannot act after account switch (20.462911ms)
✔ stale result continuation resolve cannot act after target switch (15.691014ms)
✔ stale result continuation reject cannot act after target switch (4.318336ms)
✔ stale assistant continuation resolve cannot act after account switch (3.315932ms)
✔ stale assistant continuation reject cannot act after account switch (3.263844ms)
✔ stale assistant continuation resolve cannot act after target switch (2.663183ms)
✔ stale assistant continuation reject cannot act after target switch (3.944413ms)
✔ today continuation opens only the successfully applied original meal (3.094261ms)
✔ result continuation opens only the successfully applied original meal (3.973098ms)
✔ eight combinations distinguish plan, actual and explicit skipped state (2.591217ms)
✔ actions follow date and plan availability and actual history is read first (1.01276ms)
✔ first eaten confirmation binds plan revision; editing eaten uses authoritative actual snapshot (19.526573ms)
✔ remove plan retains actual and copying never removes source or copies actual (37.087431ms)
✔ read-first detail has folded original plan, one adjust entry, distinct management and state commands (0.812041ms)
✔ quick confirmation exits to recoverable sheet on unknown result and conflict (2.930214ms)
✔ failed initial quick read shows full reload sheet instead of a dead confirm (0.367035ms)
✔ copy target conflict requires approval and never transmits actual fields (14.47787ms)
✔ copy failure leaves source and actual intact, and does not claim success (12.421322ms)
✔ quick entry after account switch cannot save or display a success (5.471654ms)
✔ calendar read rows protect long names and full-sized touch targets (0.388846ms)
✔ cooking reading does not invite future eaten confirmation and detail uses month-day heading (0.213699ms)
✔ late quick-entry read cannot change the new account sheet mode (6.652321ms)
✔ failed quick-entry read at Page level retains reload without throwing (5.906417ms)
✔ account reload clears the previous account quick confirmation and text (6.287652ms)
✔ cooking account reload also retires the old actual confirmation (5.084028ms)
✔ cooking eaten quick intent corrects skipped without silently submitting skipped (4.594288ms)
✔ committed copy with lost response retries identical request after target revision changes (6.727921ms)
✔ copy retry survives page re-entry and later source edits without copying actual (16.413926ms)
✔ pending copy can be recovered after source plan removal and stays scoped (26.354269ms)
✔ quick eaten intent does not replace an unresolved skipped request (2.567164ms)
✔ cooking quick edit of eaten keeps historical entries instead of later plan (14.101369ms)
✔ pending copy retry cannot cross accounts and can recover when owner returns (15.62664ms)
✔ concurrent target conflict resolves original request separately before new overwrite approval (7.685219ms)
✔ late account-change rejection preserves unresolved copy for the original owner (57.236324ms)
✔ four navigation labels preserve today recipes calendar and profile destinations (1.903497ms)
✔ profile keeps independent list review account data and privacy routes (1.769829ms)
✔ profile privacy entry opens the platform privacy statement on demand (1.007582ms)
✔ shared text and controls use body 16 touch 44 and button 48 (0.954081ms)
✔ replace dispatch is isolated from the dish detail tap (5.61122ms)
✔ dish detail tap and busy replacement obey the command boundary (2.40999ms)
✔ broken image retains the same dish name and a category placeholder (0.975744ms)
✔ changing image identity clears a previous failure without changing dish ownership (0.888572ms)
✔ dish duration metadata distinguishes explicitly unknown evidence (2.542212ms)
✔ dish duration metadata distinguishes verified evidence (0.817967ms)
✔ dish duration metadata distinguishes estimated evidence (0.862675ms)
✔ dish duration metadata distinguishes unreviewed verified claim evidence (0.723382ms)
✔ dish duration metadata distinguishes legacy without evidence evidence (0.830903ms)
✔ breakfast side placeholder resolves to food line art rather than the info fallback (2.190845ms)
✔ ingredient actions report source IDs without mutating business data (0.846349ms)
✔ busy ingredient row never emits editing or checked mutations (0.628375ms)
✔ composition summary exposes separate people and composition actions (0.777193ms)
✔ persistent feedback announces the result and emits only an available next action (1.140908ms)
✔ sheet optional restorefocus event drives an input focus property in a host harness after hiding (1.776929ms)
✔ busy sheet mask does not close or restore focus (0.745137ms)
✔ sheet reserves safe area and keyboard space while keeping the body scrollable (0.806583ms)
✔ sheet measures wrapped headers and footers before sizing its scroll body (1.048664ms)
✔ oversized chrome uses native whole-panel scrolling within the keyboard-visible viewport (2.448511ms)
✔ keyboard leaving 47px space requests native dismissal without exceeding that space (1.035639ms)
✔ keyboard leaving 10px space requests native dismissal without exceeding that space (0.740097ms)
✔ keyboard leaving 0px space requests native dismissal without exceeding that space (0.716942ms)
✔ sheet reduces its decorative margin before sacrificing a full primary hit target (0.845677ms)
✔ an explicitly zero-height window is not replaced by a fictitious default viewport (0.734254ms)
✔ failed native keyboard dismissal leaves a bounded panel and an honest instruction (0.773077ms)
✔ a queued sheet measurement cannot query a detached component (1.032145ms)
✔ reduced motion sets dish feedback and sheet dynamic durations to zero (2.217036ms)
✔ account B cannot read account A composition or motion preference (0.641327ms)
✔ optional preference read failure returns a safe view without overwriting unread settings (0.687474ms)
✔ an optional storage read failure does not abort hidden sheet attachment (0.909312ms)
✔ settings finishes loading recommendation preferences when local motion settings cannot be read (1.363889ms)
✔ preference snapshots cannot mutate persisted compositions and reject invalid values (0.298557ms)
✔ settings toggles motion separately from long-term recommendation preferences (1.102881ms)
✔ motion storage failure preserves the visible setting and announces an unsaved result (0.865849ms)
✔ settings reloads local motion preference when the account changes (1.362724ms)
✔ compact rows flow with long text and keep scalable body text and real hit areas (0.35956ms)
✔ count validation permits four dishes and rejects invalid category boundaries (4.156999ms)
✔ manual normalization rejects zero total decimals and unknown keys before editing a workspace (1.12905ms)
✔ automatic people boundaries keep two-person one-meat one-veg and manual counts survive people changes (0.675398ms)
✔ six composition rows prioritize breakfast staple and side without removing soup and dessert (0.510386ms)
✔ deficits use factual dish categories and never infer a type from its name (0.65673ms)
✔ today applies a manual composition without replacing old dishes and remembers it only after sync (52.627954ms)
✔ result applies a manual composition without replacing old dishes and remembers it only after sync (8.119602ms)
✔ assistant applies a manual composition without replacing old dishes and remembers it only after sync (6.165159ms)
✔ composition controls disable every plus at ten and application at zero (6.396163ms)
✔ canceling composition keeps the original counts and never remembers a preset (4.959317ms)
✔ failed composition sync keeps entered counts and does not create a remembered suggestion (4.7424ms)
✔ composition opened before account change cannot write or remember in the next account (4.089112ms)
✔ late composition sync cannot close a next-account sheet or remember under its key (27.53668ms)
✔ remembered dinner counts initialize only an empty new dinner and never replace a saved workspace (5.338279ms)
✔ new meal suggestions cannot overwrite a cached unsynced composition (13.39649ms)
✔ real missing categories expose recovery without discarding a usable old menu (3.581233ms)
✔ unclassified dishes do not fabricate an exact shortage from their names (4.370453ms)
✔ requirements apply and temporary filters retain menus and never write hard exclusions (6.719291ms)
✔ independent people sheet retains the same stepper and cannot reset manual counts (4.436549ms)
✔ generated page declares permanent requirements filter selection and composition entry bindings (0.610438ms)
✔ repeated application and editing cannot race a pending composition save (9.331006ms)
✔ optional preference writes can fail after context sync without undoing application (4.8489ms)
✔ automatic restoration recalculates the current people suggestion without remembering another manual value (10.379651ms)
✔ a recovered original context request keeps its id and requires successful explicit application before remembering (18.251409ms)
✔ nonbreakfast side counts do not relabel factual soup or dessert categories as side (0.481453ms)
✔ filter surface explicitly keeps long-term exclusions and labels temporary clearing (0.217643ms)
✔ invalid people input also disables the new whole-menu regeneration action (0.218874ms)
✔ inherited object properties are never accepted as factual dish categories (0.094127ms)
✔ target and automatic summary reset together before a new preference read completes (8.350659ms)
✔ a version conflict keeps composition inputs and recovery ahead of new writes (11.458155ms)
✔ workspace routes carry the shared controls and name a result without assuming today (0.360223ms)
✔ actual coverage excludes skipped plans unrecorded and out-of-range rows without invented nutrition (16.74664ms)
✔ future records inside selected range do not count as observed eaten facts (2.169837ms)
✔ basis navigation retains actual target and refuses changed accounts (5.866268ms)
✔ replacement Page and real store submit a one-time command without permanent preference writes (25.222185ms)
✔ review and workspace expose generic evidence limits without per-dish causal claims (0.469615ms)
✔ zero observed days excludes future snapshots and never calls the period complete (0.349354ms)
✔ secondary details are opt-in and clearing report clears new presentation state (1.37432ms)
✔ first use through tomorrow, shopping undo, own recipe and next menu application (162.034666ms)
✔ registered ordinary pages have accessible root scaling, including the startup log (2.770089ms)
✔ ordinary tappable views expose button semantics to assistive technology (4.997382ms)
✔ bounded acceptance verifier exists without model/default suite runners (1.820215ms)
✔ saving one dish opens returned detail ID with a clear destination and unknown time stays null (16.459536ms)
✔ missing name focuses that field and retains input (8.822547ms)
✔ missing ingredients focuses that field and retains input (7.796373ms)
✔ missing steps focuses that field and retains input (6.471141ms)
✔ unknownOutcomeReusesOriginalRequest after reentry and same name never updates existing dish (13.329451ms)
✔ clean create exit is immediate; dirty create exit offers keep or discard (3.941058ms)
✔ structured rename sends exact rich recipe content without losing object fields (9.144667ms)
✔ editor validates focus and dirty cancel keeps or discards while clean cancel needs no dialog (8.258532ms)
✔ optional existing serving description and image use explicit update flags, including clear (24.363239ms)
✔ recipe changes revoke verified preview without changing original quality evidence (11.735695ms)
✔ public copy delegates authenticated ownership to server, preserves source and opens own editor (29.435002ms)
✔ saving reusable menu only writes a template and preserves historical snapshots (9.911174ms)
✔ naming menu inherits selected meal people and dishes without reselection (6.754901ms)
✔ menu create/edit use separate canonical journal keys and legacy unknown requests migrate intact (7.173686ms)
✔ reuse with current draft requires old/new summary and cancellation changes nothing (39.645038ms)
✔ confirmed menu handoff is immutable and revision-bound, with no calendar write (8.012042ms)
✔ deletedTemplateDishBlocksSilentApply lists missing dishes and never silently shrinks selection (3.863563ms)
✔ menu editor save and delete cannot mutate historical snapshots; save-as-new preserves original template (7.050112ms)
✔ menu replacement dialog cannot complete under another account or changed target (16.283348ms)
✔ menu edit cancel confirms only actual changes and retain leaves draft intact (6.410723ms)
✔ editor optional panels, focus binding, three save labels and ignorable guide are wired (0.371067ms)
✔ menu naming opens with pinned target and loads the destination templates (6.393916ms)
✔ pending menu editor survives a fresh selected-meal initialization (16.994474ms)
✔ pending menu edit can recover the original receipt even if current template read is unavailable (14.384402ms)
✔ another account cannot see old recipe quality notice or save destination (59.511786ms)
✔ changing target while replacement dialog is open preserves the old handoff and blocks apply (11.47839ms)
✔ template delete is isolated from stored actual history and calendar writes (7.478679ms)
✔ menu apply refuses unresolved current local writes even when destination is a different target (6.366789ms)
✔ dirty custom form tab exit confirms keep/discard while unchanged editor needs no native guard (14.879646ms)
✔ unknown edits cannot be canceled or changed while receipt recovery is pending (26.823732ms)
✔ pending template selections stay read-only through selected-panel handlers (2.719681ms)
✔ workspace more-panel naming handoff reuses current draft/target and never stores another dish list (41.257531ms)
✔ guide is dismissible once per account and does not create a preference or extra write (11.370603ms)
✔ template editor cannot expose calendar save for its independent selection (2.068065ms)
✔ renaming a legacy recipe preserves untouched HTTP image without forcing an optional edit (9.522339ms)
✔ review F1: reachable template selected-list repairs deleted dish and saves same template (18.272363ms)
✔ review F2: explicit new-menu entry asks before replacing edited name, people, IDs and identity (11.723615ms)
✔ review F2: actual workspace naming entry keep preserves editor (29.513119ms)
✔ review F2: actual workspace naming entry discard opens meal IDs (38.062985ms)
✔ review F3: invalid create receipt null keeps original journal until replay succeeds (6.730068ms)
✔ review F3: invalid create receipt {} keeps original journal until replay succeeds (16.711601ms)
✔ review F3: invalid create receipt {"id":0} keeps original journal until replay succeeds (9.918729ms)
✔ review F3: invalid create receipt {"id":-1} keeps original journal until replay succeeds (7.298112ms)
✔ review F3: invalid create receipt {"id":"bad"} keeps original journal until replay succeeds (12.025811ms)
✔ review F4: menu name/people/IDs changes arm supported leave guard, revert and save clear it (9.95224ms)
✔ review F4: explicit page back offers keep/discard for changed template and cannot abandon pending write (18.927709ms)
✔ review F2 guard: account change during naming approval preserves current state (14.824191ms)
✔ review F2 guard: target change during naming approval preserves current state (26.13786ms)
✔ review F2 guard: selection change during naming approval preserves current state (11.056857ms)
✔ review F2 guard: form change during naming approval preserves current state (12.766227ms)
✔ review F2 guard: selection_status change during naming approval preserves current state (10.228179ms)
✔ review F4 guard: pending recovery success clears alert and owner switch clears old guard (12.768421ms)
✔ review F2 guard: selecting another template prompts before replacing dirty editor (8.403267ms)
✔ review F4 guard: a stale leave confirmation cannot discard an edit that became pending (5.561632ms)
✔ rereview R1: visible same-template edit after 409 keep preserves dirty inputs (9.703242ms)
✔ rereview R1: visible same-template edit after 409 approved latest read permits explicit save (12.374877ms)
✔ rereview Back: clean menu plus dirty custom form offers keep/discard before navigation (19.172984ms)
✔ rereview Back: both dirty editors must resolve before navigation (8.354752ms)
✔ rereview R1 guard: account change during refresh decision cannot reread or overwrite another owner (27.822418ms)
✔ rereview R1 guard: late latest-template read is rejected after account changes (11.330206ms)
✔ rereview R1 guard: unknown write blocks explicit refresh and still retries original version/request (10.277993ms)
✔ rereview R1 guard: failed snapshot reread retains local form and version until a complete read succeeds (10.180793ms)
✔ append deduplicates and retains all earlier dishes without truncating the eleventh (12.115035ms)
✔ selected summary derives empty unsaved saved and changed from one workspace confirmation (1.080707ms)
✔ detail append keeps the original target and prior dishes, stays in detail, and changes primary action (28.842204ms)
✔ list return retains search filters scroll and derives newly selected dishes from the workspace (27.692732ms)
✔ cancelled remove never changes a draft or writes calendar; confirmed remove keeps the remaining dishes (23.123604ms)
✔ last dish remains visible with an honest minimum-one limitation (20.54461ms)
✔ account switch clears prior selected UI before late recipe write can render (21.439769ms)
✔ manual selection shows actual composition and asks for the fixed target before any write (11.599708ms)
✔ concurrent revision changes reject selection without replacing the newer menu (10.576475ms)
✔ queued selection retains prior dishes until exact task completion and keeps recovery visible (12.638848ms)
✔ unavailable private recipe shows permission error rather than an empty recipe (2.357998ms)
✔ recipe UI has ordinary browse sources compact rows and explicit calendar destination (0.677841ms)
✔ recipe cooking reuses large-step reader and preserves progress without creating a plan or actual (6.699318ms)
✔ compact recipe row isolates detail and select events with an honest selected label (1.366035ms)
✔ explicit save entry opens the existing compact date and meal panel without committing (38.511645ms)
✔ receiving an older handoff cannot consume a newer selection while its command waits (22.655501ms)
✔ legacy selection with more than ten dishes is refused before a command can mutate the menu (14.863239ms)
✔ unknown selection preserves prior dishes and recovery retries only the original request (21.929881ms)
✔ same-account different-meal reentry cancels a stale confirmation without leaking busy state (42.323294ms)
✔ failed quantity preview never erases real original ingredients (14.939623ms)
✔ recipe recovery is a real visible button and component actions have reachable handlers (0.61825ms)
✔ missing detail route id degrades without throwing (2.86323ms)
✔ favorite selection unknown result exposes original-request recovery immediately (8.588658ms)
✔ recipe cooking reads the same JSON step array as detail (4.296862ms)
✔ personal menu edit still selects from compact row event without changing meal draft (13.029943ms)
✔ recipe templates contain no malformed opening tag and provide shared responsive row styles (0.62129ms)
✔ first recipe in an empty meal creates only a workspace then selects into that target (12.540732ms)
✔ leaving menu editing restores authoritative meal choices without writing either object (9.340318ms)
✔ unknown first workspace creation remains recoverable without inventing selection success (9.300695ms)
✔ original array ingredients remain readable when quantity preview is empty (9.541829ms)
✔ filtering favorites keeps the authoritative already-added markers (6.933901ms)
✔ deferred login initializes detail and current meal together without a second onShow (first authorization) (12.273381ms)
✔ deferred login initializes detail and current meal together without a second onShow (new account) (10.703798ms)
✔ permission retry reloads the authorized current meal as well as the recipe (10.543452ms)
✔ late login cannot initialize an unloaded recipe page (8.295034ms)
✔ recipe-only pending selection pins its original target across 2026-10-13 breakfast (14.249436ms)
✔ recipe-only pending selection pins its original target across 2026-10-12 dinner (11.63277ms)
✔ calendar target overrides a pinned recipe target and account switch never inherits either (8.861317ms)
✔ an initially unauthorized detail can retry after deferred login and use the new account meal (17.671116ms)
✔ account switch during post-login recipe read cannot render or initialize the old account (2.494972ms)
✔ visible account reentry supersedes old detail initialization (old response first) (9.701481ms)
✔ visible account reentry supersedes old detail initialization (new response first) (11.843894ms)
✔ same-account explicit retry owns initialization even when the older read completes (10.7532ms)
✔ a changed same-account read epoch restarts visible initialization instead of coalescing stale work (17.875588ms)
✔ new-account initialization failure ends loading with a visible current-account retry (12.622471ms)
✔ save snapshot is a deeply immutable source copy with real full-year dates (14.961041ms)
✔ saveSnapshotSurvivesMidnightAndRejectsAccountChange (6.830087ms)
✔ savesFrozenDraftToAnotherDate and preserves the source across a year boundary (7.983571ms)
✔ a destination with an existing menu requires a second review and its own revision (15.178784ms)
✔ target 409 retains panel and A; refreshing only the destination allows explicit replacement (3.878747ms)
✔ unknownOutcomeReusesOriginalRequest and locks a pending target against retargeting (7.555754ms)
✔ cancel writes nothing, malformed target blocks submission, and target reads cannot race (3.045019ms)
✔ busy confirmation locks changes, close, and duplicate submit; stale frozen menu cannot save (3.754228ms)
✔ legacy confirm omits optional targets and explicit targets validate before the HTTP boundary (2.633773ms)
✔ shared save sheet exposes target controls, summary, recovery and a fixed saved-meal action (0.525445ms)
✔ only the matching request version and exact target can acknowledge a calendar save (14.145767ms)
✔ a minimized request receipt retains A even when the subsequent source refresh is offline (3.808386ms)
✔ a source-side 409 cannot be cleared by merely refreshing a new destination (3.159711ms)
✔ a late target read after account replacement cannot modify the new account panel (4.048977ms)
✔ reopening Today after midnight recovers the old pending source and exact destination (5.621045ms)
✔ reopening Today after midnight keeps an unsaved cached menu but never reads the previous account draft (2.845507ms)
✔ offline reopening offers the original pending save recovery inside the sheet (10.000166ms)
✔ post-save dirty context stays active after midnight foreground (4.894758ms)
✔ post-save dirty context stays active after midnight reopening (3.943881ms)
✔ post-save synchronized context stays active after midnight foreground (2.757694ms)
✔ post-save synchronized context stays active after midnight reopening (4.002713ms)
✔ summaryCountsRemainSourceCounts (29.578501ms)
✔ mixedUnitsNeverCoerce (2.424837ms)
✔ legacy source objects preserve dish name date and meal rather than saying manual (1.876497ms)
✔ same dish on different dates or meals has distinct stable group keys and starts collapsed (3.19859ms)
✔ summary checks only visible pending sources without reversing already purchased sources (15.12644ms)
✔ summary and source row identities survive filtering and use keys rather than render indices (1.07876ms)
✔ single-source quantity opens the real editor while a merged row only expands its editable sources (7.182727ms)
✔ unconfirmed check never moves or marks an item and success briefly displays bought before removing it (7.69502ms)
✔ bought then undo returns to the original row and scroll position using the receipt version (6.910403ms)
✔ createCheckUndo requires a successful homogeneous state transition and an authoritative newer version (0.583579ms)
✔ 409 undo refreshes without force-rebasing or reversing a newer shopper choice (10.4945ms)
✔ refresh invalidates an old undo and explains how to change purchased items back (20.086561ms)
✔ other-write invalidates an old undo and explains how to change purchased items back (29.142536ms)
✔ new-version invalidates an old undo and explains how to change purchased items back (9.654327ms)
✔ reduced motion commits and moves the row immediately without suppressing the success result (7.716783ms)
✔ unknownOutcomeReusesOriginalRequest across page reentry and a changed local version (16.00864ms)
✔ network failure keeps the inverse operation original and does not offer another undo (11.797493ms)
✔ a stale late receipt cannot replace a newer list or create a usable undo (4.212023ms)
✔ account changes reject late receipts and clear the previous owners transition feedback and undo (8.54523ms)
✔ the page only has pending and bought states and reuses compact rows and persistent action feedback (5.288107ms)
✔ cost UI and automatic capability or quote reads are hidden without deleting old expenses (6.695452ms)
✔ clear checked confirms the exact source count and leaves calendar recipe and actual records outside the write (4.9884ms)
✔ clear all confirms the exact source count and leaves calendar recipe and actual records outside the write (14.752199ms)
✔ manual notes remain visible in source details and a dish-source detail button expands that item only (3.640183ms)
✔ a second concurrent check cannot run until the first receipt arrives (9.759253ms)
✔ an unusable check receipt keeps the original request pending and never manufactures success or undo (7.675033ms)
✔ a clear confirmation cannot silently authorize a changed count or another account (5.103947ms)
✔ undo from purchased view restores its prior purchased state rather than assuming unchecked (9.138828ms)
✔ display-only merges never expand the itemIds or origins of individual by-dish rows (0.266533ms)
✔ undo rejects an unversioned prior list rather than assuming that any new receipt is safe (0.21718ms)
✔ compact wrapper adds no vertical padding around the 52px ingredient row (0.244547ms)
✔ explicit failed receipts never mark success even when they carry a newer snapshot (5.639951ms)
✔ a refresh begun before a successful check cannot rewind the confirmed list or cache (13.255501ms)
✔ folded dish source headers use an existing icon rather than the unknown-icon fallback (0.267226ms)
✔ visible draft retry preserves newer confirmed state for forward checks (6.913278ms)
✔ visible draft retry preserves newer confirmed state for inverse checks (14.73622ms)
✔ visible draft retry retains the original operation after failed receipt (20.754674ms)
✔ visible draft retry retains the original operation after missingList receipt (12.595025ms)
✔ visible draft retry retains the original operation after null receipt (10.145263ms)
✔ visible draft retry retains the original operation after missingVersion receipt (6.731943ms)
✔ visible draft retry retains the original operation after oldVersion receipt (29.883014ms)
✔ visible draft retry retains the original operation after wrongCheckedState receipt (5.101194ms)
✔ visible draft retry retains the original operation after missingItem receipt (9.885574ms)
✔ merged quantity remains unknown after overflow even when later sources are small (0.432459ms)
✔ failed inverse replay retains the exact inverse request and purchased state (7.118244ms)
✔ direct inverse rejects missing checked state (24.199093ms)
✔ replayed inverse rejects missing checked state (11.126386ms)
✔ direct inverse rejects null checked state (4.985089ms)
✔ replayed inverse rejects null checked state (12.878217ms)
✔ direct inverse rejects string checked state (8.589026ms)
✔ replayed inverse rejects string checked state (13.7075ms)
✔ direct inverse rejects number checked state (5.277358ms)
✔ replayed inverse rejects number checked state (14.242014ms)
✔ undo construction requires explicit boolean before and after states (0.346349ms)
✔ read-only initial quantities and unknown source counts permit one-page confirmation (9.366676ms)
✔ home ingredients only leave this payload; success stays readable and cannot resubmit (2.392828ms)
✔ old receipt counts stay unknown (1.953011ms)
✔ unknownOutcomeReusesOriginalRequest across unload and return with edits frozen (9.981176ms)
✔ 409 preserves edits and reconfirms against latest checked list (4.398595ms)
✔ people change explains replacement first; missing servings retain original unknown text (1.908613ms)
✔ unreliable receipt cannot clear original payload or report success null (1.818276ms)
✔ unreliable receipt cannot clear original payload or report success {"success":false,"list":{"version":3,"dishes":[]}} (1.575818ms)
✔ unreliable receipt cannot clear original payload or report success {"list":{"version":2,"dishes":[]}} (1.826272ms)
✔ unreliable receipt cannot clear original payload or report success {"list":{"dishes":[]}} (1.433739ms)
✔ older valid replay acknowledges without rewinding newer cache (1.551326ms)
✔ compact summary and by-dish use the same source counts without auto inputs (2.458097ms)
✔ returning before submission restores editable preparation without loading forever (2.671202ms)
✔ late receipt after account change never writes or reports success (1.556172ms)
✔ a server timeout retains the original immutable request (1.614348ms)
✔ new selection is retained while an older unknown confirmation resolves (2.178069ms)
✔ partial or invalid receipt counts never invent numeric success (0.18807ms)
✔ source row editing stays attached after an earlier dish becomes empty (3.254052ms)
✔ verified public CALCULATED previews are not unknown; mixed/range/unit rows remain honest (2.005487ms)
✔ actual confirmed draft discard frees preparation for a new selection without resurrection (6.943289ms)
✔ actual successful draft replay retires its preparation snapshot and accepts a new selection (7.300869ms)
✔ actual conflict reconfirmation replaces preparation request and retains edits for unknown retry (5.045585ms)
✔ missing journal entry alone never certifies a pending preparation was discarded (4.001218ms)
✔ a still-mounted preparation cannot resurrect an explicitly discarded draft on unload or retry (4.386521ms)
✔ retired mounted page cannot overwrite a later new preparation on unload (4.952964ms)
✔ queued new selection survives old preparation retirement (4.432773ms)
✔ late failed confirmation cannot resurrect a confirmed discarded preparation {"statusCode":409} (6.712383ms)
✔ late failed confirmation cannot resurrect a confirmed discarded preparation {"statusCode":400} (5.164187ms)
✔ late failed confirmation cannot resurrect a confirmed discarded preparation {"isNetworkError":true} (5.814849ms)
✔ late conflict cannot clear an externally reconfirmed replacement request (6.448171ms)
✔ late terminal error cannot overwrite a newer preparation after successful draft replay (3.549855ms)
✔ favorite entry preserves the chosen dish and ignores completion after account change (5.028446ms)
✔ FE-01 cached recipe tab consumes each profile menu shortcut exactly once (35.421495ms)
✔ menu shortcut preserves initial flag and explicit route entry (37.285995ms)
✔ FE-01 menu shortcut is consumed only for the current account after ownership changes (14.441486ms)
✔ FE-02 an empty Today meal picker follows the new China day after midnight (29.249985ms)
✔ explicit historical and future meal edits remain pinned after meal selection and midnight (46.96739ms)
✔ meal picker preserves a pending calendar edit target instead of treating it as following Today (20.602974ms)
✔ meal picker keeps a saved explicit future target pinned rather than following Today (21.863885ms)
✔ FE-03 detail addition uses the Today meal shown after a cold-start rollover (47.081832ms)
✔ FE-03 favorite addition uses the Today meal shown after a cold-start rollover (29.760603ms)
✔ add-to-meal preserves an explicitly displayed historical target across midnight (23.598947ms)
✔ FE-04 save selected dishes as a new menu clears an existing edit (8.575312ms)
✔ FE-04 save selected dishes as a new menu clears an existing edit after sheet reentry (5.687397ms)
✔ new-menu action cannot discard an unresolved edit write and retry retains the exact request (9.706746ms)
✔ an unsaved Today menu retains its source after midnight without an open save panel (22.244659ms)
✔ browsing historical meals does not change the account active target or draft (34.962908ms)
✔ validated history import stays selected through assistant to result and return (26.502039ms)
✔ a version change before explicit history handoff does not select a new target (5.468531ms)
✔ assistant revalidation rejects an updated history version before selecting its target (6.524457ms)
✔ a route alone without a validated explicit handoff does not change the shared target (6.338586ms)
✔ an account switch during history validation cannot hand off or select another account target (3.230378ms)
✔ an account switch during assistant revalidation cannot import or change the new target (6.309417ms)
✔ a replaced workspace initialization invalidates a pending history import (6.03259ms)
✔ a conflicted select preserves the explicitly chosen target without claiming a successful import (5.10926ms)
✔ unknown selection stays on its explicitly chosen target through onShow and original-request retry (15.666485ms)
✔ failed context save keeps the chosen target but cannot claim the history selection succeeded (6.943809ms)
✔ account switch during initial import select cannot commit a stale target (6.789045ms)
✔ account switch during import retry cannot commit a stale target (25.745775ms)
✔ history handoff accepts only the selected session target and version (1.697007ms)
✔ legacy multi meal drafts remain separate explicit imports with their people and source version (0.222197ms)
✔ login returns one awaitable outcome and concurrent clicks share the operation (3.033673ms)
✔ timeout resolves failure and late login cannot silently change identity (1.201289ms)
✔ platform rejection stays visible as a failed result (1.104306ms)
✔ actual quick entry keeps original payload and key after unknown save (9.680396ms)
✔ cancel account switch and future entry never save (0.368234ms)
✔ conflict reload retains input and requires a fresh explicit save (1.076193ms)
✔ skipped is a separate explicit save and closing alone writes nothing (0.361135ms)
✔ choosing actual type is read-only and the single confirm saves only that type (0.479423ms)
✔ unknown save does not let a different record type replace the original retry intent (0.26491ms)
✔ late save response cannot close the next account sheet (0.301061ms)
✔ changed displayed plan cannot be silently recorded as the new plan (0.288386ms)
✔ reopening a saved actual keeps it visible and confirmation retains the original entries (0.75643ms)
✔ reopening a skipped record does not silently convert it to eaten (0.446899ms)
✔ first changed actual keeps unique planned dish IDs and free text in both entry points (9.366758ms)
✔ retained actual snapshot wins over a current plan with the same dish name (2.763518ms)
✔ duplicate planned names never arbitrarily choose a dish identity in either entry point (1.823832ms)
✔ duplicate actual names retain separate snapshot indexes before planned identity (4.954514ms)
✔ deleted plan preserves actual snapshot identity and leaves unrelated input as free text (1.698839ms)
✔ changed displayed plan cannot relabel old text with a newly matching dish ID (1.598374ms)
✔ conflict reload keeps the initially displayed plan identity boundary without a caller revision (3.277899ms)
✔ first successful reload after a failed initial read preserves its plan identity boundary (2.295518ms)
✔ first successful reload after a failed initial read preserves its no-plan identity boundary (2.504763ms)
✔ first successful reload never replaces a caller-supplied displayed plan revision (1.96737ms)
✔ unknown changed-actual retry preserves the original IDs, versions and request ID (1.812201ms)
✔ an account switch blocks a pending changed-actual retry (4.540259ms)
✔ whole-meal cooking uses every saved recipe and completing steps does not record eating (5.88968ms)
✔ 月范围按真实天数且周范围从周一开始 (2.182586ms)
✔ 计划和实际记录均出现在当日餐次视图，撤销实际记录不抹掉计划 (0.323927ms)
✔ calendar opens the selected meal on the selected date (7.111016ms)
✔ a static meal name does not emit a misleading open action (1.22606ms)
✔ 采购汇总保留不同餐次来源及部分已买状态 (3.077206ms)
✔ 不同食材形态不能被汇总合并 (0.173862ms)
✔ manual counts survive people change and all meals use explicit Beijing targets (2.479849ms)
✔ unknown write keeps its original key and payload until explicit retry (2.029059ms)
✔ account switch discards a late workspace response and prevents stale writes (0.826691ms)
✔ a version conflict keeps local edits and stops new operations (0.958959ms)
✔ refresh never silently rebases unsynced local edits onto another device revision (0.879322ms)
✔ a slow read cannot replace a newer acknowledged cloud snapshot (0.79526ms)
✔ a create racing another device retains input and requires explicit conflict resolution (1.021623ms)
✔ server materializing empty criteria does not create a false first-meal conflict (0.816978ms)
✔ a different server constraint still blocks a racing create (0.845372ms)
✔ menu handoff carries server version and target into selection with its people count (29.054626ms)
✔ failed menu selection keeps the exact handoff available for retry (3.410567ms)
✔ menu for another target remains untouched (9.298451ms)
✔ inconsistent stored menu target is rejected before any context write (3.567444ms)
✖ calendar deep link retains an explicit meal target (4.066629ms)
✔ shopping filters retain the authoritative full list without another request (6.705823ms)
✔ purchase preview preserves two dates for the same dish and separate people counts (4.815677ms)
✔ all registered routes have valid event handlers, dark titles and the shared theme (40.56796ms)
✔ public component event bindings match events actually emitted by that component (5.392996ms)
✔ F01 account change clears private form and blocks save before onShow (15.923975ms)
✖ F01 account change clears private form and blocks save after onShow (7.600577ms)
✔ F01 late custom save clears old ownership without changing the new draft (8.235275ms)
✔ F01 same-account failed save and cancel preserve typed inputs (4.184517ms)
✔ F01 a calendar action sheet cannot submit a new account selection (5.9957ms)
✔ F01 plan overwrite confirmation rejects a token switch without a user ID (14.036975ms)
✔ F02 admin rejects late account data and unload callbacks (6.318257ms)
✔ F02 admin clears protected data for HTTP 401 (2.394509ms)
✔ F02 admin clears protected data for HTTP 403 (5.383244ms)
✔ F02 admin-dashboard rejects late account data and unload callbacks (5.577187ms)
✔ F02 admin-dashboard clears protected data for HTTP 401 (11.580016ms)
✔ F02 admin-dashboard clears protected data for HTTP 403 (2.581685ms)
✔ F02 admin-users rejects late account data and unload callbacks (3.610672ms)
✔ F02 admin-users clears protected data for HTTP 401 (1.771666ms)
✔ F02 admin-users clears protected data for HTTP 403 (1.638306ms)
✔ F02 admin-user-detail rejects late account data and unload callbacks (3.659408ms)
✔ F02 admin-user-detail clears protected data for HTTP 401 (1.868047ms)
✔ F02 admin-user-detail clears protected data for HTTP 403 (1.735087ms)
✔ F02 admin-dishes rejects late account data and unload callbacks (4.584196ms)
✔ F02 admin-dishes clears protected data for HTTP 401 (1.729375ms)
✔ F02 admin-dishes clears protected data for HTTP 403 (1.772024ms)
✔ F02 admin-audit rejects late account data and unload callbacks (4.814698ms)
✔ F02 admin-audit clears protected data for HTTP 401 (2.015348ms)
✔ F02 admin-audit clears protected data for HTTP 403 (2.994467ms)
✔ F02 admin keeps the latest authorized response when an older request fails (2.224849ms)
✔ F02 admin-users keeps the latest authorized response when an older request fails (1.822104ms)
✔ F02 admin-dishes keeps the latest authorized response when an older request fails (4.692018ms)
✔ F02 admin-audit keeps the latest authorized response when an older request fails (1.797685ms)
✔ F02 admin-users toggleStatus discards confirmation from the previous account (2.773859ms)
✔ F02 admin-user-detail toggleStatus discards confirmation from the previous account (1.975875ms)
✔ F02 admin-user-detail deleteDish discards confirmation from the previous account (1.702639ms)
✔ F02 admin-dishes togglePublished discards confirmation from the previous account (2.417466ms)
✔ F02 admin onDeleteDish discards confirmation from the previous account (2.201756ms)
✔ F04 backend replacement cannot overwrite a newer generation (22.674902ms)
✔ F04 local replacement cannot overwrite a newer generation (2.965309ms)
✔ F04 replacement rejects an account change before onShow (3.289584ms)
✔ F04 fallback cannot cross two tokens without a user ID (4.035164ms)
✔ F04 replacement preserves a concurrent change to another plan and stops on unload (11.843961ms)
✔ F01 an old selection event cannot create B shopping work before onShow (4.779525ms)
✔ round1 F01 onShowSelected rejects account changes before onShow with user ID (7.38236ms)
✔ round1 F01 onShowSelected rejects account changes before onShow without user ID (4.472223ms)
✔ round1 F01 onShowSelected ignores events after unload (5.587338ms)
✔ round1 F01 onRemoveSelected rejects account changes before onShow with user ID (5.087274ms)
✔ round1 F01 onRemoveSelected rejects account changes before onShow without user ID (4.088619ms)
✔ round1 F01 onRemoveSelected ignores events after unload (5.132968ms)
✔ round1 F01 onHideSelected rejects account changes before onShow with user ID (4.441183ms)
✔ round1 F01 onHideSelected rejects account changes before onShow without user ID (5.728029ms)
✔ round1 F01 onHideSelected ignores events after unload (4.575608ms)
✔ round1 F01 onTapDish rejects account changes before onShow with user ID (4.86607ms)
✔ round1 F01 onTapDish rejects account changes before onShow without user ID (5.282464ms)
✔ round1 F01 onTapDish ignores events after unload (10.440938ms)
✔ round1 F01 same-account panel display and removal retain the remaining selection (4.785928ms)
✔ round1 F02 admin clears HTTP 401 status only after a current successful retry (3.266779ms)
✔ round1 F02 admin clears HTTP 403 status only after a current successful retry (2.371504ms)
✔ round1 F02 admin-dashboard clears HTTP 401 status only after a current successful retry (1.92992ms)
✔ round1 F02 admin-dashboard clears HTTP 403 status only after a current successful retry (1.563426ms)
✔ round1 F02 admin-users clears HTTP 401 status only after a current successful retry (2.174756ms)
✔ round1 F02 admin-users clears HTTP 403 status only after a current successful retry (1.764396ms)
✔ round1 F02 admin-user-detail clears HTTP 401 status only after a current successful retry (2.088659ms)
✔ round1 F02 admin-user-detail clears HTTP 403 status only after a current successful retry (1.798189ms)
✔ round1 F02 admin-dishes clears HTTP 401 status only after a current successful retry (4.001675ms)
✔ round1 F02 admin-dishes clears HTTP 403 status only after a current successful retry (1.828897ms)
✔ round1 F02 admin-audit clears HTTP 401 status only after a current successful retry (3.336221ms)
✔ round1 F02 admin-audit clears HTTP 403 status only after a current successful retry (2.103662ms)
✔ round1 F02 admin retains the latest permission denial when an older success arrives (2.314034ms)
✔ round1 F02 admin-users retains the latest permission denial when an older success arrives (1.91111ms)
✔ round1 F02 admin-dishes retains the latest permission denial when an older success arrives (1.981336ms)
✔ round1 F02 admin-audit retains the latest permission denial when an older success arrives (2.35972ms)
✔ F02 admin account change clears filters/forms before a new action (4.112616ms)
✔ F02 admin-dashboard account change clears filters/forms before a new action (1.921352ms)
✔ F02 admin-users account change clears filters/forms before a new action (1.985952ms)
✔ F02 admin-user-detail account change clears filters/forms before a new action (2.186058ms)
✔ F02 admin-dishes account change clears filters/forms before a new action (1.980684ms)
✔ F02 admin-audit account change clears filters/forms before a new action (2.25373ms)
✔ F05 search pagination keeps keyword/filter and suppresses duplicate and stale pages (7.601226ms)
✔ F06 initial edit route opens the requested dish, account changes clear the form (18.374807ms)
✔ F06 remote owner controls the detail edit entry and navigation (9.049323ms)
✖ F07 calendar recipe navigation passes plan and actual people to the real detail preview (3.396702ms)
✔ F07 generic browse retains the explicit two-person preview default (3.319255ms)
✔ calendar explains planning and directs empty meals to an arrangement (1.318912ms)
✔ calendar meal entry labels actual records before existing or empty plans (6.513977ms)
✔ calendar detail labels saving a plan separately from recording food (3.01363ms)
✔ food recording sheet states its actual-only purpose and keeps the meal context (3.685427ms)
✔ recipe details are clearly ingredients and cooking instructions (0.608949ms)
✔ diet review separates actual food statistics from plan execution comparisons (0.432827ms)
✔ help distinguishes saving to the calendar from recording food after eating (0.400633ms)
✔ help presents one generation action with optional meal requirements (0.348355ms)
✔ profile still exposes assistant history and opens the existing history page (4.112808ms)
✔ personal create retries one request ID and preserves form after unknown outcome (15.951671ms)
✔ detail copy checks content version and opens its own editable copy (7.68075ms)
✔ menu apply binds resolved target/version/people and only opens a draft (6.18985ms)
✔ menu late resolve cannot write target or navigate for another account (28.813619ms)
✔ copied rich recipe editor uses detailed steps and retries the exact versioned edit (7.558569ms)
✔ menu save recovery restores selected IDs after reentry (8.792164ms)
✔ menu edit refreshes changed recipe snapshots before explicitly saving the new combination (10.177551ms)
✔ menu edit keeps unavailable dish selected and explains it rather than silently dropping it (7.180907ms)
✔ late menu resolve after hiding and changing active meal cannot navigate or overwrite target (7.724002ms)
✔ dish detail prefers numeric cooking time and shows it even without legacy text (10.638451ms)
✔ unknown result survives reload and retries exact original body and request ID (8.663695ms)
✔ known conflict clears pending, network timeout retains it, and repeated clicks reuse one send (2.824389ms)
✔ account switch rejects late result and never exposes pending contents to another account (1.302144ms)
✔ menu handoff binds target, menu revision, people and selected IDs without confirming a plan (2.174765ms)
✔ synchronous transport failure cannot poison the in-flight retry slot (0.72032ms)
✔ editable recipe text preserves rich arrays as readable lines (0.598978ms)
✔ unknown create then 401 retains original request for authenticated recovery (1.416776ms)
✔ unknown create then 403 retains original request for authenticated recovery (0.294901ms)
✔ an async preference response never populates the next account cache (3.110847ms)
✔ dismissing login does not reopen it on every profile visit (4.056253ms)
✔ visible admin entry only navigates for a verified admin (2.000902ms)
✔ dish selection emits only the select action while opening emits only detail (4.755006ms)
✔ browse mode and disabled selection never change the selected dishes (1.280839ms)
✔ recipe quality renderer hides generated raw amounts and rejected materials (3.252472ms)
✔ verified quantity and servings can be displayed while unknown calories stay unknown (0.39802ms)
✔ legacy generated allowance is handled honestly even before evidence is returned (0.567463ms)
✔ category labels translate catalog codes without exposing unknown internal values (0.416606ms)
✔ hidden price page does not start capability or quote work after a list mutation or account change (6.015608ms)
✔ retained capability cache never publishes a late account A response into account B (1.706642ms)
✔ draft replay stops at conflict and preserves later operations in order (5.466221ms)
✔ successful replay removes only acknowledged drafts and saves authoritative list (2.176895ms)
✔ real shopping name-only edit sends no prefilled quantity and preserves both warnings through cache reentry (26.999762ms)
✔ actively confirming the identical prefilled quantity sends a quantity patch and removes warnings in both cached views (32.400512ms)
✔ failed quantity confirmation retains typed input and intent for an identical-key retry (10.766143ms)
✔ cancel never edits a list and reopening does not inherit an abandoned quantity confirmation (7.972352ms)
✔ name-only edits preserve CALCULATED quantity compatibility (4.236588ms)
✔ name-only edits preserve USER_OVERRIDE quantity compatibility (14.988016ms)
✔ manual add keeps explicit quantity and note fields (6.59035ms)
✔ new metadata-only drafts preserve old pending payloads and retain their own original key/version on retry (3.739318ms)
✔ purchase row references the same single expense while details are collapsed (2.275432ms)
✔ native icon component loads only JavaScript modules (6.905486ms)
✔ IDE scan excludes legacy test temporary directories (0.567447ms)
✔ single token source has readable brand and text contrasts (1.293739ms)
✔ runtime PNG assets are included in the mini program package (0.294631ms)
✔ formal asset manifest covers the complete icon set, tab variants and five illustrations (1.467644ms)
✔ busy sheet preserves editing until the save is known (6.431293ms)
✔ disabled chip cannot mutate selection (1.460777ms)
✔ login overlay intercepts background when visible and busy cancellation keeps authorization pending (28.132716ms)
✔ sheet reopen and keyboard dismissal derive fresh dimensions from the current window (2.887857ms)
✔ favorite toggles request distinct registered PNG assets on detail and legacy result (8.392625ms)
✔ legacy assistant send control has a visible label and prevents resubmission while processing (1.861404ms)
✔ result tag list keeps the first three labels in original order for native loop bindings (10.265954ms)
✔ page and shared WXML bindings use native data and arithmetic without function calls (8.09663ms)
✔ both shopping views show unresolved quantities even with readable amounts and preserve manual confirmation (6.045612ms)
✔ result favorite submits once while busy and failures preserve the original selection (5.89707ms)
✔ result late favorite cannot update plans or show feedback after account (1.59378ms)
✔ result late favorite cannot update plans or show feedback after generation (1.491808ms)
✔ result late favorite cannot update plans or show feedback after unload (4.597698ms)
✔ old favorite cleanup cannot clear the busy state of a new generation request (1.299596ms)
✔ result favorite success clears its own busy after the real same-generation dish replacement (2.845685ms)
✔ result favorite failure clears its own busy after the real same-generation dish replacement (3.592369ms)
✔ old favorite cleanup cannot clear a new favorite busy after the real same-generation dish replacement (1.775328ms)
✔ a late background favorite read cannot overwrite the shopper toggle in the same generation (1.559135ms)
✔ background favorites and real dish replacement preserve the current menu when replacement-first (2.594768ms)
✔ background favorites and real dish replacement preserve the current menu when favorites-first (1.31692ms)
✔ real same-row replacement retains the latest request when older-first (1.610566ms)
✔ real same-row replacement retains the latest request when newer-first (2.366679ms)
✔ background favorite reads cannot modify a current menu after account (1.193873ms)
✔ background favorite reads cannot modify a current menu after generation (1.404574ms)
✔ background favorite reads cannot modify a current menu after unload (1.087389ms)
✔ a background favorite read cannot start during account (1.251585ms)
✔ a background favorite read cannot start during favorite-busy (2.800473ms)
✔ only the latest background favorite read may update matching current dishes (1.458146ms)
✔ real replacements to neighboring rows preserve each completed current row (1.571008ms)
✔ backend same-type replacements 0 then 1 recheck current menu for same (3.164284ms)
✔ backend same-type replacements 0 then 1 recheck current menu for id-only (1.788651ms)
✔ backend same-type replacements 0 then 1 recheck current menu for name-only (0.953971ms)
✔ backend same-type replacements 0 then 1 recheck current menu for different (6.881424ms)
✔ backend same-type replacements 1 then 0 recheck current menu for same (1.408394ms)
✔ backend same-type replacements 1 then 0 recheck current menu for id-only (2.834162ms)
✔ backend same-type replacements 1 then 0 recheck current menu for name-only (1.662204ms)
✔ backend same-type replacements 1 then 0 recheck current menu for different (1.542952ms)
✔ local same-type replacements 0 then 1 recheck current menu for same (20.802234ms)
✔ local same-type replacements 0 then 1 recheck current menu for id-only (3.485784ms)
✔ local same-type replacements 0 then 1 recheck current menu for name-only (1.724415ms)
✔ local same-type replacements 0 then 1 recheck current menu for different (1.792848ms)
✔ local same-type replacements 1 then 0 recheck current menu for same (2.069681ms)
✔ local same-type replacements 1 then 0 recheck current menu for id-only (1.689603ms)
✔ local same-type replacements 1 then 0 recheck current menu for name-only (1.62821ms)
✔ local same-type replacements 1 then 0 recheck current menu for different (1.663336ms)
✔ backend commit checks all current plans rather than only its own plan (1.65641ms)
✔ local commit checks all current plans rather than only its own plan (2.140876ms)
✔ a stale colliding replacement cannot emit retry feedback after account (1.910618ms)
✔ a stale colliding replacement cannot emit retry feedback after generation (1.201518ms)
✔ a stale colliding replacement cannot emit retry feedback after unload (1.064245ms)
✔ a stale colliding replacement cannot emit retry feedback after slot (1.186785ms)
✔ an account switch blocks a favorite tap on the old page before onShow clears it (2.410557ms)
✔ ordinary loading has no illustration or implied assistant role (1.604501ms)
✔ first empty state may use its illustration but filtered or error states stay compact (0.238946ms)
✔ unresolved numeric lines never merge with each other or contaminate a later verified line (1.514233ms)
✔ cached inferred servings are unresolved while explicit shopper overrides keep their original amounts (0.289189ms)
✔ offline list reentry normalizes both meal view and summary without changing pending request bodies (2.427105ms)
✔ label and unit edits keep server quantity warnings through cache reentry and summary rebuilding (1.64678ms)
✖ actual editor retains historical indexes and sends changed selections through catalog ids (8.395082ms)
✔ presentation prioritizes an unknown write over an already saved plan (4.613184ms)
✔ a changed requirement cannot be confirmed and a planned meal opens all recipes (0.312687ms)
✔ V4 prices keep different manual ingredient rows separate and actual zero does not mark purchased (2.839148ms)
✔ reference quotes use trusted quantities and retain missing or stale values as unknown (1.508832ms)
✔ same recipe ingredient across two meals records one actual spend and estimates both quantities (0.482976ms)
✔ cooking progress is scoped by account and plan revision (3.607803ms)
✔ workspace controlled flow uses server preview then exact confirmation and links same week (17.451927ms)
✔ dirty workspace cannot begin a controlled write and cancel never confirms (2.837147ms)
✔ unknown task remains visible after reentry and recovery never creates another preview (5.811998ms)
✔ late controlled result cannot write report into another account page (12.484051ms)
✔ today ignores a stale saved target after a China natural day changes (2.232973ms)
✔ explicit historical editing preserves its date and same-day choices stay valid (0.359799ms)
✔ shared homepage keeps one optional requirements entry and an independent people control (2.319105ms)
✔ empty, generated, planned and needs-input states have one explicit next action (0.871649ms)
✔ unknown recovery outranks generation and invalid people input (0.245135ms)
✔ offline recovery outranks generation and invalid people input (0.120523ms)
✔ conflict recovery outranks generation and invalid people input (0.135819ms)
✔ saved meal people are restored and inline edits affect only the selected meal (22.982931ms)
✔ inline stepper and numeric entry enforce integer people from 1 to 50 (10.020775ms)
✔ a new meal uses wrapped saved preferences without merging hard exclusions into current text (3.827461ms)
✔ clearing or canceling current requirements never clears saved hard exclusions (4.272228ms)
✔ a blank optional requirement can generate using the selected target and people (5.643026ms)
✔ needs-input presents the exact existing server reason without guessing a new reason (3.269102ms)
✔ saving a generated menu reviews a target before confirming and never records eaten (6.238386ms)
✔ canceling the calendar confirmation prevents a stale approval from saving (3.795852ms)
✔ advanced controls open separately and canceled settings do not overwrite inline people (4.47108ms)
✔ returning from preferences refreshes exclusions without replacing current-meal people (5.291985ms)
✔ invalid people input never follows a meal change (4.161023ms)
✔ invalid people input never follows a account change (4.117646ms)
✔ offline context controls cannot hide the recovery action by creating an unsynced edit (3.129327ms)
✔ late preference refresh cannot replace the next account hard exclusions (16.407043ms)
✔ invalid people input does not disable onCancelTask (0.315024ms)
✔ invalid people input does not disable onViewRecipes (0.087801ms)
✔ invalid people input does not disable onViewPlan (0.17031ms)
✔ people edits cannot interrupt generation or disable its cancellation (3.361349ms)
✔ invalid people block direct generation and saving and invalidate an open calendar confirmation (3.460095ms)
✔ today generates immediately after people input without a blur or a preference write (4.695758ms)
✔ result generates immediately after people input without a blur or a preference write (5.375696ms)
✔ assistant generates immediately after people input without a blur or a preference write (4.045361ms)
✔ an unknown calendar save retains its target panel with recovery and retries the original payload (4.983985ms)
✔ a late successful exclusion refresh cannot overwrite the newest summary for the same meal (3.341464ms)
✔ a late failed exclusion refresh cannot overwrite the newest summary for the same meal (3.045335ms)
✔ the homepage shows saved exclusions and failed reads but hides a confirmed empty list (3.110315ms)
✔ a new draft can be saved after independently recording actual food without changing that record (5.358519ms)
✔ failed requirements save 503 exposes recovery immediately and cancel does not reapply its text (7.903665ms)
✔ failed requirements save 409 exposes recovery immediately and cancel does not reapply its text (1.94842ms)
✔ open meal result waits for the draft save and carries the selected meal target (18.954812ms)
✔ a changed account during the save never opens the previous meal route (3.544544ms)
✔ failed draft save keeps the current page and tells the user what remains unsaved (2.004642ms)
✔ a late preference read cannot initialize the next account with the previous target (13.435693ms)
✔ primary action is usable after select settles (31.944177ms)
✔ primary action is usable after keep settles (7.637195ms)
✔ primary action is usable after cancel settles (4.625939ms)
✔ confirmed plan enables the cooking action after its refresh finishes (3.730708ms)
✔ command failure and original-payload retry both leave the primary action usable (5.338721ms)
✔ failed confirmation can be retried without leaving its next action disabled (3.440902ms)
✔ conflict reload success and failure derive the current enabled action (4.090834ms)
✔ busy state disables the primary action and still blocks duplicate submissions (3.043801ms)
✔ unsaved context cannot be confirmed even when the page is idle (3.54599ms)
✔ late command success cannot clear the next account busy state (3.361395ms)
✔ late command failure cannot clear the next account busy state (3.614883ms)
✔ canceling a requirements sheet does not edit the authoritative draft (9.747893ms)
✔ applying requirements after an account change never edits the new account (2.396867ms)
✔ late apply success cannot close a reopened sheet for the next account (1.491519ms)
✔ late apply failure cannot replace the new sheet feedback (2.135928ms)
✔ typing a new restriction while saving keeps the sheet and newer text for explicit resubmission (1.482712ms)
✔ a sheet opened before first creation accepts the expected null-to-ID transition in the same store (1.516702ms)
✔ a replaced store cannot receive a sheet opened against the old store (2.145144ms)
ℹ tests 755
ℹ suites 0
ℹ pass 750
ℹ fail 5
ℹ cancelled 0
ℹ skipped 0
ℹ todo 0
ℹ duration_ms 1932.04276

✖ failing tests:

test at tests/account-boundaries.test.js:39:1
✖ failed calendar read in B clears A meals and plan markers (1.807393ms)
  /workspace/scratch/cfdaa9512d5a/miniapp-experience-implementation-20261009/work/tests/account-boundaries.test.js:27
      throw Error(key)
      ^

  Error: ../../utils/calendar-meal-presentation
      at require (/workspace/scratch/cfdaa9512d5a/miniapp-experience-implementation-20261009/work/tests/account-boundaries.test.js:27:11)
      at evalmachine.<anonymous>:4:34
      at Script.runInContext (node:vm:149:12)
      at Script.runInNewContext (node:vm:154:17)
      at Object.runInNewContext (node:vm:310:38)
      at load (/workspace/scratch/cfdaa9512d5a/miniapp-experience-implementation-20261009/work/tests/account-boundaries.test.js:9:6)
      at TestContext.<anonymous> (/workspace/scratch/cfdaa9512d5a/miniapp-experience-implementation-20261009/work/tests/account-boundaries.test.js:40:27)
      at Test.runInAsyncScope (node:async_hooks:227:14)
      at Test.run (node:internal/test_runner/test:1382:25)
      at Test.processPendingSubtests (node:internal/test_runner/test:960:18)

test at tests/page-contracts.test.js:31:1
✖ calendar deep link retains an explicit meal target (4.066629ms)
  /workspace/scratch/cfdaa9512d5a/miniapp-experience-implementation-20261009/work/tests/page-contracts.test.js:24
      throw new Error('Unexpected dependency ' + name)
      ^

  Error: Unexpected dependency ../../utils/calendar-meal-presentation
      at require (/workspace/scratch/cfdaa9512d5a/miniapp-experience-implementation-20261009/work/tests/page-contracts.test.js:24:11)
      at evalmachine.<anonymous>:5:34
      at Script.runInContext (node:vm:149:12)
      at Script.runInNewContext (node:vm:154:17)
      at Object.runInNewContext (node:vm:310:38)
      at page (/workspace/scratch/cfdaa9512d5a/miniapp-experience-implementation-20261009/work/tests/page-contracts.test.js:26:6)
      at TestContext.<anonymous> (/workspace/scratch/cfdaa9512d5a/miniapp-experience-implementation-20261009/work/tests/page-contracts.test.js:32:13)
      at Test.runInAsyncScope (node:async_hooks:227:14)
      at Test.run (node:internal/test_runner/test:1382:25)
      at Test.start (node:internal/test_runner/test:1242:17)

test at tests/page-identity-regressions.test.js:70:41
✖ F01 account change clears private form and blocks save after onShow (7.600577ms)
  AssertionError [ERR_ASSERTION]: Expected values to be strictly equal:

  '请输入菜品名称' !== ''

      at TestContext.<anonymous> (/workspace/scratch/cfdaa9512d5a/miniapp-experience-implementation-20261009/work/tests/page-identity-regressions.test.js:81:10)
      at async Test.run (node:internal/test_runner/test:1389:7)
      at async Test.processPendingSubtests (node:internal/test_runner/test:960:7) {
    generatedMessage: true,
    code: 'ERR_ASSERTION',
    actual: '请输入菜品名称',
    expected: '',
    operator: 'strictEqual',
    diff: 'simple'
  }

test at tests/page-identity-regressions.test.js:340:1
✖ F07 calendar recipe navigation passes plan and actual people to the real detail preview (3.396702ms)
  AssertionError [ERR_ASSERTION]: plan recipe link must exist
      at TestContext.<anonymous> (/workspace/scratch/cfdaa9512d5a/miniapp-experience-implementation-20261009/work/tests/page-identity-regressions.test.js:352:12)
      at Test.runInAsyncScope (node:async_hooks:227:14)
      at Test.run (node:internal/test_runner/test:1382:25)
      at Test.processPendingSubtests (node:internal/test_runner/test:960:18)
      at Test.postRun (node:internal/test_runner/test:1522:19)
      at Test.run (node:internal/test_runner/test:1447:12)
      at async Test.processPendingSubtests (node:internal/test_runner/test:960:7) {
    generatedMessage: false,
    code: 'ERR_ASSERTION',
    actual: undefined,
    expected: true,
    operator: '==',
    diff: 'simple'
  }

test at tests/v4-business-contracts.test.js:72:1
✖ actual editor retains historical indexes and sends changed selections through catalog ids (8.395082ms)
  /workspace/scratch/cfdaa9512d5a/miniapp-experience-implementation-20261009/work/tests/v4-business-contracts.test.js:82
      throw Error(name)
      ^

  Error: ../../utils/calendar-meal-presentation
      at require (/workspace/scratch/cfdaa9512d5a/miniapp-experience-implementation-20261009/work/tests/v4-business-contracts.test.js:82:11)
      at evalmachine.<anonymous>:5:34
      at Script.runInContext (node:vm:149:12)
      at Script.runInNewContext (node:vm:154:17)
      at Object.runInNewContext (node:vm:310:38)
      at TestContext.<anonymous> (/workspace/scratch/cfdaa9512d5a/miniapp-experience-implementation-20261009/work/tests/v4-business-contracts.test.js:84:6)
      at Test.runInAsyncScope (node:async_hooks:227:14)
      at Test.run (node:internal/test_runner/test:1382:25)
      at Test.processPendingSubtests (node:internal/test_runner/test:960:18)
      at Test.postRun (node:internal/test_runner/test:1522:19)
[
  {
    "check": "G1 audited UI contracts",
    "kind": "automated",
    "status": "failed",
    "evidence": [
      "tests/account-boundaries.test.js",
      "tests/api-account-retry.test.js",
      "tests/api-identity-success.test.js",
      "tests/assistant-history.test.js",
      "tests/calendar-actual-recovery.test.js",
      "tests/controlled-harness.test.js",
      "tests/detail-servings.test.js",
      "tests/diet-report-api.test.js",
      "tests/diet-report.test.js",
      "tests/dish-workspace-handoff.test.js",
      "tests/experience-actions.test.js",
      "tests/experience-calendar.test.js",
      "tests/experience-components.test.js",
      "tests/experience-composition.test.js",
      "tests/experience-diet-review.test.js",
      "tests/experience-journeys.test.js",
      "tests/experience-personal-recipes.test.js",
      "tests/experience-recipe-selection.test.js",
      "tests/experience-save-target.test.js",
      "tests/experience-shopping-list.test.js",
      "tests/experience-shopping-preview.test.js",
      "tests/favorite-meal-entry.test.js",
      "tests/frontend-workflow-regressions.test.js",
      "tests/history-workspace-target.test.js",
      "tests/legacy-meal-import.test.js",
      "tests/login-readiness.test.js",
      "tests/meal-actual-entry.test.js",
      "tests/meal-actual-identity.test.js",
      "tests/meal-cooking.test.js",
      "tests/meal-dates.test.js",
      "tests/meal-navigation-hierarchy.test.js",
      "tests/meal-workflow.test.js",
      "tests/meal-workspace.test.js",
      "tests/menu-workspace-handoff.test.js",
      "tests/page-contracts.test.js",
      "tests/page-identity-regressions.test.js",
      "tests/page-purpose-copy.test.js",
      "tests/personal-recipe-pages.test.js",
      "tests/personal-recipes.test.js",
      "tests/preference-scope.test.js",
      "tests/profile-entry-hierarchy.test.js",
      "tests/recipe-interaction-hierarchy.test.js",
      "tests/recipe-quality.test.js",
      "tests/shopping-capability-race.test.js",
      "tests/shopping-drafts.test.js",
      "tests/shopping-edit-intent.test.js",
      "tests/shopping-view-hierarchy.test.js",
      "tests/ui-assets.test.js",
      "tests/ui-components.test.js",
      "tests/ui-self-check.test.js",
      "tests/ui-state-presentation.test.js",
      "tests/v4-business-contracts.test.js",
      "tests/v4-local-features.test.js",
      "tests/workspace-controlled-flow.test.js",
      "tests/workspace-day-boundary.test.js",
      "tests/workspace-homepage.test.js",
      "tests/workspace-navigation.test.js",
      "tests/workspace-page.test.js",
      "tests/workspace-primary-action.test.js",
      "tests/workspace-requirements-sheet.test.js"
    ],
    "limitation": "Literal API receipts and WeChat stubs, not model/native tests."
  }
]
