✔ first use through tomorrow, shopping undo, own recipe and next menu application (64.472523ms)
✔ registered ordinary pages have accessible root scaling, including the startup log (1.493093ms)
✖ ordinary tappable views and text expose button semantics to assistive technology (1.54547ms)
✔ bounded acceptance verifier exists without model/default suite runners (0.228744ms)
ℹ tests 4
ℹ suites 0
ℹ pass 3
ℹ fail 1
ℹ cancelled 0
ℹ skipped 0
ℹ todo 0
ℹ duration_ms 149.218851

✖ failing tests:

test at tests/experience-journeys.test.js:92:1
✖ ordinary tappable views and text expose button semantics to assistive technology (1.54547ms)
  AssertionError [ERR_ASSERTION]: pages/index/index.wxml: <text class="ew-hit-target filter-more" bindtap="onOpenRecommendationFilter">
      at TestContext.<anonymous> (/workspace/scratch/cfdaa9512d5a/miniapp-experience-implementation-20261009/work/tests/experience-journeys.test.js:96:64)
      at Test.runInAsyncScope (node:async_hooks:227:14)
      at Test.run (node:internal/test_runner/test:1382:25)
      at Test.processPendingSubtests (node:internal/test_runner/test:960:18)
      at Test.postRun (node:internal/test_runner/test:1522:19)
      at Test.run (node:internal/test_runner/test:1447:12)
      at async Test.processPendingSubtests (node:internal/test_runner/test:960:7) {
    generatedMessage: false,
    code: 'ERR_ASSERTION',
    actual: '<text class="ew-hit-target filter-more" bindtap="onOpenRecommendationFilter">',
    expected: /aria-role="(?:button|checkbox|tab)"/,
    operator: 'match',
    diff: 'simple'
  }
